Archive member included to satisfy reference by file (symbol)

/mnt/c/Ubuntu/gcc-arm-none/bin/../lib/gcc/arm-none-eabi/6.3.1/libgcc.a(_arm_addsubdf3.o)
                              build-M482Lite/chip/emac.o (__aeabi_ui2d)
/mnt/c/Ubuntu/gcc-arm-none/bin/../lib/gcc/arm-none-eabi/6.3.1/libgcc.a(_arm_muldivdf3.o)
                              build-M482Lite/chip/emac.o (__aeabi_dmul)
/mnt/c/Ubuntu/gcc-arm-none/bin/../lib/gcc/arm-none-eabi/6.3.1/libgcc.a(_arm_fixunsdfsi.o)
                              build-M482Lite/chip/emac.o (__aeabi_d2uiz)
/mnt/c/Ubuntu/gcc-arm-none/bin/../lib/gcc/arm-none-eabi/6.3.1/libgcc.a(_aeabi_uldivmod.o)
                              build-M482Lite/chip/can.o (__aeabi_uldivmod)
/mnt/c/Ubuntu/gcc-arm-none/bin/../lib/gcc/arm-none-eabi/6.3.1/libgcc.a(_udivmoddi4.o)
                              /mnt/c/Ubuntu/gcc-arm-none/bin/../lib/gcc/arm-none-eabi/6.3.1/libgcc.a(_aeabi_uldivmod.o) (__udivmoddi4)
/mnt/c/Ubuntu/gcc-arm-none/bin/../lib/gcc/arm-none-eabi/6.3.1/libgcc.a(_dvmd_tls.o)
                              /mnt/c/Ubuntu/gcc-arm-none/bin/../lib/gcc/arm-none-eabi/6.3.1/libgcc.a(_aeabi_uldivmod.o) (__aeabi_ldiv0)
/mnt/c/Ubuntu/gcc-arm-none/bin/../lib/gcc/arm-none-eabi/6.3.1/libgcc.a(_clzdi2.o)
                              /mnt/c/Ubuntu/gcc-arm-none/bin/../lib/gcc/arm-none-eabi/6.3.1/libgcc.a(_udivmoddi4.o) (__clzdi2)
/mnt/c/Ubuntu/gcc-arm-none/bin/../lib/gcc/arm-none-eabi/6.3.1/libgcc.a(_clzsi2.o)
                              /mnt/c/Ubuntu/gcc-arm-none/bin/../lib/gcc/arm-none-eabi/6.3.1/libgcc.a(_clzdi2.o) (__clzsi2)
/mnt/c/Ubuntu/gcc-arm-none/bin/../lib/gcc/arm-none-eabi/6.3.1/../../../../arm-none-eabi/lib/libc.a(lib_a-exit.o)
                              /mnt/c/Ubuntu/gcc-arm-none/bin/../lib/gcc/arm-none-eabi/6.3.1/../../../../arm-none-eabi/lib/crt0.o (exit)
/mnt/c/Ubuntu/gcc-arm-none/bin/../lib/gcc/arm-none-eabi/6.3.1/../../../../arm-none-eabi/lib/libc.a(lib_a-impure.o)
                              /mnt/c/Ubuntu/gcc-arm-none/bin/../lib/gcc/arm-none-eabi/6.3.1/../../../../arm-none-eabi/lib/libc.a(lib_a-exit.o) (_global_impure_ptr)
/mnt/c/Ubuntu/gcc-arm-none/bin/../lib/gcc/arm-none-eabi/6.3.1/../../../../arm-none-eabi/lib/libc.a(lib_a-init.o)
                              /mnt/c/Ubuntu/gcc-arm-none/bin/../lib/gcc/arm-none-eabi/6.3.1/../../../../arm-none-eabi/lib/crt0.o (__libc_init_array)
/mnt/c/Ubuntu/gcc-arm-none/bin/../lib/gcc/arm-none-eabi/6.3.1/../../../../arm-none-eabi/lib/libc.a(lib_a-__call_atexit.o)
                              /mnt/c/Ubuntu/gcc-arm-none/bin/../lib/gcc/arm-none-eabi/6.3.1/../../../../arm-none-eabi/lib/libc.a(lib_a-exit.o) (__call_exitprocs)
/mnt/c/Ubuntu/gcc-arm-none/bin/../lib/gcc/arm-none-eabi/6.3.1/../../../../arm-none-eabi/lib/libc.a(lib_a-atexit.o)
                              /mnt/c/Ubuntu/gcc-arm-none/bin/../lib/gcc/arm-none-eabi/6.3.1/../../../../arm-none-eabi/lib/libc.a(lib_a-__call_atexit.o) (atexit)
/mnt/c/Ubuntu/gcc-arm-none/bin/../lib/gcc/arm-none-eabi/6.3.1/../../../../arm-none-eabi/lib/libc.a(lib_a-fini.o)
                              /mnt/c/Ubuntu/gcc-arm-none/bin/../lib/gcc/arm-none-eabi/6.3.1/../../../../arm-none-eabi/lib/libc.a(lib_a-__call_atexit.o) (__libc_fini_array)
/mnt/c/Ubuntu/gcc-arm-none/bin/../lib/gcc/arm-none-eabi/6.3.1/../../../../arm-none-eabi/lib/libc.a(lib_a-lock.o)
                              /mnt/c/Ubuntu/gcc-arm-none/bin/../lib/gcc/arm-none-eabi/6.3.1/../../../../arm-none-eabi/lib/libc.a(lib_a-__call_atexit.o) (__retarget_lock_acquire_recursive)
/mnt/c/Ubuntu/gcc-arm-none/bin/../lib/gcc/arm-none-eabi/6.3.1/../../../../arm-none-eabi/lib/libc.a(lib_a-__atexit.o)
                              /mnt/c/Ubuntu/gcc-arm-none/bin/../lib/gcc/arm-none-eabi/6.3.1/../../../../arm-none-eabi/lib/libc.a(lib_a-atexit.o) (__register_exitproc)

Allocating common symbols
Common symbol       size              file

__lock___atexit_recursive_mutex
                    0x1               /mnt/c/Ubuntu/gcc-arm-none/bin/../lib/gcc/arm-none-eabi/6.3.1/../../../../arm-none-eabi/lib/libc.a(lib_a-lock.o)
__lock___arc4random_mutex
                    0x1               /mnt/c/Ubuntu/gcc-arm-none/bin/../lib/gcc/arm-none-eabi/6.3.1/../../../../arm-none-eabi/lib/libc.a(lib_a-lock.o)
__lock___env_recursive_mutex
                    0x1               /mnt/c/Ubuntu/gcc-arm-none/bin/../lib/gcc/arm-none-eabi/6.3.1/../../../../arm-none-eabi/lib/libc.a(lib_a-lock.o)
__lock___sinit_recursive_mutex
                    0x1               /mnt/c/Ubuntu/gcc-arm-none/bin/../lib/gcc/arm-none-eabi/6.3.1/../../../../arm-none-eabi/lib/libc.a(lib_a-lock.o)
__lock___malloc_recursive_mutex
                    0x1               /mnt/c/Ubuntu/gcc-arm-none/bin/../lib/gcc/arm-none-eabi/6.3.1/../../../../arm-none-eabi/lib/libc.a(lib_a-lock.o)
__lock___at_quick_exit_mutex
                    0x1               /mnt/c/Ubuntu/gcc-arm-none/bin/../lib/gcc/arm-none-eabi/6.3.1/../../../../arm-none-eabi/lib/libc.a(lib_a-lock.o)
__lock___dd_hash_mutex
[...]
Memory Configuration

Name             Origin             Length             Attributes
ROM              0x0000000000000000 0x0000000000080000 axr
RAM              0x0000000020000000 0x0000000000020000 arw
*default*        0x0000000000000000 0xffffffffffffffff

Linker script and memory map

LOAD /mnt/c/Ubuntu/gcc-arm-none/bin/../lib/gcc/arm-none-eabi/6.3.1/crti.o
LOAD /mnt/c/Ubuntu/gcc-arm-none/bin/../lib/gcc/arm-none-eabi/6.3.1/crtbegin.o
LOAD /mnt/c/Ubuntu/gcc-arm-none/bin/../lib/gcc/arm-none-eabi/6.3.1/../../../../arm-none-eabi/lib/crt0.o
LOAD build-M482Lite/py/mpstate.o
LOAD build-M482Lite/py/nlr.o
LOAD build-M482Lite/py/nlrx86.o
LOAD build-M482Lite/py/nlrx64.o
LOAD build-M482Lite/py/nlrthumb.o
LOAD build-M482Lite/py/nlrxtensa.o
LOAD build-M482Lite/py/nlrsetjmp.o
LOAD build-M482Lite/py/malloc.o
LOAD build-M482Lite/py/gc.o
LOAD build-M482Lite/py/pystack.o
LOAD build-M482Lite/py/qstr.o
LOAD build-M482Lite/py/vstr.o
LOAD build-M482Lite/py/mpprint.o
LOAD build-M482Lite/py/unicode.o
LOAD build-M482Lite/py/mpz.o
LOAD build-M482Lite/py/reader.o
LOAD build-M482Lite/py/lexer.o
LOAD build-M482Lite/py/parse.o
LOAD build-M482Lite/py/scope.o
LOAD build-M482Lite/py/compile.o
LOAD build-M482Lite/py/emitcommon.o
LOAD build-M482Lite/py/emitbc.o
LOAD build-M482Lite/py/asmbase.o
LOAD build-M482Lite/py/asmx64.o
LOAD build-M482Lite/py/emitnx64.o
LOAD build-M482Lite/py/asmx86.o
LOAD build-M482Lite/py/emitnx86.o
LOAD build-M482Lite/py/asmthumb.o
LOAD build-M482Lite/py/emitnthumb.o
LOAD build-M482Lite/py/emitinlinethumb.o
LOAD build-M482Lite/py/asmarm.o
LOAD build-M482Lite/py/emitnarm.o
LOAD build-M482Lite/py/asmxtensa.o
LOAD build-M482Lite/py/emitnxtensa.o
LOAD build-M482Lite/py/emitinlinextensa.o
LOAD build-M482Lite/py/formatfloat.o
LOAD build-M482Lite/py/parsenumbase.o
LOAD build-M482Lite/py/parsenum.o
LOAD build-M482Lite/py/emitglue.o
LOAD build-M482Lite/py/persistentcode.o
LOAD build-M482Lite/py/runtime.o
LOAD build-M482Lite/py/runtime_utils.o
LOAD build-M482Lite/py/scheduler.o
LOAD build-M482Lite/py/nativeglue.o
LOAD build-M482Lite/py/stackctrl.o
LOAD build-M482Lite/py/argcheck.o
LOAD build-M482Lite/py/warning.o
LOAD build-M482Lite/py/map.o
LOAD build-M482Lite/py/obj.o
LOAD build-M482Lite/py/objarray.o
LOAD build-M482Lite/py/objattrtuple.o
LOAD build-M482Lite/py/objbool.o
LOAD build-M482Lite/py/objboundmeth.o
LOAD build-M482Lite/py/objcell.o
LOAD build-M482Lite/py/objclosure.o
LOAD build-M482Lite/py/objcomplex.o
LOAD build-M482Lite/py/objdeque.o
LOAD build-M482Lite/py/objdict.o
LOAD build-M482Lite/py/objenumerate.o
LOAD build-M482Lite/py/objexcept.o
LOAD build-M482Lite/py/objfilter.o
LOAD build-M482Lite/py/objfloat.o
LOAD build-M482Lite/py/objfun.o
LOAD build-M482Lite/py/objgenerator.o
LOAD build-M482Lite/py/objgetitemiter.o
LOAD build-M482Lite/py/objint.o
LOAD build-M482Lite/py/objint_longlong.o
LOAD build-M482Lite/py/objint_mpz.o
LOAD build-M482Lite/py/objlist.o
LOAD build-M482Lite/py/objmap.o
LOAD build-M482Lite/py/objmodule.o
LOAD build-M482Lite/py/objobject.o
LOAD build-M482Lite/py/objpolyiter.o
LOAD build-M482Lite/py/objproperty.o
LOAD build-M482Lite/py/objnone.o
LOAD build-M482Lite/py/objnamedtuple.o
LOAD build-M482Lite/py/objrange.o
LOAD build-M482Lite/py/objreversed.o
LOAD build-M482Lite/py/objset.o
LOAD build-M482Lite/py/objsingleton.o
LOAD build-M482Lite/py/objslice.o
LOAD build-M482Lite/py/objstr.o
LOAD build-M482Lite/py/objstrunicode.o
LOAD build-M482Lite/py/objstringio.o
LOAD build-M482Lite/py/objtuple.o
LOAD build-M482Lite/py/objtype.o
LOAD build-M482Lite/py/objzip.o
LOAD build-M482Lite/py/opmethods.o
LOAD build-M482Lite/py/sequence.o
LOAD build-M482Lite/py/stream.o
LOAD build-M482Lite/py/binary.o
LOAD build-M482Lite/py/builtinimport.o
LOAD build-M482Lite/py/builtinevex.o
LOAD build-M482Lite/py/builtinhelp.o
LOAD build-M482Lite/py/modarray.o
LOAD build-M482Lite/py/modbuiltins.o
LOAD build-M482Lite/py/modcollections.o
LOAD build-M482Lite/py/modgc.o
LOAD build-M482Lite/py/modio.o
LOAD build-M482Lite/py/modmath.o
LOAD build-M482Lite/py/modcmath.o
LOAD build-M482Lite/py/modmicropython.o
LOAD build-M482Lite/py/modstruct.o
LOAD build-M482Lite/py/modsys.o
LOAD build-M482Lite/py/moduerrno.o
LOAD build-M482Lite/py/modthread.o
LOAD build-M482Lite/py/vm.o
LOAD build-M482Lite/py/bc.o
LOAD build-M482Lite/py/showbc.o
LOAD build-M482Lite/py/repl.o
LOAD build-M482Lite/py/smallint.o
LOAD build-M482Lite/py/frozenmod.o
LOAD build-M482Lite/extmod/moductypes.o
LOAD build-M482Lite/extmod/modujson.o
LOAD build-M482Lite/extmod/modure.o
LOAD build-M482Lite/extmod/moduzlib.o
LOAD build-M482Lite/extmod/moduheapq.o
LOAD build-M482Lite/extmod/modutimeq.o
LOAD build-M482Lite/extmod/moduhashlib.o
LOAD build-M482Lite/extmod/moducryptolib.o
LOAD build-M482Lite/extmod/modubinascii.o
LOAD build-M482Lite/extmod/virtpin.o
LOAD build-M482Lite/extmod/machine_mem.o
LOAD build-M482Lite/extmod/machine_pinbase.o
LOAD build-M482Lite/extmod/machine_signal.o
LOAD build-M482Lite/extmod/machine_pulse.o
LOAD build-M482Lite/extmod/machine_i2c.o
LOAD build-M482Lite/extmod/machine_spi.o
LOAD build-M482Lite/extmod/modussl_axtls.o
LOAD build-M482Lite/extmod/modussl_mbedtls.o
LOAD build-M482Lite/extmod/modurandom.o
LOAD build-M482Lite/extmod/moduselect.o
LOAD build-M482Lite/extmod/modwebsocket.o
LOAD build-M482Lite/extmod/modwebrepl.o
LOAD build-M482Lite/extmod/modframebuf.o
LOAD build-M482Lite/extmod/vfs.o
LOAD build-M482Lite/extmod/vfs_reader.o
LOAD build-M482Lite/extmod/vfs_posix.o
LOAD build-M482Lite/extmod/vfs_posix_file.o
LOAD build-M482Lite/extmod/vfs_fat.o
LOAD build-M482Lite/extmod/vfs_fat_diskio.o
LOAD build-M482Lite/extmod/vfs_fat_file.o
LOAD build-M482Lite/extmod/utime_mphal.o
LOAD build-M482Lite/extmod/uos_dupterm.o
LOAD build-M482Lite/lib/embed/abort_.o
LOAD build-M482Lite/lib/utils/printf.o
LOAD build-M482Lite/main.o
LOAD build-M482Lite/mphalport.o
LOAD build-M482Lite/fatfs_port.o
LOAD build-M482Lite/mods/moduos.o
LOAD build-M482Lite/mods/modutime.o
LOAD build-M482Lite/mods/modmachine.o
LOAD build-M482Lite/mods/pybpin.o
LOAD build-M482Lite/mods/pybuart.o
LOAD build-M482Lite/mods/pybflash.o
LOAD build-M482Lite/mods/pybtimer.o
LOAD build-M482Lite/mods/pybspi.o
LOAD build-M482Lite/mods/pybi2c.o
LOAD build-M482Lite/mods/pybadc.o
LOAD build-M482Lite/mods/pybdac.o
LOAD build-M482Lite/mods/pybpwm.o
LOAD build-M482Lite/misc/bufhelper.o
LOAD build-M482Lite/misc/gccollect.o
LOAD build-M482Lite/chip/system_M480.o
LOAD build-M482Lite/chip/acmp.o
LOAD build-M482Lite/chip/bpwm.o
LOAD build-M482Lite/chip/can.o
LOAD build-M482Lite/chip/clk.o
LOAD build-M482Lite/chip/crc.o
LOAD build-M482Lite/chip/crypto.o
LOAD build-M482Lite/chip/dac.o
LOAD build-M482Lite/chip/eadc.o
LOAD build-M482Lite/chip/ebi.o
LOAD build-M482Lite/chip/ecap.o
LOAD build-M482Lite/chip/emac.o
LOAD build-M482Lite/chip/epwm.o
LOAD build-M482Lite/chip/fmc.o
LOAD build-M482Lite/chip/gpio.o
LOAD build-M482Lite/chip/hsusbd.o
LOAD build-M482Lite/chip/i2c.o
LOAD build-M482Lite/chip/i2s.o
LOAD build-M482Lite/chip/pdma.o
LOAD build-M482Lite/chip/qei.o
LOAD build-M482Lite/chip/qspi.o
LOAD build-M482Lite/chip/rtc.o
LOAD build-M482Lite/chip/sc.o
LOAD build-M482Lite/chip/scuart.o
LOAD build-M482Lite/chip/sdh.o
LOAD build-M482Lite/chip/spi.o
LOAD build-M482Lite/chip/spim.o
LOAD build-M482Lite/chip/sys.o
LOAD build-M482Lite/chip/timer.o
LOAD build-M482Lite/chip/timer_pwm.o
LOAD build-M482Lite/chip/uart.o
LOAD build-M482Lite/chip/usbd.o
LOAD build-M482Lite/chip/usci_i2c.o
LOAD build-M482Lite/chip/usci_spi.o
LOAD build-M482Lite/chip/usci_uart.o
LOAD build-M482Lite/chip/wdt.o
LOAD build-M482Lite/chip/wwdt.o
LOAD build-M482Lite/chip/boot/gcc/startup_M480.o
LOAD build-M482Lite/rtos/list.o
LOAD build-M482Lite/rtos/queue.o
LOAD build-M482Lite/rtos/tasks.o
LOAD build-M482Lite/rtos/timers.o
LOAD build-M482Lite/rtos/ports/ARM_CM4/port.o
LOAD build-M482Lite/rtos/ports/MemMang/heap_4.o
LOAD build-M482Lite/lib/oofatfs/ff.o
LOAD build-M482Lite/lib/oofatfs/option/unicode.o
LOAD build-M482Lite/lib/libc/string0.o
LOAD build-M482Lite/lib/mp-readline/readline.o
LOAD build-M482Lite/lib/timeutils/timeutils.o
LOAD build-M482Lite/lib/utils/pyexec.o
LOAD build-M482Lite/lib/utils/interrupt_char.o
LOAD build-M482Lite/lib/utils/sys_stdio_mphal.o
LOAD build-M482Lite/pins.o
START GROUP
LOAD /mnt/c/Ubuntu/gcc-arm-none/bin/../lib/gcc/arm-none-eabi/6.3.1/libgcc.a
LOAD /mnt/c/Ubuntu/gcc-arm-none/bin/../lib/gcc/arm-none-eabi/6.3.1/../../../../arm-none-eabi/lib/libc.a
END GROUP
LOAD /mnt/c/Ubuntu/gcc-arm-none/bin/../lib/gcc/arm-none-eabi/6.3.1/crtend.o
LOAD /mnt/c/Ubuntu/gcc-arm-none/bin/../lib/gcc/arm-none-eabi/6.3.1/crtn.o
                0x0000000000000000                . = ORIGIN (ROM)

.text           0x0000000000000000    0x4c144
 *(.vectors)
 .vectors       0x0000000000000000      0x1b8 build-M482Lite/chip/boot/gcc/startup_M480.o
                0x0000000000000000                __Vectors
 *(.text)
 .text          0x00000000000001b8       0x40 build-M482Lite/chip/boot/gcc/startup_M480.o
                0x00000000000001b8                Reset_Handler
                0x00000000000001f4                EPWM0P2_IRQHandler
                0x00000000000001f4                BRAKE0_IRQHandler
                0x00000000000001f4                ADC00_IRQHandler
                0x00000000000001f4                SC2_IRQHandler
                0x00000000000001f4                DebugMon_Handler
                0x00000000000001f4                EPWM1P2_IRQHandler
                0x00000000000001f4                ADC02_IRQHandler
                0x00000000000001f4                ACMP01_IRQHandler
                0x00000000000001f4                I2C0_IRQHandler
                0x00000000000001f4                HardFault_Handler
                0x00000000000001f4                EMAC_RX_IRQHandler
                0x00000000000001f4                SC0_IRQHandler
                0x00000000000001f4                USCI0_IRQHandler
                0x00000000000001f4                NMI_Handler
                0x00000000000001f4                I2C1_IRQHandler
                0x00000000000001f4                EINT2_IRQHandler
                0x00000000000001f4                CAN1_IRQHandler
                0x00000000000001f4                EINT3_IRQHandler
                0x00000000000001f4                I2S0_IRQHandler
                0x00000000000001f4                EINT6_IRQHandler
                0x00000000000001f4                EPWM1P1_IRQHandler
                0x00000000000001f4                BRAKE1_IRQHandler
                0x00000000000001f4                EPWM1P0_IRQHandler
                0x00000000000001f4                SDH1_IRQHandler
                0x00000000000001f4                USBD_IRQHandler
                0x00000000000001f4                UsageFault_Handler
                0x00000000000001f4                SPI1_IRQHandler
                0x00000000000001f4                TAMPER_IRQHandler
                0x00000000000001f4                USCI1_IRQHandler
                0x00000000000001f4                SDH0_IRQHandler
                0x00000000000001f4                QSPI0_IRQHandler
                0x00000000000001f4                EPWM0P1_IRQHandler
                0x00000000000001f4                IRC_IRQHandler
                0x00000000000001f4                I2C2_IRQHandler
                0x00000000000001f4                EINT7_IRQHandler
                0x00000000000001f4                RTC_IRQHandler
                0x00000000000001f4                PWRWU_IRQHandler
                0x00000000000001f4                BPWM1_IRQHandler
                0x00000000000001f4                EINT1_IRQHandler
                0x00000000000001f4                EHCI_IRQHandler
                0x00000000000001f4                OHCI_IRQHandler
                0x00000000000001f4                Default_Handler
                0x00000000000001f4                CKFAIL_IRQHandler
                0x00000000000001f4                USBOTG20_IRQHandler
                0x00000000000001f4                QEI1_IRQHandler
                0x00000000000001f4                SPIM_IRQHandler
                0x00000000000001f4                ECAP0_IRQHandler
                0x00000000000001f4                QEI0_IRQHandler
                0x00000000000001f4                BPWM0_IRQHandler
                0x00000000000001f4                BOD_IRQHandler
                0x00000000000001f4                SPI2_IRQHandler
                0x00000000000001f4                MemManage_Handler
                0x00000000000001f4                WDT_IRQHandler
                0x00000000000001f4                ADC01_IRQHandler
                0x00000000000001f4                USBOTG_IRQHandler
                0x00000000000001f4                OPA0_IRQHandler
                0x00000000000001f4                EINT4_IRQHandler
                0x00000000000001f4                USBD20_IRQHandler
                0x00000000000001f4                PDMA_IRQHandler
                0x00000000000001f4                SC1_IRQHandler
                0x00000000000001f4                RAMPE_IRQHandler
                0x00000000000001f4                EPWM0P0_IRQHandler
                0x00000000000001f4                EINT0_IRQHandler
                0x00000000000001f4                EINT5_IRQHandler
                0x00000000000001f4                CRYPTO_IRQHandler
                0x00000000000001f4                CAN0_IRQHandler
                0x00000000000001f4                DAC_IRQHandler
                0x00000000000001f4                EMAC_TX_IRQHandler
                0x00000000000001f4                SPI0_IRQHandler
                0x00000000000001f4                ECAP1_IRQHandler
                0x00000000000001f4                BusFault_Handler
                0x00000000000001f4                SPI3_IRQHandler
                0x00000000000001f4                ADC03_IRQHandler
                0x00000000000001f4                WWDT_IRQHandler
 *(.text*)
 .text.nlr_push_tail
                0x00000000000001f8       0x2c build-M482Lite/py/nlr.o
                0x00000000000001f8                nlr_push_tail
 .text.nlr_pop  0x0000000000000224       0x24 build-M482Lite/py/nlr.o
                0x0000000000000224                nlr_pop
 .text.nlr_push
                0x0000000000000248       0x24 build-M482Lite/py/nlrthumb.o
                0x0000000000000248                nlr_push
 .text.nlr_jump
                0x000000000000026c       0x3c build-M482Lite/py/nlrthumb.o
                0x000000000000026c                nlr_jump
 .text.m_malloc
                0x00000000000002a8       0x2e build-M482Lite/py/malloc.o
                0x00000000000002a8                m_malloc
 .text.m_malloc_maybe
                0x00000000000002d6       0x1c build-M482Lite/py/malloc.o
                0x00000000000002d6                m_malloc_maybe
 .text.m_malloc_with_finaliser
                0x00000000000002f2       0x2e build-M482Lite/py/malloc.o
                0x00000000000002f2                m_malloc_with_finaliser
 .text.m_malloc0
                0x0000000000000320       0x1a build-M482Lite/py/malloc.o
                0x0000000000000320                m_malloc0
 .text.m_realloc
                0x000000000000033a       0x32 build-M482Lite/py/malloc.o
                0x000000000000033a                m_realloc
 .text.m_realloc_maybe
                0x000000000000036c       0x26 build-M482Lite/py/malloc.o
                0x000000000000036c                m_realloc_maybe
 .text.m_free   0x0000000000000392       0x16 build-M482Lite/py/malloc.o
                0x0000000000000392                m_free
 .text.gc_mark_subtree
                0x00000000000003a8       0xb4 build-M482Lite/py/gc.o
 .text.gc_free.part.0
                0x000000000000045c       0xbc build-M482Lite/py/gc.o
 .text.gc_init  0x0000000000000518       0x8c build-M482Lite/py/gc.o
                0x0000000000000518                gc_init
 .text.gc_lock  0x00000000000005a4       0x14 build-M482Lite/py/gc.o
                0x00000000000005a4                gc_lock
 .text.gc_unlock
                0x00000000000005b8       0x14 build-M482Lite/py/gc.o
                0x00000000000005b8                gc_unlock
 .text.gc_is_locked
                0x00000000000005cc       0x14 build-M482Lite/py/gc.o
                0x00000000000005cc                gc_is_locked
 .text.gc_collect_start
                0x00000000000005e0       0x7c build-M482Lite/py/gc.o
                0x00000000000005e0                gc_collect_start
 .text.gc_collect_root
                0x000000000000065c       0x74 build-M482Lite/py/gc.o
                0x000000000000065c                gc_collect_root
 .text.gc_collect_end
                0x00000000000006d0      0x148 build-M482Lite/py/gc.o
                0x00000000000006d0                gc_collect_end
 .text.gc_info  0x0000000000000818       0xfc build-M482Lite/py/gc.o
                0x0000000000000818                gc_info
 .text.gc_alloc
                0x0000000000000914      0x1b4 build-M482Lite/py/gc.o
                0x0000000000000914                gc_alloc
 .text.gc_free  0x0000000000000ac8       0x14 build-M482Lite/py/gc.o
                0x0000000000000ac8                gc_free
 .text.gc_nbytes
                0x0000000000000adc       0x68 build-M482Lite/py/gc.o
                0x0000000000000adc                gc_nbytes
 .text.gc_realloc
                0x0000000000000b44      0x204 build-M482Lite/py/gc.o
                0x0000000000000b44                gc_realloc
 .text.gc_dump_info
                0x0000000000000d48       0x40 build-M482Lite/py/gc.o
                0x0000000000000d48                gc_dump_info
 .text.qstr_compute_hash
                0x0000000000000d88       0x56 build-M482Lite/py/qstr.o
                0x0000000000000d88                qstr_compute_hash
 *fill*         0x0000000000000dde        0x2 
 .text.qstr_init
                0x0000000000000de0       0x24 build-M482Lite/py/qstr.o
                0x0000000000000de0                qstr_init
 .text.find_qstr
                0x0000000000000e04       0x40 build-M482Lite/py/qstr.o
 .text.qstr_add
                0x0000000000000e44       0xa4 build-M482Lite/py/qstr.o
 .text.qstr_find_strn
                0x0000000000000ee8       0xa4 build-M482Lite/py/qstr.o
                0x0000000000000ee8                qstr_find_strn
 .text.qstr_from_str
                0x0000000000000f8c       0x22 build-M482Lite/py/qstr.o
                0x0000000000000f8c                qstr_from_str
 *fill*         0x0000000000000fae        0x2 
 .text.qstr_from_strn
                0x0000000000000fb0      0x17c build-M482Lite/py/qstr.o
                0x0000000000000fb0                qstr_from_strn
 .text.qstr_hash
                0x000000000000112c       0x1a build-M482Lite/py/qstr.o
                0x000000000000112c                qstr_hash
 .text.qstr_len
                0x0000000000001146       0x1e build-M482Lite/py/qstr.o
                0x0000000000001146                qstr_len
 .text.qstr_str
                0x0000000000001164       0x1c build-M482Lite/py/qstr.o
                0x0000000000001164                qstr_str
 .text.qstr_data
                0x0000000000001180       0x2a build-M482Lite/py/qstr.o
                0x0000000000001180                qstr_data
 *fill*         0x00000000000011aa        0x2 
 .text.qstr_pool_info
                0x00000000000011ac       0xc4 build-M482Lite/py/qstr.o
                0x00000000000011ac                qstr_pool_info
 .text.vstr_init
                0x0000000000001270       0x42 build-M482Lite/py/vstr.o
                0x0000000000001270                vstr_init
 .text.vstr_init_len
                0x00000000000012b2       0x24 build-M482Lite/py/vstr.o
                0x00000000000012b2                vstr_init_len
 .text.vstr_init_fixed_buf
                0x00000000000012d6       0x32 build-M482Lite/py/vstr.o
                0x00000000000012d6                vstr_init_fixed_buf
 .text.vstr_init_print
                0x0000000000001308       0x2c build-M482Lite/py/vstr.o
                0x0000000000001308                vstr_init_print
 .text.vstr_clear
                0x0000000000001334       0x34 build-M482Lite/py/vstr.o
                0x0000000000001334                vstr_clear
 .text.vstr_new
                0x0000000000001368       0x22 build-M482Lite/py/vstr.o
                0x0000000000001368                vstr_new
 .text.vstr_free
                0x000000000000138a       0x3a build-M482Lite/py/vstr.o
                0x000000000000138a                vstr_free
 .text.vstr_extend
                0x00000000000013c4       0x60 build-M482Lite/py/vstr.o
                0x00000000000013c4                vstr_extend
 .text.vstr_ensure_extra
                0x0000000000001424       0x68 build-M482Lite/py/vstr.o
 .text.vstr_add_len
                0x000000000000148c       0x34 build-M482Lite/py/vstr.o
                0x000000000000148c                vstr_add_len
 .text.vstr_null_terminated_str
                0x00000000000014c0       0x36 build-M482Lite/py/vstr.o
                0x00000000000014c0                vstr_null_terminated_str
 .text.vstr_add_byte
                0x00000000000014f6       0x24 build-M482Lite/py/vstr.o
                0x00000000000014f6                vstr_add_byte
 *fill*         0x000000000000151a        0x2 
 .text.vstr_add_char
                0x000000000000151c      0x138 build-M482Lite/py/vstr.o
                0x000000000000151c                vstr_add_char
 .text.vstr_add_str
                0x0000000000001654       0x24 build-M482Lite/py/vstr.o
                0x0000000000001654                vstr_add_str
 .text.vstr_add_strn
                0x0000000000001678       0x3c build-M482Lite/py/vstr.o
                0x0000000000001678                vstr_add_strn
 .text.vstr_ins_blank_bytes
                0x00000000000016b4       0x68 build-M482Lite/py/vstr.o
 .text.vstr_ins_byte
                0x000000000000171c       0x2a build-M482Lite/py/vstr.o
                0x000000000000171c                vstr_ins_byte
 .text.vstr_ins_char
                0x0000000000001746       0x28 build-M482Lite/py/vstr.o
                0x0000000000001746                vstr_ins_char
 .text.vstr_cut_tail_bytes
                0x000000000000176e       0x32 build-M482Lite/py/vstr.o
                0x000000000000176e                vstr_cut_tail_bytes
 .text.vstr_cut_out_bytes
                0x00000000000017a0       0x68 build-M482Lite/py/vstr.o
                0x00000000000017a0                vstr_cut_out_bytes
 .text.MP_OBJ_IS_SMALL_INT
                0x0000000000001808       0x22 build-M482Lite/py/mpprint.o
 .text.MP_OBJ_IS_OBJ
                0x000000000000182a       0x22 build-M482Lite/py/mpprint.o
 .text.plat_print_strn
                0x000000000000184c       0x1c build-M482Lite/py/mpprint.o
 .text.mp_print_str
                0x0000000000001868       0x30 build-M482Lite/py/mpprint.o
                0x0000000000001868                mp_print_str
 .text.mp_print_strn
                0x0000000000001898      0x130 build-M482Lite/py/mpprint.o
                0x0000000000001898                mp_print_strn
 .text.mp_print_int
                0x00000000000019c8      0x14e build-M482Lite/py/mpprint.o
 *fill*         0x0000000000001b16        0x2 
 .text.mp_print_mp_int
                0x0000000000001b18      0x388 build-M482Lite/py/mpprint.o
                0x0000000000001b18                mp_print_mp_int
 .text.mp_printf
                0x0000000000001ea0       0x2c build-M482Lite/py/mpprint.o
                0x0000000000001ea0                mp_printf
 .text.mp_vprintf
                0x0000000000001ecc      0x4e4 build-M482Lite/py/mpprint.o
                0x0000000000001ecc                mp_vprintf
 .text.utf8_get_char
                0x00000000000023b0       0x76 build-M482Lite/py/unicode.o
                0x00000000000023b0                utf8_get_char
 .text.utf8_next_char
                0x0000000000002426       0x2e build-M482Lite/py/unicode.o
                0x0000000000002426                utf8_next_char
 .text.utf8_ptr_to_index
                0x0000000000002454       0x3c build-M482Lite/py/unicode.o
                0x0000000000002454                utf8_ptr_to_index
 .text.utf8_charlen
                0x0000000000002490       0x44 build-M482Lite/py/unicode.o
                0x0000000000002490                utf8_charlen
 .text.unichar_isspace
                0x00000000000024d4       0x38 build-M482Lite/py/unicode.o
                0x00000000000024d4                unichar_isspace
 .text.unichar_isalpha
                0x000000000000250c       0x38 build-M482Lite/py/unicode.o
                0x000000000000250c                unichar_isalpha
 .text.unichar_isdigit
                0x0000000000002544       0x38 build-M482Lite/py/unicode.o
                0x0000000000002544                unichar_isdigit
 .text.unichar_isxdigit
                0x000000000000257c       0x38 build-M482Lite/py/unicode.o
                0x000000000000257c                unichar_isxdigit
 .text.unichar_isident
                0x00000000000025b4       0x40 build-M482Lite/py/unicode.o
                0x00000000000025b4                unichar_isident
 .text.unichar_isupper
                0x00000000000025f4       0x38 build-M482Lite/py/unicode.o
                0x00000000000025f4                unichar_isupper
 .text.unichar_islower
                0x000000000000262c       0x38 build-M482Lite/py/unicode.o
                0x000000000000262c                unichar_islower
 .text.unichar_tolower
                0x0000000000002664       0x24 build-M482Lite/py/unicode.o
                0x0000000000002664                unichar_tolower
 .text.unichar_toupper
                0x0000000000002688       0x24 build-M482Lite/py/unicode.o
                0x0000000000002688                unichar_toupper
 .text.unichar_xdigit_value
                0x00000000000026ac       0x2e build-M482Lite/py/unicode.o
                0x00000000000026ac                unichar_xdigit_value
 .text.utf8_check
                0x00000000000026da       0x92 build-M482Lite/py/unicode.o
                0x00000000000026da                utf8_check
 .text.mpz_is_zero
                0x000000000000276c       0x20 build-M482Lite/py/mpz.o
 .text.mpn_remove_trailing_zeros
                0x000000000000278c       0x3e build-M482Lite/py/mpz.o
 .text.mpn_cmp  0x00000000000027ca       0x86 build-M482Lite/py/mpz.o
 .text.mpn_shl  0x0000000000002850       0xfe build-M482Lite/py/mpz.o
 .text.mpn_shr  0x000000000000294e       0xa0 build-M482Lite/py/mpz.o
 .text.mpn_add  0x00000000000029ee       0xb6 build-M482Lite/py/mpz.o
 .text.mpn_sub  0x0000000000002aa4       0xa4 build-M482Lite/py/mpz.o
 .text.mpn_and_neg
                0x0000000000002b48       0xe6 build-M482Lite/py/mpz.o
 *fill*         0x0000000000002c2e        0x2 
 .text.mpn_or_neg
                0x0000000000002c30       0xf4 build-M482Lite/py/mpz.o
 .text.mpn_xor_neg
                0x0000000000002d24       0xb4 build-M482Lite/py/mpz.o
 .text.mpn_mul_dig_add_dig
                0x0000000000002dd8       0x76 build-M482Lite/py/mpz.o
 .text.mpn_mul  0x0000000000002e4e       0xac build-M482Lite/py/mpz.o
 .text.mpn_div  0x0000000000002efa      0x39c build-M482Lite/py/mpz.o
 .text.mpz_init_zero
                0x0000000000003296       0x3c build-M482Lite/py/mpz.o
                0x0000000000003296                mpz_init_zero
 .text.mpz_init_from_int
                0x00000000000032d2       0x20 build-M482Lite/py/mpz.o
                0x00000000000032d2                mpz_init_from_int
 .text.mpz_init_fixed_from_int
                0x00000000000032f2       0x4e build-M482Lite/py/mpz.o
                0x00000000000032f2                mpz_init_fixed_from_int
 .text.mpz_deinit
                0x0000000000003340       0x2e build-M482Lite/py/mpz.o
                0x0000000000003340                mpz_deinit
 .text.mpz_free
                0x000000000000336e       0x26 build-M482Lite/py/mpz.o
 .text.mpz_need_dig
                0x0000000000003394       0x84 build-M482Lite/py/mpz.o
 .text.mpz_clone
                0x0000000000003418       0xa8 build-M482Lite/py/mpz.o
 .text.mpz_set  0x00000000000034c0       0x4e build-M482Lite/py/mpz.o
                0x00000000000034c0                mpz_set
 .text.mpz_set_from_int
                0x000000000000350e       0x78 build-M482Lite/py/mpz.o
                0x000000000000350e                mpz_set_from_int
 .text.mpz_set_from_ll
                0x0000000000003586       0x92 build-M482Lite/py/mpz.o
                0x0000000000003586                mpz_set_from_ll
 .text.mpz_set_from_str
                0x0000000000003618       0xf4 build-M482Lite/py/mpz.o
                0x0000000000003618                mpz_set_from_str
 .text.mpz_set_from_bytes
                0x000000000000370c       0xd8 build-M482Lite/py/mpz.o
                0x000000000000370c                mpz_set_from_bytes
 .text.mpz_cmp  0x00000000000037e4       0x76 build-M482Lite/py/mpz.o
                0x00000000000037e4                mpz_cmp
 .text.mpz_abs_inpl
                0x000000000000385a       0x2c build-M482Lite/py/mpz.o
                0x000000000000385a                mpz_abs_inpl
 .text.mpz_neg_inpl
                0x0000000000003886       0x42 build-M482Lite/py/mpz.o
                0x0000000000003886                mpz_neg_inpl
 .text.mpz_not_inpl
                0x00000000000038c8       0xc6 build-M482Lite/py/mpz.o
                0x00000000000038c8                mpz_not_inpl
 .text.mpz_shl_inpl
                0x000000000000398e       0x6c build-M482Lite/py/mpz.o
                0x000000000000398e                mpz_shl_inpl
 .text.mpz_shr_inpl
                0x00000000000039fa      0x122 build-M482Lite/py/mpz.o
                0x00000000000039fa                mpz_shr_inpl
 .text.mpz_add_inpl
                0x0000000000003b1c       0xc6 build-M482Lite/py/mpz.o
                0x0000000000003b1c                mpz_add_inpl
 .text.mpz_sub_inpl
                0x0000000000003be2       0xf6 build-M482Lite/py/mpz.o
                0x0000000000003be2                mpz_sub_inpl
 .text.mpz_and_inpl
                0x0000000000003cd8       0xf2 build-M482Lite/py/mpz.o
                0x0000000000003cd8                mpz_and_inpl
 .text.mpz_or_inpl
                0x0000000000003dca       0xe4 build-M482Lite/py/mpz.o
                0x0000000000003dca                mpz_or_inpl
 .text.mpz_xor_inpl
                0x0000000000003eae       0xf6 build-M482Lite/py/mpz.o
                0x0000000000003eae                mpz_xor_inpl
 .text.mpz_mul_inpl
                0x0000000000003fa4       0xe4 build-M482Lite/py/mpz.o
                0x0000000000003fa4                mpz_mul_inpl
 .text.mpz_pow_inpl
                0x0000000000004088       0xb8 build-M482Lite/py/mpz.o
                0x0000000000004088                mpz_pow_inpl
 .text.mpz_divmod_inpl
                0x0000000000004140      0x100 build-M482Lite/py/mpz.o
                0x0000000000004140                mpz_divmod_inpl
 .text.mpz_hash
                0x0000000000004240       0x56 build-M482Lite/py/mpz.o
                0x0000000000004240                mpz_hash
 .text.mpz_as_int_checked
                0x0000000000004296       0x6a build-M482Lite/py/mpz.o
                0x0000000000004296                mpz_as_int_checked
 .text.mpz_as_bytes
                0x0000000000004300       0xe0 build-M482Lite/py/mpz.o
                0x0000000000004300                mpz_as_bytes
 .text.mpz_as_str_inpl
                0x00000000000043e0      0x220 build-M482Lite/py/mpz.o
                0x00000000000043e0                mpz_as_str_inpl
 .text.mp_reader_mem_readbyte
                0x0000000000004600       0x34 build-M482Lite/py/reader.o
 .text.mp_reader_mem_close
                0x0000000000004634       0x2c build-M482Lite/py/reader.o
 .text.mp_reader_new_mem
                0x0000000000004660       0x54 build-M482Lite/py/reader.o
                0x0000000000004660                mp_reader_new_mem
 .text.vstr_reset
                0x00000000000046b4       0x18 build-M482Lite/py/lexer.o
 .text.is_end   0x00000000000046cc       0x22 build-M482Lite/py/lexer.o
 .text.is_physical_newline
                0x00000000000046ee       0x20 build-M482Lite/py/lexer.o
 .text.is_char  0x000000000000470e       0x26 build-M482Lite/py/lexer.o
 .text.is_char_or
                0x0000000000004734       0x3a build-M482Lite/py/lexer.o
 .text.is_char_or3
                0x000000000000476e       0x4e build-M482Lite/py/lexer.o
 .text.is_char_following
                0x00000000000047bc       0x26 build-M482Lite/py/lexer.o
 .text.is_char_following_or
                0x00000000000047e2       0x3a build-M482Lite/py/lexer.o
 .text.is_char_following_following_or
                0x000000000000481c       0x3a build-M482Lite/py/lexer.o
 .text.is_char_and
                0x0000000000004856       0x3a build-M482Lite/py/lexer.o
 .text.is_whitespace
                0x0000000000004890       0x1c build-M482Lite/py/lexer.o
 .text.is_letter
                0x00000000000048ac       0x1c build-M482Lite/py/lexer.o
 .text.is_digit
                0x00000000000048c8       0x1c build-M482Lite/py/lexer.o
 .text.is_following_digit
                0x00000000000048e4       0x1c build-M482Lite/py/lexer.o
 .text.is_following_base_char
                0x0000000000004900       0x3a build-M482Lite/py/lexer.o
 .text.is_following_odigit
                0x000000000000493a       0x2e build-M482Lite/py/lexer.o
 .text.is_string_or_bytes
                0x0000000000004968       0x7e build-M482Lite/py/lexer.o
 .text.is_head_of_identifier
                0x00000000000049e6       0x38 build-M482Lite/py/lexer.o
 .text.is_tail_of_identifier
                0x0000000000004a1e       0x34 build-M482Lite/py/lexer.o
 .text.next_char
                0x0000000000004a52       0xba build-M482Lite/py/lexer.o
 .text.indent_push
                0x0000000000004b0c       0x5c build-M482Lite/py/lexer.o
 .text.indent_top
                0x0000000000004b68       0x26 build-M482Lite/py/lexer.o
 .text.indent_pop
                0x0000000000004b8e       0x1c build-M482Lite/py/lexer.o
 .text.get_hex  0x0000000000004baa       0x5e build-M482Lite/py/lexer.o
 .text.parse_string_literal
                0x0000000000004c08      0x448 build-M482Lite/py/lexer.o
 .text.skip_whitespace
                0x0000000000005050       0xce build-M482Lite/py/lexer.o
 *fill*         0x000000000000511e        0x2 
 .text.mp_lexer_to_next
                0x0000000000005120      0x624 build-M482Lite/py/lexer.o
                0x0000000000005120                mp_lexer_to_next
 .text.mp_lexer_new
                0x0000000000005744       0xbc build-M482Lite/py/lexer.o
                0x0000000000005744                mp_lexer_new
 .text.mp_lexer_new_from_str_len
                0x0000000000005800       0x32 build-M482Lite/py/lexer.o
                0x0000000000005800                mp_lexer_new_from_str_len
 .text.mp_lexer_new_from_file
                0x0000000000005832       0x2e build-M482Lite/py/lexer.o
                0x0000000000005832                mp_lexer_new_from_file
 .text.mp_lexer_free
                0x0000000000005860       0x3c build-M482Lite/py/lexer.o
                0x0000000000005860                mp_lexer_free
 .text.MP_OBJ_IS_SMALL_INT
                0x000000000000589c       0x22 build-M482Lite/py/parse.o
 .text.MP_OBJ_IS_OBJ
                0x00000000000058be       0x22 build-M482Lite/py/parse.o
 .text.mp_parse_node_new_small_int
                0x00000000000058e0       0x1a build-M482Lite/py/parse.o
 .text.mp_parse_node_new_leaf
                0x00000000000058fa       0x1c build-M482Lite/py/parse.o
 *fill*         0x0000000000005916        0x2 
 .text.get_rule_arg
                0x0000000000005918       0x3c build-M482Lite/py/parse.o
 .text.parser_alloc
                0x0000000000005954       0xd2 build-M482Lite/py/parse.o
 .text.push_rule
                0x0000000000005a26       0x7c build-M482Lite/py/parse.o
 *fill*         0x0000000000005aa2        0x2 
 .text.push_rule_from_arg
                0x0000000000005aa4       0x60 build-M482Lite/py/parse.o
 .text.pop_rule
                0x0000000000005b04       0x5c build-M482Lite/py/parse.o
 .text.mp_parse_node_is_const_false
                0x0000000000005b60       0x36 build-M482Lite/py/parse.o
                0x0000000000005b60                mp_parse_node_is_const_false
 .text.mp_parse_node_is_const_true
                0x0000000000005b96       0x36 build-M482Lite/py/parse.o
                0x0000000000005b96                mp_parse_node_is_const_true
 .text.mp_parse_node_get_int_maybe
                0x0000000000005bcc       0x98 build-M482Lite/py/parse.o
                0x0000000000005bcc                mp_parse_node_get_int_maybe
 .text.mp_parse_node_extract_list
                0x0000000000005c64       0x6a build-M482Lite/py/parse.o
                0x0000000000005c64                mp_parse_node_extract_list
 *fill*         0x0000000000005cce        0x2 
 .text.pop_result
                0x0000000000005cd0       0x4c build-M482Lite/py/parse.o
 .text.peek_result
                0x0000000000005d1c       0x50 build-M482Lite/py/parse.o
 .text.push_result_node
                0x0000000000005d6c       0x5c build-M482Lite/py/parse.o
 .text.make_node_const_object
                0x0000000000005dc8       0x34 build-M482Lite/py/parse.o
 .text.mp_parse_node_new_small_int_checked
                0x0000000000005dfc       0x20 build-M482Lite/py/parse.o
 .text.push_result_token
                0x0000000000005e1c      0x1d0 build-M482Lite/py/parse.o
 .text.fold_logical_constants
                0x0000000000005fec      0x14e build-M482Lite/py/parse.o
 *fill*         0x000000000000613a        0x2 
 .text.fold_constants
                0x000000000000613c      0x52c build-M482Lite/py/parse.o
 .text.push_result_rule
                0x0000000000006668       0xc8 build-M482Lite/py/parse.o
 .text.mp_parse
                0x0000000000006730      0x6f0 build-M482Lite/py/parse.o
                0x0000000000006730                mp_parse
 .text.mp_parse_tree_clear
                0x0000000000006e20       0x2e build-M482Lite/py/parse.o
                0x0000000000006e20                mp_parse_tree_clear
 *fill*         0x0000000000006e4e        0x2 
 .text.scope_new
                0x0000000000006e50       0xb4 build-M482Lite/py/scope.o
                0x0000000000006e50                scope_new
 .text.scope_free
                0x0000000000006f04       0x20 build-M482Lite/py/scope.o
                0x0000000000006f04                scope_free
 .text.scope_find_or_add_id
                0x0000000000006f24       0x96 build-M482Lite/py/scope.o
                0x0000000000006f24                scope_find_or_add_id
 .text.scope_find
                0x0000000000006fba       0x4c build-M482Lite/py/scope.o
                0x0000000000006fba                scope_find
 .text.scope_find_global
                0x0000000000007006       0x2c build-M482Lite/py/scope.o
                0x0000000000007006                scope_find_global
 *fill*         0x0000000000007032        0x2 
 .text.scope_close_over_in_parents
                0x0000000000007034       0xa4 build-M482Lite/py/scope.o
 .text.scope_find_local_and_close_over
                0x00000000000070d8       0x72 build-M482Lite/py/scope.o
                0x00000000000070d8                scope_find_local_and_close_over
 .text.mp_parse_node_new_small_int
                0x000000000000714a       0x1a build-M482Lite/py/compile.o
 .text.mp_local_free
                0x0000000000007164       0x12 build-M482Lite/py/compile.o
 .text.compile_error_set_line
                0x0000000000007176       0x34 build-M482Lite/py/compile.o
 *fill*         0x00000000000071aa        0x2 
 .text.compile_syntax_error
                0x00000000000071ac       0x38 build-M482Lite/py/compile.o
 .text.comp_next_label
                0x00000000000071e4       0x1c build-M482Lite/py/compile.o
 .text.compile_increase_except_level
                0x0000000000007200       0x36 build-M482Lite/py/compile.o
 *fill*         0x0000000000007236        0x2 
 .text.compile_decrease_except_level
                0x0000000000007238       0x3c build-M482Lite/py/compile.o
 .text.scope_new_and_link
                0x0000000000007274       0x64 build-M482Lite/py/compile.o
 .text.apply_to_single_or_list
                0x00000000000072d8       0x78 build-M482Lite/py/compile.o
 .text.compile_generic_all_nodes
                0x0000000000007350       0x5a build-M482Lite/py/compile.o
 *fill*         0x00000000000073aa        0x2 
 .text.compile_load_id
                0x00000000000073ac       0x3c build-M482Lite/py/compile.o
 .text.compile_store_id
                0x00000000000073e8       0x3c build-M482Lite/py/compile.o
 .text.compile_delete_id
                0x0000000000007424       0x3c build-M482Lite/py/compile.o
 .text.c_tuple  0x0000000000007460       0x76 build-M482Lite/py/compile.o
 .text.compile_generic_tuple
                0x00000000000074d6       0x1c build-M482Lite/py/compile.o
 *fill*         0x00000000000074f2        0x2 
 .text.c_if_cond
                0x00000000000074f4      0x21c build-M482Lite/py/compile.o
 .text.c_assign_atom_expr
                0x0000000000007710      0x1b0 build-M482Lite/py/compile.o
 .text.c_assign_tuple
                0x00000000000078c0      0x170 build-M482Lite/py/compile.o
 .text.c_assign
                0x0000000000007a30      0x218 build-M482Lite/py/compile.o
 .text.close_over_variables_etc
                0x0000000000007c48      0x12c build-M482Lite/py/compile.o
 .text.compile_funcdef_lambdef_param
                0x0000000000007d74      0x174 build-M482Lite/py/compile.o
 .text.compile_funcdef_lambdef
                0x0000000000007ee8       0xac build-M482Lite/py/compile.o
 .text.compile_funcdef_helper
                0x0000000000007f94       0x48 build-M482Lite/py/compile.o
 .text.compile_classdef_helper
                0x0000000000007fdc       0x90 build-M482Lite/py/compile.o
 .text.compile_built_in_decorator
                0x000000000000806c       0x74 build-M482Lite/py/compile.o
 .text.compile_decorated
                0x00000000000080e0      0x1b8 build-M482Lite/py/compile.o
 .text.compile_funcdef
                0x0000000000008298       0x2c build-M482Lite/py/compile.o
 .text.c_del_stmt
                0x00000000000082c4      0x28c build-M482Lite/py/compile.o
 .text.compile_del_stmt
                0x0000000000008550       0x24 build-M482Lite/py/compile.o
 .text.compile_break_cont_stmt
                0x0000000000008574       0x90 build-M482Lite/py/compile.o
 .text.compile_return_stmt
                0x0000000000008604       0x58 build-M482Lite/py/compile.o
 .text.compile_yield_stmt
                0x000000000000865c       0x28 build-M482Lite/py/compile.o
 .text.compile_raise_stmt
                0x0000000000008684       0x8c build-M482Lite/py/compile.o
 .text.do_import_name
                0x0000000000008710      0x1ec build-M482Lite/py/compile.o
 .text.compile_dotted_as_name
                0x00000000000088fc       0x42 build-M482Lite/py/compile.o
 *fill*         0x000000000000893e        0x2 
 .text.compile_import_name
                0x0000000000008940       0x24 build-M482Lite/py/compile.o
 .text.compile_import_from
                0x0000000000008964      0x280 build-M482Lite/py/compile.o
 .text.compile_declare_global
                0x0000000000008be4       0x58 build-M482Lite/py/compile.o
 .text.compile_declare_nonlocal
                0x0000000000008c3c       0x58 build-M482Lite/py/compile.o
 .text.compile_global_nonlocal_stmt
                0x0000000000008c94       0xc8 build-M482Lite/py/compile.o
 .text.compile_assert_stmt
                0x0000000000008d5c       0x84 build-M482Lite/py/compile.o
 .text.compile_if_stmt
                0x0000000000008de0      0x1b8 build-M482Lite/py/compile.o
 .text.compile_while_stmt
                0x0000000000008f98       0xe8 build-M482Lite/py/compile.o
 .text.compile_for_stmt_optimised_range
                0x0000000000009080      0x204 build-M482Lite/py/compile.o
 .text.compile_for_stmt
                0x0000000000009284      0x2a4 build-M482Lite/py/compile.o
 .text.compile_try_except
                0x0000000000009528      0x28c build-M482Lite/py/compile.o
 .text.compile_try_finally
                0x00000000000097b4       0xc8 build-M482Lite/py/compile.o
 .text.compile_try_stmt
                0x000000000000987c       0xec build-M482Lite/py/compile.o
 .text.compile_with_stmt_helper
                0x0000000000009968       0xd4 build-M482Lite/py/compile.o
 .text.compile_with_stmt
                0x0000000000009a3c       0x54 build-M482Lite/py/compile.o
 .text.compile_yield_from
                0x0000000000009a90       0x34 build-M482Lite/py/compile.o
 .text.compile_expr_stmt
                0x0000000000009ac4      0x354 build-M482Lite/py/compile.o
 .text.compile_test_if_expr
                0x0000000000009e18       0xbc build-M482Lite/py/compile.o
 .text.compile_lambdef
                0x0000000000009ed4       0x46 build-M482Lite/py/compile.o
 .text.compile_or_and_test
                0x0000000000009f1a       0x7c build-M482Lite/py/compile.o
 .text.compile_not_test_2
                0x0000000000009f96       0x2a build-M482Lite/py/compile.o
 .text.compile_comparison
                0x0000000000009fc0      0x22c build-M482Lite/py/compile.o
 .text.compile_star_expr
                0x000000000000a1ec       0x24 build-M482Lite/py/compile.o
 .text.compile_binary_op
                0x000000000000a210       0x64 build-M482Lite/py/compile.o
 .text.compile_term
                0x000000000000a274       0xf0 build-M482Lite/py/compile.o
 .text.compile_factor_2
                0x000000000000a364       0x74 build-M482Lite/py/compile.o
 .text.compile_atom_expr_normal
                0x000000000000a3d8      0x208 build-M482Lite/py/compile.o
 .text.compile_power
                0x000000000000a5e0       0x26 build-M482Lite/py/compile.o
 *fill*         0x000000000000a606        0x2 
 .text.compile_trailer_paren_helper
                0x000000000000a608      0x228 build-M482Lite/py/compile.o
 .text.compile_comprehension
                0x000000000000a830       0xd0 build-M482Lite/py/compile.o
 .text.compile_atom_paren
                0x000000000000a900      0x10c build-M482Lite/py/compile.o
 .text.compile_atom_bracket
                0x000000000000aa0c      0x144 build-M482Lite/py/compile.o
 .text.compile_atom_brace
                0x000000000000ab50      0x258 build-M482Lite/py/compile.o
 .text.compile_trailer_paren
                0x000000000000ada8       0x20 build-M482Lite/py/compile.o
 .text.compile_trailer_bracket
                0x000000000000adc8       0x2a build-M482Lite/py/compile.o
 .text.compile_trailer_period
                0x000000000000adf2       0x24 build-M482Lite/py/compile.o
 *fill*         0x000000000000ae16        0x2 
 .text.compile_subscript
                0x000000000000ae18      0x1cc build-M482Lite/py/compile.o
 .text.compile_dictorsetmaker_item
                0x000000000000afe4       0x2a build-M482Lite/py/compile.o
 .text.compile_classdef
                0x000000000000b00e       0x2c build-M482Lite/py/compile.o
 *fill*         0x000000000000b03a        0x2 
 .text.compile_yield_expr
                0x000000000000b03c       0xac build-M482Lite/py/compile.o
 .text.get_const_object
                0x000000000000b0e8       0x16 build-M482Lite/py/compile.o
 .text.compile_const_object
                0x000000000000b0fe       0x26 build-M482Lite/py/compile.o
 .text.compile_node
                0x000000000000b124      0x124 build-M482Lite/py/compile.o
 .text.compile_scope_func_lambda_param
                0x000000000000b248      0x21c build-M482Lite/py/compile.o
 .text.compile_scope_func_param
                0x000000000000b464       0x22 build-M482Lite/py/compile.o
 .text.compile_scope_lambda_param
                0x000000000000b486       0x22 build-M482Lite/py/compile.o
 .text.compile_scope_comp_iter
                0x000000000000b4a8      0x130 build-M482Lite/py/compile.o
 .text.check_for_doc_string
                0x000000000000b5d8       0x14 build-M482Lite/py/compile.o
 .text.compile_scope
                0x000000000000b5ec      0x530 build-M482Lite/py/compile.o
 .text.scope_compute_things
                0x000000000000bb1c      0x27c build-M482Lite/py/compile.o
 .text.mp_compile_to_raw_code
                0x000000000000bd98      0x186 build-M482Lite/py/compile.o
 .text.mp_compile
                0x000000000000bf1e       0x30 build-M482Lite/py/compile.o
                0x000000000000bf1e                mp_compile
 .text.mp_emit_common_get_id_for_load
                0x000000000000bf4e       0x32 build-M482Lite/py/emitcommon.o
                0x000000000000bf4e                mp_emit_common_get_id_for_load
 .text.mp_emit_common_get_id_for_modification
                0x000000000000bf80       0x56 build-M482Lite/py/emitcommon.o
                0x000000000000bf80                mp_emit_common_get_id_for_modification
 *fill*         0x000000000000bfd6        0x2 
 .text.mp_emit_common_id_op
                0x000000000000bfd8       0xb8 build-M482Lite/py/emitcommon.o
                0x000000000000bfd8                mp_emit_common_id_op
 .text.emit_bc_new
                0x000000000000c090       0x18 build-M482Lite/py/emitbc.o
                0x000000000000c090                emit_bc_new
 .text.emit_bc_set_max_num_labels
                0x000000000000c0a8       0x2a build-M482Lite/py/emitbc.o
                0x000000000000c0a8                emit_bc_set_max_num_labels
 .text.emit_bc_free
                0x000000000000c0d2       0x20 build-M482Lite/py/emitbc.o
                0x000000000000c0d2                emit_bc_free
 .text.emit_write_uint
                0x000000000000c0f2       0x7e build-M482Lite/py/emitbc.o
 .text.emit_get_cur_to_write_code_info
                0x000000000000c170       0x6c build-M482Lite/py/emitbc.o
 .text.emit_write_code_info_byte
                0x000000000000c1dc       0x22 build-M482Lite/py/emitbc.o
 *fill*         0x000000000000c1fe        0x2 
 .text.emit_write_code_info_uint
                0x000000000000c200       0x20 build-M482Lite/py/emitbc.o
 .text.emit_write_code_info_qstr
                0x000000000000c220       0x50 build-M482Lite/py/emitbc.o
 .text.emit_write_code_info_bytes_lines
                0x000000000000c270       0xec build-M482Lite/py/emitbc.o
 .text.emit_get_cur_to_write_bytecode
                0x000000000000c35c       0x74 build-M482Lite/py/emitbc.o
 .text.emit_write_bytecode_byte
                0x000000000000c3d0       0x24 build-M482Lite/py/emitbc.o
 .text.emit_write_bytecode_byte_byte
                0x000000000000c3f4       0x30 build-M482Lite/py/emitbc.o
 .text.emit_write_bytecode_byte_int
                0x000000000000c424       0xd2 build-M482Lite/py/emitbc.o
 *fill*         0x000000000000c4f6        0x2 
 .text.emit_write_bytecode_byte_uint
                0x000000000000c4f8       0x30 build-M482Lite/py/emitbc.o
 .text.emit_write_bytecode_byte_const
                0x000000000000c528       0x3a build-M482Lite/py/emitbc.o
 *fill*         0x000000000000c562        0x2 
 .text.emit_write_bytecode_byte_qstr
                0x000000000000c564       0x5c build-M482Lite/py/emitbc.o
 .text.emit_write_bytecode_byte_obj
                0x000000000000c5c0       0x40 build-M482Lite/py/emitbc.o
 .text.emit_write_bytecode_byte_raw_code
                0x000000000000c600       0x46 build-M482Lite/py/emitbc.o
 .text.emit_write_bytecode_byte_unsigned_label
                0x000000000000c646       0x60 build-M482Lite/py/emitbc.o
 .text.emit_write_bytecode_byte_signed_label
                0x000000000000c6a6       0x64 build-M482Lite/py/emitbc.o
 *fill*         0x000000000000c70a        0x2 
 .text.mp_emit_bc_start_pass
                0x000000000000c70c      0x1fc build-M482Lite/py/emitbc.o
                0x000000000000c70c                mp_emit_bc_start_pass
 .text.mp_emit_bc_end_pass
                0x000000000000c908       0xec build-M482Lite/py/emitbc.o
                0x000000000000c908                mp_emit_bc_end_pass
 .text.mp_emit_bc_last_emit_was_return_value
                0x000000000000c9f4       0x20 build-M482Lite/py/emitbc.o
                0x000000000000c9f4                mp_emit_bc_last_emit_was_return_value
 .text.mp_emit_bc_adjust_stack_size
                0x000000000000ca14       0x70 build-M482Lite/py/emitbc.o
                0x000000000000ca14                mp_emit_bc_adjust_stack_size
 .text.emit_bc_pre
                0x000000000000ca84       0x1a build-M482Lite/py/emitbc.o
 *fill*         0x000000000000ca9e        0x2 
 .text.mp_emit_bc_set_source_line
                0x000000000000caa0       0x5c build-M482Lite/py/emitbc.o
                0x000000000000caa0                mp_emit_bc_set_source_line
 .text.mp_emit_bc_label_assign
                0x000000000000cafc       0xac build-M482Lite/py/emitbc.o
                0x000000000000cafc                mp_emit_bc_label_assign
 .text.mp_emit_bc_import
                0x000000000000cba8       0x50 build-M482Lite/py/emitbc.o
                0x000000000000cba8                mp_emit_bc_import
 .text.mp_emit_bc_load_const_tok
                0x000000000000cbf8       0x78 build-M482Lite/py/emitbc.o
                0x000000000000cbf8                mp_emit_bc_load_const_tok
 .text.mp_emit_bc_load_const_small_int
                0x000000000000cc70       0x44 build-M482Lite/py/emitbc.o
                0x000000000000cc70                mp_emit_bc_load_const_small_int
 .text.mp_emit_bc_load_const_str
                0x000000000000ccb4       0x24 build-M482Lite/py/emitbc.o
                0x000000000000ccb4                mp_emit_bc_load_const_str
 .text.mp_emit_bc_load_const_obj
                0x000000000000ccd8       0x24 build-M482Lite/py/emitbc.o
                0x000000000000ccd8                mp_emit_bc_load_const_obj
 .text.mp_emit_bc_load_null
                0x000000000000ccfc       0x20 build-M482Lite/py/emitbc.o
                0x000000000000ccfc                mp_emit_bc_load_null
 .text.mp_emit_bc_load_local
                0x000000000000cd1c       0x4e build-M482Lite/py/emitbc.o
                0x000000000000cd1c                mp_emit_bc_load_local
 .text.mp_emit_bc_load_global
                0x000000000000cd6a       0x2e build-M482Lite/py/emitbc.o
                0x000000000000cd6a                mp_emit_bc_load_global
 .text.mp_emit_bc_load_method
                0x000000000000cd98       0x3c build-M482Lite/py/emitbc.o
                0x000000000000cd98                mp_emit_bc_load_method
 .text.mp_emit_bc_load_build_class
                0x000000000000cdd4       0x20 build-M482Lite/py/emitbc.o
                0x000000000000cdd4                mp_emit_bc_load_build_class
 .text.mp_emit_bc_subscr
                0x000000000000cdf4       0x50 build-M482Lite/py/emitbc.o
                0x000000000000cdf4                mp_emit_bc_subscr
 .text.mp_emit_bc_attr
                0x000000000000ce44       0x54 build-M482Lite/py/emitbc.o
                0x000000000000ce44                mp_emit_bc_attr
 .text.mp_emit_bc_store_local
                0x000000000000ce98       0x50 build-M482Lite/py/emitbc.o
                0x000000000000ce98                mp_emit_bc_store_local
 .text.mp_emit_bc_store_global
                0x000000000000cee8       0x30 build-M482Lite/py/emitbc.o
                0x000000000000cee8                mp_emit_bc_store_global
 .text.mp_emit_bc_delete_local
                0x000000000000cf18       0x28 build-M482Lite/py/emitbc.o
                0x000000000000cf18                mp_emit_bc_delete_local
 .text.mp_emit_bc_delete_global
                0x000000000000cf40       0x2e build-M482Lite/py/emitbc.o
                0x000000000000cf40                mp_emit_bc_delete_global
 .text.mp_emit_bc_dup_top
                0x000000000000cf6e       0x20 build-M482Lite/py/emitbc.o
                0x000000000000cf6e                mp_emit_bc_dup_top
 .text.mp_emit_bc_dup_top_two
                0x000000000000cf8e       0x20 build-M482Lite/py/emitbc.o
                0x000000000000cf8e                mp_emit_bc_dup_top_two
 .text.mp_emit_bc_pop_top
                0x000000000000cfae       0x22 build-M482Lite/py/emitbc.o
                0x000000000000cfae                mp_emit_bc_pop_top
 .text.mp_emit_bc_rot_two
                0x000000000000cfd0       0x20 build-M482Lite/py/emitbc.o
                0x000000000000cfd0                mp_emit_bc_rot_two
 .text.mp_emit_bc_rot_three
                0x000000000000cff0       0x20 build-M482Lite/py/emitbc.o
                0x000000000000cff0                mp_emit_bc_rot_three
 .text.mp_emit_bc_jump
                0x000000000000d010       0x24 build-M482Lite/py/emitbc.o
                0x000000000000d010                mp_emit_bc_jump
 .text.mp_emit_bc_pop_jump_if
                0x000000000000d034       0x3c build-M482Lite/py/emitbc.o
                0x000000000000d034                mp_emit_bc_pop_jump_if
 .text.mp_emit_bc_jump_if_or_pop
                0x000000000000d070       0x3c build-M482Lite/py/emitbc.o
                0x000000000000d070                mp_emit_bc_jump_if_or_pop
 .text.mp_emit_bc_unwind_jump
                0x000000000000d0ac       0x90 build-M482Lite/py/emitbc.o
                0x000000000000d0ac                mp_emit_bc_unwind_jump
 .text.mp_emit_bc_setup_block
                0x000000000000d13c       0x3e build-M482Lite/py/emitbc.o
                0x000000000000d13c                mp_emit_bc_setup_block
 .text.mp_emit_bc_with_cleanup
                0x000000000000d17a       0x42 build-M482Lite/py/emitbc.o
                0x000000000000d17a                mp_emit_bc_with_cleanup
 .text.mp_emit_bc_end_finally
                0x000000000000d1bc       0x22 build-M482Lite/py/emitbc.o
                0x000000000000d1bc                mp_emit_bc_end_finally
 .text.mp_emit_bc_get_iter
                0x000000000000d1de       0x3c build-M482Lite/py/emitbc.o
                0x000000000000d1de                mp_emit_bc_get_iter
 .text.mp_emit_bc_for_iter
                0x000000000000d21a       0x24 build-M482Lite/py/emitbc.o
                0x000000000000d21a                mp_emit_bc_for_iter
 .text.mp_emit_bc_for_iter_end
                0x000000000000d23e       0x1a build-M482Lite/py/emitbc.o
                0x000000000000d23e                mp_emit_bc_for_iter_end
 .text.mp_emit_bc_pop_block
                0x000000000000d258       0x20 build-M482Lite/py/emitbc.o
                0x000000000000d258                mp_emit_bc_pop_block
 .text.mp_emit_bc_pop_except
                0x000000000000d278       0x20 build-M482Lite/py/emitbc.o
                0x000000000000d278                mp_emit_bc_pop_except
 .text.mp_emit_bc_unary_op
                0x000000000000d298       0x2a build-M482Lite/py/emitbc.o
                0x000000000000d298                mp_emit_bc_unary_op
 .text.mp_emit_bc_binary_op
                0x000000000000d2c2       0x64 build-M482Lite/py/emitbc.o
                0x000000000000d2c2                mp_emit_bc_binary_op
 .text.mp_emit_bc_build
                0x000000000000d326       0x44 build-M482Lite/py/emitbc.o
                0x000000000000d326                mp_emit_bc_build
 .text.mp_emit_bc_store_map
                0x000000000000d36a       0x22 build-M482Lite/py/emitbc.o
                0x000000000000d36a                mp_emit_bc_store_map
 .text.mp_emit_bc_store_comp
                0x000000000000d38c       0x60 build-M482Lite/py/emitbc.o
                0x000000000000d38c                mp_emit_bc_store_comp
 .text.mp_emit_bc_unpack_sequence
                0x000000000000d3ec       0x28 build-M482Lite/py/emitbc.o
                0x000000000000d3ec                mp_emit_bc_unpack_sequence
 .text.mp_emit_bc_unpack_ex
                0x000000000000d414       0x34 build-M482Lite/py/emitbc.o
                0x000000000000d414                mp_emit_bc_unpack_ex
 .text.mp_emit_bc_make_function
                0x000000000000d448       0x52 build-M482Lite/py/emitbc.o
                0x000000000000d448                mp_emit_bc_make_function
 *fill*         0x000000000000d49a        0x2 
 .text.mp_emit_bc_make_closure
                0x000000000000d49c       0x94 build-M482Lite/py/emitbc.o
                0x000000000000d49c                mp_emit_bc_make_closure
 .text.emit_bc_call_function_method_helper
                0x000000000000d530       0x74 build-M482Lite/py/emitbc.o
 .text.mp_emit_bc_call_function
                0x000000000000d5a4       0x2a build-M482Lite/py/emitbc.o
                0x000000000000d5a4                mp_emit_bc_call_function
 .text.mp_emit_bc_call_method
                0x000000000000d5ce       0x2c build-M482Lite/py/emitbc.o
                0x000000000000d5ce                mp_emit_bc_call_method
 .text.mp_emit_bc_return_value
                0x000000000000d5fa       0x28 build-M482Lite/py/emitbc.o
                0x000000000000d5fa                mp_emit_bc_return_value
 *fill*         0x000000000000d622        0x2 
 .text.mp_emit_bc_raise_varargs
                0x000000000000d624       0x4c build-M482Lite/py/emitbc.o
                0x000000000000d624                mp_emit_bc_raise_varargs
 .text.mp_emit_bc_yield
                0x000000000000d670       0x40 build-M482Lite/py/emitbc.o
                0x000000000000d670                mp_emit_bc_yield
 .text.mp_emit_bc_start_except_handler
                0x000000000000d6b0       0x18 build-M482Lite/py/emitbc.o
                0x000000000000d6b0                mp_emit_bc_start_except_handler
 .text.mp_emit_bc_end_except_handler
                0x000000000000d6c8       0x1a build-M482Lite/py/emitbc.o
                0x000000000000d6c8                mp_emit_bc_end_except_handler
 .text.mp_parse_num_base
                0x000000000000d6e2      0x11a build-M482Lite/py/parsenumbase.o
                0x000000000000d6e2                mp_parse_num_base
 .text.raise_exc
                0x000000000000d7fc       0x30 build-M482Lite/py/parsenum.o
 .text.mp_parse_num_integer
                0x000000000000d82c      0x1d0 build-M482Lite/py/parsenum.o
                0x000000000000d82c                mp_parse_num_integer
 .text.mp_parse_num_decimal
                0x000000000000d9fc       0x30 build-M482Lite/py/parsenum.o
                0x000000000000d9fc                mp_parse_num_decimal
 .text.MP_OBJ_IS_OBJ
                0x000000000000da2c       0x22 build-M482Lite/py/emitglue.o
 .text.mp_emit_glue_new_raw_code
                0x000000000000da4e       0x24 build-M482Lite/py/emitglue.o
                0x000000000000da4e                mp_emit_glue_new_raw_code
 .text.mp_emit_glue_assign_bytecode
                0x000000000000da72       0x44 build-M482Lite/py/emitglue.o
                0x000000000000da72                mp_emit_glue_assign_bytecode
 *fill*         0x000000000000dab6        0x2 
 .text.mp_make_function_from_raw_code
                0x000000000000dab8       0xec build-M482Lite/py/emitglue.o
                0x000000000000dab8                mp_make_function_from_raw_code
 .text.mp_make_closure_from_raw_code
                0x000000000000dba4       0x5c build-M482Lite/py/emitglue.o
                0x000000000000dba4                mp_make_closure_from_raw_code
 .text.mp_small_int_bits
                0x000000000000dc00       0x30 build-M482Lite/py/persistentcode.o
 .text.extract_prelude
                0x000000000000dc30       0xa8 build-M482Lite/py/persistentcode.o
 .text.read_byte
                0x000000000000dcd8       0x1e build-M482Lite/py/persistentcode.o
 .text.read_bytes
                0x000000000000dcf6       0x38 build-M482Lite/py/persistentcode.o
 .text.read_uint
                0x000000000000dd2e       0x40 build-M482Lite/py/persistentcode.o
 .text.load_qstr
                0x000000000000dd6e       0x3c build-M482Lite/py/persistentcode.o
 *fill*         0x000000000000ddaa        0x2 
 .text.load_obj
                0x000000000000ddac       0xd0 build-M482Lite/py/persistentcode.o
 .text.load_bytecode_qstrs
                0x000000000000de7c       0x58 build-M482Lite/py/persistentcode.o
 .text.load_raw_code
                0x000000000000ded4      0x140 build-M482Lite/py/persistentcode.o
 .text.mp_raw_code_load
                0x000000000000e014       0x60 build-M482Lite/py/persistentcode.o
                0x000000000000e014                mp_raw_code_load
 .text.mp_raw_code_load_file
                0x000000000000e074       0x28 build-M482Lite/py/persistentcode.o
                0x000000000000e074                mp_raw_code_load_file
 .text.MP_OBJ_IS_SMALL_INT
                0x000000000000e09c       0x22 build-M482Lite/py/runtime.o
 .text.MP_OBJ_IS_QSTR
                0x000000000000e0be       0x22 build-M482Lite/py/runtime.o
 .text.MP_OBJ_IS_OBJ
                0x000000000000e0e0       0x22 build-M482Lite/py/runtime.o
 .text.MP_MAP_SLOT_IS_FILLED
                0x000000000000e102       0x40 build-M482Lite/py/runtime.o
 *fill*         0x000000000000e142        0x2 
 .text.mp_obj_new_bool
                0x000000000000e144       0x28 build-M482Lite/py/runtime.o
 .text.mp_obj_dict_get_map
                0x000000000000e16c       0x16 build-M482Lite/py/runtime.o
 .text.mp_obj_module_get_globals
                0x000000000000e182       0x16 build-M482Lite/py/runtime.o
 .text.mp_local_free
                0x000000000000e198       0x12 build-M482Lite/py/runtime.o
 .text.mp_nonlocal_alloc
                0x000000000000e1aa       0x18 build-M482Lite/py/runtime.o
 .text.mp_nonlocal_realloc
                0x000000000000e1c2       0x1e build-M482Lite/py/runtime.o
 .text.mp_nonlocal_free
                0x000000000000e1e0       0x18 build-M482Lite/py/runtime.o
 .text.mp_locals_get
                0x000000000000e1f8       0x14 build-M482Lite/py/runtime.o
 .text.mp_locals_set
                0x000000000000e20c       0x1c build-M482Lite/py/runtime.o
 .text.mp_globals_get
                0x000000000000e228       0x14 build-M482Lite/py/runtime.o
 .text.mp_globals_set
                0x000000000000e23c       0x1c build-M482Lite/py/runtime.o
 .text.mp_init  0x000000000000e258       0x8c build-M482Lite/py/runtime.o
                0x000000000000e258                mp_init
 .text.mp_load_name
                0x000000000000e2e4       0x4e build-M482Lite/py/runtime.o
                0x000000000000e2e4                mp_load_name
 *fill*         0x000000000000e332        0x2 
 .text.mp_load_global
                0x000000000000e334       0x94 build-M482Lite/py/runtime.o
                0x000000000000e334                mp_load_global
 .text.mp_load_build_class
                0x000000000000e3c8       0x40 build-M482Lite/py/runtime.o
                0x000000000000e3c8                mp_load_build_class
 .text.mp_store_name
                0x000000000000e408       0x26 build-M482Lite/py/runtime.o
                0x000000000000e408                mp_store_name
 .text.mp_delete_name
                0x000000000000e42e       0x26 build-M482Lite/py/runtime.o
                0x000000000000e42e                mp_delete_name
 .text.mp_store_global
                0x000000000000e454       0x26 build-M482Lite/py/runtime.o
                0x000000000000e454                mp_store_global
 .text.mp_delete_global
                0x000000000000e47a       0x26 build-M482Lite/py/runtime.o
                0x000000000000e47a                mp_delete_global
 .text.mp_unary_op
                0x000000000000e4a0      0x1d0 build-M482Lite/py/runtime.o
                0x000000000000e4a0                mp_unary_op
 .text.mp_binary_op
                0x000000000000e670      0x4c8 build-M482Lite/py/runtime.o
                0x000000000000e670                mp_binary_op
 .text.mp_call_function_0
                0x000000000000eb38       0x1e build-M482Lite/py/runtime.o
                0x000000000000eb38                mp_call_function_0
 .text.mp_call_function_1
                0x000000000000eb56       0x20 build-M482Lite/py/runtime.o
                0x000000000000eb56                mp_call_function_1
 *fill*         0x000000000000eb76        0x2 
 .text.mp_call_function_n_kw
                0x000000000000eb78       0x44 build-M482Lite/py/runtime.o
                0x000000000000eb78                mp_call_function_n_kw
 .text.mp_call_method_n_kw
                0x000000000000ebbc       0x48 build-M482Lite/py/runtime.o
                0x000000000000ebbc                mp_call_method_n_kw
 .text.mp_call_prepare_args_n_kw_var
                0x000000000000ec04      0x45c build-M482Lite/py/runtime.o
 .text.mp_call_method_n_kw_var
                0x000000000000f060       0x42 build-M482Lite/py/runtime.o
                0x000000000000f060                mp_call_method_n_kw_var
 *fill*         0x000000000000f0a2        0x2 
 .text.mp_unpack_sequence
                0x000000000000f0a4      0x10c build-M482Lite/py/runtime.o
                0x000000000000f0a4                mp_unpack_sequence
 .text.mp_unpack_ex
                0x000000000000f1b0      0x1e0 build-M482Lite/py/runtime.o
                0x000000000000f1b0                mp_unpack_ex
 .text.mp_load_attr
                0x000000000000f390       0x38 build-M482Lite/py/runtime.o
                0x000000000000f390                mp_load_attr
 .text.checked_fun_call
                0x000000000000f3c8       0x50 build-M482Lite/py/runtime.o
 .text.mp_obj_new_checked_fun
                0x000000000000f418       0x34 build-M482Lite/py/runtime.o
 .text.mp_convert_member_lookup
                0x000000000000f44c      0x148 build-M482Lite/py/runtime.o
                0x000000000000f44c                mp_convert_member_lookup
 .text.mp_load_method_maybe
                0x000000000000f594       0xd4 build-M482Lite/py/runtime.o
                0x000000000000f594                mp_load_method_maybe
 .text.mp_load_method
                0x000000000000f668       0x38 build-M482Lite/py/runtime.o
                0x000000000000f668                mp_load_method
 .text.mp_load_method_protected
                0x000000000000f6a0       0x68 build-M482Lite/py/runtime.o
                0x000000000000f6a0                mp_load_method_protected
 .text.mp_store_attr
                0x000000000000f708       0x50 build-M482Lite/py/runtime.o
                0x000000000000f708                mp_store_attr
 .text.mp_getiter
                0x000000000000f758       0xa8 build-M482Lite/py/runtime.o
                0x000000000000f758                mp_getiter
 .text.mp_iternext_allow_raise
                0x000000000000f800       0x5c build-M482Lite/py/runtime.o
                0x000000000000f800                mp_iternext_allow_raise
 .text.mp_iternext
                0x000000000000f85c       0x94 build-M482Lite/py/runtime.o
                0x000000000000f85c                mp_iternext
 .text.mp_resume
                0x000000000000f8f0      0x1cc build-M482Lite/py/runtime.o
                0x000000000000f8f0                mp_resume
 .text.mp_make_raise_obj
                0x000000000000fabc       0x50 build-M482Lite/py/runtime.o
                0x000000000000fabc                mp_make_raise_obj
 .text.mp_import_name
                0x000000000000fb0c       0x40 build-M482Lite/py/runtime.o
                0x000000000000fb0c                mp_import_name
 .text.mp_import_from
                0x000000000000fb4c      0x120 build-M482Lite/py/runtime.o
                0x000000000000fb4c                mp_import_from
 .text.mp_import_all
                0x000000000000fc6c       0x74 build-M482Lite/py/runtime.o
                0x000000000000fc6c                mp_import_all
 .text.mp_parse_compile_execute
                0x000000000000fce0       0xa0 build-M482Lite/py/runtime.o
                0x000000000000fce0                mp_parse_compile_execute
 .text.m_malloc_fail
                0x000000000000fd80       0x38 build-M482Lite/py/runtime.o
                0x000000000000fd80                m_malloc_fail
 .text.mp_raise_msg
                0x000000000000fdb8       0x2e build-M482Lite/py/runtime.o
                0x000000000000fdb8                mp_raise_msg
 *fill*         0x000000000000fde6        0x2 
 .text.mp_raise_ValueError
                0x000000000000fde8       0x14 build-M482Lite/py/runtime.o
                0x000000000000fde8                mp_raise_ValueError
 .text.mp_raise_TypeError
                0x000000000000fdfc       0x14 build-M482Lite/py/runtime.o
                0x000000000000fdfc                mp_raise_TypeError
 .text.mp_raise_OSError
                0x000000000000fe10       0x24 build-M482Lite/py/runtime.o
                0x000000000000fe10                mp_raise_OSError
 .text.mp_raise_NotImplementedError
                0x000000000000fe34       0x14 build-M482Lite/py/runtime.o
                0x000000000000fe34                mp_raise_NotImplementedError
 .text.mp_call_function_1_protected
                0x000000000000fe48       0x44 build-M482Lite/py/runtime_utils.o
                0x000000000000fe48                mp_call_function_1_protected
 .text.mp_stack_set_top
                0x000000000000fe8c       0x1c build-M482Lite/py/stackctrl.o
                0x000000000000fe8c                mp_stack_set_top
 .text.mp_arg_check_num
                0x000000000000fea8       0x58 build-M482Lite/py/argcheck.o
                0x000000000000fea8                mp_arg_check_num
 .text.mp_arg_parse_all
                0x000000000000ff00      0x15c build-M482Lite/py/argcheck.o
                0x000000000000ff00                mp_arg_parse_all
 .text.mp_arg_parse_all_kw_array
                0x000000000001005c       0x40 build-M482Lite/py/argcheck.o
                0x000000000001005c                mp_arg_parse_all_kw_array
 .text.mp_arg_error_terse_mismatch
                0x000000000001009c       0x10 build-M482Lite/py/argcheck.o
                0x000000000001009c                mp_arg_error_terse_mismatch
 .text.mp_arg_error_unimpl_kw
                0x00000000000100ac       0x10 build-M482Lite/py/argcheck.o
                0x00000000000100ac                mp_arg_error_unimpl_kw
 .text.MP_OBJ_IS_QSTR
                0x00000000000100bc       0x22 build-M482Lite/py/map.o
 .text.MP_OBJ_IS_OBJ
                0x00000000000100de       0x22 build-M482Lite/py/map.o
 .text.MP_SET_SLOT_IS_FILLED
                0x0000000000010100       0x40 build-M482Lite/py/map.o
 .text.get_hash_alloc_greater_or_equal_to
                0x0000000000010140       0x50 build-M482Lite/py/map.o
 .text.mp_map_init
                0x0000000000010190       0x66 build-M482Lite/py/map.o
                0x0000000000010190                mp_map_init
 .text.mp_map_init_fixed_table
                0x00000000000101f6       0x50 build-M482Lite/py/map.o
                0x00000000000101f6                mp_map_init_fixed_table
 .text.mp_map_deinit
                0x0000000000010246       0x38 build-M482Lite/py/map.o
                0x0000000000010246                mp_map_deinit
 .text.mp_map_clear
                0x000000000001027e       0x52 build-M482Lite/py/map.o
                0x000000000001027e                mp_map_clear
 .text.mp_map_rehash
                0x00000000000102d0       0xae build-M482Lite/py/map.o
 *fill*         0x000000000001037e        0x2 
 .text.mp_map_lookup
                0x0000000000010380      0x40c build-M482Lite/py/map.o
                0x0000000000010380                mp_map_lookup
 .text.mp_set_init
                0x000000000001078c       0x30 build-M482Lite/py/map.o
                0x000000000001078c                mp_set_init
 .text.mp_set_rehash
                0x00000000000107bc       0x90 build-M482Lite/py/map.o
 .text.mp_set_lookup
                0x000000000001084c      0x182 build-M482Lite/py/map.o
                0x000000000001084c                mp_set_lookup
 .text.mp_set_remove_first
                0x00000000000109ce       0x90 build-M482Lite/py/map.o
                0x00000000000109ce                mp_set_remove_first
 .text.mp_set_clear
                0x0000000000010a5e       0x2c build-M482Lite/py/map.o
                0x0000000000010a5e                mp_set_clear
 .text.MP_OBJ_IS_SMALL_INT
                0x0000000000010a8a       0x22 build-M482Lite/py/obj.o
 .text.MP_OBJ_IS_QSTR
                0x0000000000010aac       0x22 build-M482Lite/py/obj.o
 .text.MP_OBJ_IS_OBJ
                0x0000000000010ace       0x22 build-M482Lite/py/obj.o
 .text.mp_obj_get_type
                0x0000000000010af0       0x40 build-M482Lite/py/obj.o
                0x0000000000010af0                mp_obj_get_type
 .text.mp_obj_get_type_str
                0x0000000000010b30       0x22 build-M482Lite/py/obj.o
                0x0000000000010b30                mp_obj_get_type_str
 *fill*         0x0000000000010b52        0x2 
 .text.mp_obj_print_helper
                0x0000000000010b54       0x58 build-M482Lite/py/obj.o
                0x0000000000010b54                mp_obj_print_helper
 .text.mp_obj_print
                0x0000000000010bac       0x24 build-M482Lite/py/obj.o
                0x0000000000010bac                mp_obj_print
 .text.mp_obj_print_exception
                0x0000000000010bd0       0xec build-M482Lite/py/obj.o
                0x0000000000010bd0                mp_obj_print_exception
 .text.mp_obj_is_true
                0x0000000000010cbc       0xac build-M482Lite/py/obj.o
                0x0000000000010cbc                mp_obj_is_true
 .text.mp_obj_is_callable
                0x0000000000010d68       0x40 build-M482Lite/py/obj.o
                0x0000000000010d68                mp_obj_is_callable
 .text.mp_obj_equal
                0x0000000000010da8      0x114 build-M482Lite/py/obj.o
                0x0000000000010da8                mp_obj_equal
 .text.mp_obj_get_int
                0x0000000000010ebc       0x70 build-M482Lite/py/obj.o
                0x0000000000010ebc                mp_obj_get_int
 .text.mp_obj_get_int_truncated
                0x0000000000010f2c       0x48 build-M482Lite/py/obj.o
                0x0000000000010f2c                mp_obj_get_int_truncated
 .text.mp_obj_get_int_maybe
                0x0000000000010f74       0x80 build-M482Lite/py/obj.o
                0x0000000000010f74                mp_obj_get_int_maybe
 .text.mp_obj_get_array
                0x0000000000010ff4       0x6c build-M482Lite/py/obj.o
                0x0000000000010ff4                mp_obj_get_array
 .text.mp_obj_get_array_fixed_n
                0x0000000000011060       0x34 build-M482Lite/py/obj.o
                0x0000000000011060                mp_obj_get_array_fixed_n
 .text.mp_get_index
                0x0000000000011094       0xa0 build-M482Lite/py/obj.o
                0x0000000000011094                mp_get_index
 .text.mp_obj_id
                0x0000000000011134       0x4a build-M482Lite/py/obj.o
                0x0000000000011134                mp_obj_id
 *fill*         0x000000000001117e        0x2 
 .text.mp_obj_len
                0x0000000000011180       0x2c build-M482Lite/py/obj.o
                0x0000000000011180                mp_obj_len
 .text.mp_obj_len_maybe
                0x00000000000111ac       0x74 build-M482Lite/py/obj.o
                0x00000000000111ac                mp_obj_len_maybe
 .text.mp_obj_subscr
                0x0000000000011220       0x68 build-M482Lite/py/obj.o
                0x0000000000011220                mp_obj_subscr
 .text.mp_identity
                0x0000000000011288       0x14 build-M482Lite/py/obj.o
                0x0000000000011288                mp_identity
 .text.mp_identity_getiter
                0x000000000001129c       0x16 build-M482Lite/py/obj.o
                0x000000000001129c                mp_identity_getiter
 .text.mp_get_buffer
                0x00000000000112b2       0x42 build-M482Lite/py/obj.o
                0x00000000000112b2                mp_get_buffer
 .text.mp_get_buffer_raise
                0x00000000000112f4       0x34 build-M482Lite/py/obj.o
                0x00000000000112f4                mp_get_buffer_raise
 .text.mp_generic_unary_op
                0x0000000000011328       0x28 build-M482Lite/py/obj.o
                0x0000000000011328                mp_generic_unary_op
 .text.MP_OBJ_IS_SMALL_INT
                0x0000000000011350       0x22 build-M482Lite/py/objarray.o
 .text.MP_OBJ_IS_OBJ
                0x0000000000011372       0x22 build-M482Lite/py/objarray.o
 .text.mp_obj_new_bool
                0x0000000000011394       0x28 build-M482Lite/py/objarray.o
 .text.array_print
                0x00000000000113bc       0xc4 build-M482Lite/py/objarray.o
 .text.array_new
                0x0000000000011480       0x78 build-M482Lite/py/objarray.o
 .text.array_construct
                0x00000000000114f8      0x110 build-M482Lite/py/objarray.o
 .text.array_make_new
                0x0000000000011608       0x60 build-M482Lite/py/objarray.o
 .text.bytearray_make_new
                0x0000000000011668       0xa0 build-M482Lite/py/objarray.o
 .text.mp_obj_new_memoryview
                0x0000000000011708       0x48 build-M482Lite/py/objarray.o
                0x0000000000011708                mp_obj_new_memoryview
 .text.memoryview_make_new
                0x0000000000011750       0x82 build-M482Lite/py/objarray.o
 .text.array_unary_op
                0x00000000000117d2       0x4a build-M482Lite/py/objarray.o
 .text.array_binary_op
                0x000000000001181c      0x230 build-M482Lite/py/objarray.o
 .text.array_append
                0x0000000000011a4c      0x12c build-M482Lite/py/objarray.o
 .text.array_extend
                0x0000000000011b78      0x118 build-M482Lite/py/objarray.o
 .text.array_subscr
                0x0000000000011c90      0x400 build-M482Lite/py/objarray.o
 .text.array_get_buffer
                0x0000000000012090       0x94 build-M482Lite/py/objarray.o
 .text.array_it_iternext
                0x0000000000012124       0x56 build-M482Lite/py/objarray.o
 *fill*         0x000000000001217a        0x2 
 .text.array_iterator_new
                0x000000000001217c       0x58 build-M482Lite/py/objarray.o
 .text.mp_obj_attrtuple_print_helper
                0x00000000000121d4       0x80 build-M482Lite/py/objattrtuple.o
                0x00000000000121d4                mp_obj_attrtuple_print_helper
 .text.mp_obj_attrtuple_print
                0x0000000000012254       0x32 build-M482Lite/py/objattrtuple.o
 .text.mp_obj_attrtuple_attr
                0x0000000000012286       0x66 build-M482Lite/py/objattrtuple.o
 .text.mp_obj_new_bool
                0x00000000000122ec       0x28 build-M482Lite/py/objbool.o
 .text.bool_print
                0x0000000000012314       0x68 build-M482Lite/py/objbool.o
 .text.bool_make_new
                0x000000000001237c       0x48 build-M482Lite/py/objbool.o
 .text.bool_unary_op
                0x00000000000123c4       0x3a build-M482Lite/py/objbool.o
 .text.bool_binary_op
                0x00000000000123fe       0x32 build-M482Lite/py/objbool.o
 .text.mp_call_method_self_n_kw
                0x0000000000012430       0x96 build-M482Lite/py/objboundmeth.o
                0x0000000000012430                mp_call_method_self_n_kw
 .text.bound_meth_call
                0x00000000000124c6       0x30 build-M482Lite/py/objboundmeth.o
 *fill*         0x00000000000124f6        0x2 
 .text.mp_obj_new_bound_meth
                0x00000000000124f8       0x34 build-M482Lite/py/objboundmeth.o
                0x00000000000124f8                mp_obj_new_bound_meth
 .text.mp_obj_cell_get
                0x000000000001252c       0x1a build-M482Lite/py/objcell.o
                0x000000000001252c                mp_obj_cell_get
 .text.mp_obj_cell_set
                0x0000000000012546       0x1e build-M482Lite/py/objcell.o
                0x0000000000012546                mp_obj_cell_set
 .text.mp_obj_new_cell
                0x0000000000012564       0x2c build-M482Lite/py/objcell.o
                0x0000000000012564                mp_obj_new_cell
 .text.closure_call
                0x0000000000012590       0xd8 build-M482Lite/py/objclosure.o
 .text.mp_obj_new_closure
                0x0000000000012668       0x4c build-M482Lite/py/objclosure.o
                0x0000000000012668                mp_obj_new_closure
 .text.MP_OBJ_IS_OBJ
                0x00000000000126b4       0x22 build-M482Lite/py/objdict.o
 .text.MP_MAP_SLOT_IS_FILLED
                0x00000000000126d6       0x40 build-M482Lite/py/objdict.o
 *fill*         0x0000000000012716        0x2 
 .text.mp_obj_new_bool
                0x0000000000012718       0x28 build-M482Lite/py/objdict.o
 .text.dict_iter_next
                0x0000000000012740       0x58 build-M482Lite/py/objdict.o
 .text.dict_print
                0x0000000000012798       0xdc build-M482Lite/py/objdict.o
 .text.dict_make_new
                0x0000000000012874       0x7c build-M482Lite/py/objdict.o
 .text.dict_unary_op
                0x00000000000128f0       0x52 build-M482Lite/py/objdict.o
 *fill*         0x0000000000012942        0x2 
 .text.dict_binary_op
                0x0000000000012944      0x1e4 build-M482Lite/py/objdict.o
 .text.mp_obj_dict_get
                0x0000000000012b28       0x44 build-M482Lite/py/objdict.o
                0x0000000000012b28                mp_obj_dict_get
 .text.dict_subscr
                0x0000000000012b6c       0x70 build-M482Lite/py/objdict.o
 .text.mp_ensure_not_fixed
                0x0000000000012bdc       0x24 build-M482Lite/py/objdict.o
 .text.dict_clear
                0x0000000000012c00       0x2c build-M482Lite/py/objdict.o
 .text.dict_copy
                0x0000000000012c2c       0x86 build-M482Lite/py/objdict.o
 *fill*         0x0000000000012cb2        0x2 
 .text.dict_fromkeys
                0x0000000000012cb4       0x90 build-M482Lite/py/objdict.o
 .text.dict_get_helper
                0x0000000000012d44       0xa4 build-M482Lite/py/objdict.o
 .text.dict_get
                0x0000000000012de8       0x1e build-M482Lite/py/objdict.o
 .text.dict_pop
                0x0000000000012e06       0x1e build-M482Lite/py/objdict.o
 .text.dict_setdefault
                0x0000000000012e24       0x1e build-M482Lite/py/objdict.o
 *fill*         0x0000000000012e42        0x2 
 .text.dict_popitem
                0x0000000000012e44       0x88 build-M482Lite/py/objdict.o
 .text.dict_update
                0x0000000000012ecc      0x178 build-M482Lite/py/objdict.o
 .text.dict_view_it_iternext
                0x0000000000013044       0x62 build-M482Lite/py/objdict.o
 *fill*         0x00000000000130a6        0x2 
 .text.dict_view_getiter
                0x00000000000130a8       0x40 build-M482Lite/py/objdict.o
 .text.dict_view_print
                0x00000000000130e8       0x9c build-M482Lite/py/objdict.o
 .text.dict_view_binary_op
                0x0000000000013184       0x40 build-M482Lite/py/objdict.o
 .text.mp_obj_new_dict_view
                0x00000000000131c4       0x34 build-M482Lite/py/objdict.o
 .text.dict_view
                0x00000000000131f8       0x20 build-M482Lite/py/objdict.o
 .text.dict_items
                0x0000000000013218       0x1a build-M482Lite/py/objdict.o
 .text.dict_keys
                0x0000000000013232       0x1a build-M482Lite/py/objdict.o
 .text.dict_values
                0x000000000001324c       0x1a build-M482Lite/py/objdict.o
 *fill*         0x0000000000013266        0x2 
 .text.dict_getiter
                0x0000000000013268       0x38 build-M482Lite/py/objdict.o
 .text.mp_obj_dict_init
                0x00000000000132a0       0x28 build-M482Lite/py/objdict.o
                0x00000000000132a0                mp_obj_dict_init
 .text.mp_obj_new_dict
                0x00000000000132c8       0x22 build-M482Lite/py/objdict.o
                0x00000000000132c8                mp_obj_new_dict
 .text.mp_obj_dict_len
                0x00000000000132ea       0x1e build-M482Lite/py/objdict.o
                0x00000000000132ea                mp_obj_dict_len
 .text.mp_obj_dict_store
                0x0000000000013308       0x34 build-M482Lite/py/objdict.o
                0x0000000000013308                mp_obj_dict_store
 .text.mp_obj_dict_delete
                0x000000000001333c       0x2a build-M482Lite/py/objdict.o
                0x000000000001333c                mp_obj_dict_delete
 .text.MP_OBJ_IS_OBJ
                0x0000000000013366       0x22 build-M482Lite/py/objenumerate.o
 .text.enumerate_make_new
                0x0000000000013388       0x58 build-M482Lite/py/objenumerate.o
 .text.enumerate_iternext
                0x00000000000133e0       0x80 build-M482Lite/py/objenumerate.o
 .text.enable_irq
                0x0000000000013460       0x18 build-M482Lite/py/objexcept.o
 .text.disable_irq
                0x0000000000013478       0x1a build-M482Lite/py/objexcept.o
 .text.MP_OBJ_IS_SMALL_INT
                0x0000000000013492       0x22 build-M482Lite/py/objexcept.o
 .text.MP_OBJ_IS_OBJ
                0x00000000000134b4       0x22 build-M482Lite/py/objexcept.o
 *fill*         0x00000000000134d6        0x2 
 .text.mp_init_emergency_exception_buf
                0x00000000000134d8       0x20 build-M482Lite/py/objexcept.o
                0x00000000000134d8                mp_init_emergency_exception_buf
 .text.mp_alloc_emergency_exception_buf
                0x00000000000134f8       0x6c build-M482Lite/py/objexcept.o
                0x00000000000134f8                mp_alloc_emergency_exception_buf
 .text.mp_obj_exception_print
                0x0000000000013564      0x114 build-M482Lite/py/objexcept.o
                0x0000000000013564                mp_obj_exception_print
 .text.mp_obj_exception_make_new
                0x0000000000013678       0xc4 build-M482Lite/py/objexcept.o
                0x0000000000013678                mp_obj_exception_make_new
 .text.mp_obj_exception_get_value
                0x000000000001373c       0x30 build-M482Lite/py/objexcept.o
                0x000000000001373c                mp_obj_exception_get_value
 .text.mp_obj_exception_attr
                0x000000000001376c       0x80 build-M482Lite/py/objexcept.o
                0x000000000001376c                mp_obj_exception_attr
 .text.mp_obj_new_exception
                0x00000000000137ec       0x1c build-M482Lite/py/objexcept.o
                0x00000000000137ec                mp_obj_new_exception
 .text.mp_obj_new_exception_arg1
                0x0000000000013808       0x20 build-M482Lite/py/objexcept.o
                0x0000000000013808                mp_obj_new_exception_arg1
 .text.mp_obj_new_exception_args
                0x0000000000013828       0x4c build-M482Lite/py/objexcept.o
                0x0000000000013828                mp_obj_new_exception_args
 .text.mp_obj_new_exception_msg
                0x0000000000013874       0x1c build-M482Lite/py/objexcept.o
                0x0000000000013874                mp_obj_new_exception_msg
 .text.exc_add_strn
                0x0000000000013890       0xa4 build-M482Lite/py/objexcept.o
 .text.mp_obj_new_exception_msg_varg
                0x0000000000013934      0x17c build-M482Lite/py/objexcept.o
                0x0000000000013934                mp_obj_new_exception_msg_varg
 .text.mp_obj_is_exception_type
                0x0000000000013ab0       0x50 build-M482Lite/py/objexcept.o
                0x0000000000013ab0                mp_obj_is_exception_type
 .text.mp_obj_is_exception_instance
                0x0000000000013b00       0x20 build-M482Lite/py/objexcept.o
                0x0000000000013b00                mp_obj_is_exception_instance
 .text.mp_obj_exception_match
                0x0000000000013b20       0x30 build-M482Lite/py/objexcept.o
                0x0000000000013b20                mp_obj_exception_match
 .text.mp_obj_exception_clear_traceback
                0x0000000000013b50       0x5c build-M482Lite/py/objexcept.o
                0x0000000000013b50                mp_obj_exception_clear_traceback
 .text.mp_obj_exception_add_traceback
                0x0000000000013bac      0x12c build-M482Lite/py/objexcept.o
                0x0000000000013bac                mp_obj_exception_add_traceback
 .text.mp_obj_exception_get_traceback
                0x0000000000013cd8       0x84 build-M482Lite/py/objexcept.o
                0x0000000000013cd8                mp_obj_exception_get_traceback
 .text.filter_make_new
                0x0000000000013d5c       0x52 build-M482Lite/py/objfilter.o
 *fill*         0x0000000000013dae        0x2 
 .text.filter_iternext
                0x0000000000013db0       0x64 build-M482Lite/py/objfilter.o
 .text.MP_OBJ_IS_OBJ
                0x0000000000013e14       0x22 build-M482Lite/py/objfun.o
 *fill*         0x0000000000013e36        0x2 
 .text.mp_globals_get
                0x0000000000013e38       0x14 build-M482Lite/py/objfun.o
 .text.mp_globals_set
                0x0000000000013e4c       0x1c build-M482Lite/py/objfun.o
 .text.fun_builtin_0_call
                0x0000000000013e68       0x64 build-M482Lite/py/objfun.o
 .text.fun_builtin_1_call
                0x0000000000013ecc       0x6c build-M482Lite/py/objfun.o
 .text.fun_builtin_2_call
                0x0000000000013f38       0x70 build-M482Lite/py/objfun.o
 .text.fun_builtin_3_call
                0x0000000000013fa8       0x74 build-M482Lite/py/objfun.o
 .text.fun_builtin_var_call
                0x000000000001401c       0xb4 build-M482Lite/py/objfun.o
 .text.mp_obj_code_get_name
                0x00000000000140d0       0x28 build-M482Lite/py/objfun.o
                0x00000000000140d0                mp_obj_code_get_name
 .text.mp_obj_fun_get_name
                0x00000000000140f8       0x4a build-M482Lite/py/objfun.o
                0x00000000000140f8                mp_obj_fun_get_name
 *fill*         0x0000000000014142        0x2 
 .text.fun_bc_print
                0x0000000000014144       0x30 build-M482Lite/py/objfun.o
 .text.fun_bc_call
                0x0000000000014174      0x124 build-M482Lite/py/objfun.o
 .text.mp_obj_new_fun_bc
                0x0000000000014298       0xd4 build-M482Lite/py/objfun.o
                0x0000000000014298                mp_obj_new_fun_bc
 .text.mp_globals_get
                0x000000000001436c       0x14 build-M482Lite/py/objgenerator.o
 .text.mp_globals_set
                0x0000000000014380       0x1c build-M482Lite/py/objgenerator.o
 .text.gen_wrap_call
                0x000000000001439c       0x84 build-M482Lite/py/objgenerator.o
 .text.gen_instance_print
                0x0000000000014420       0x34 build-M482Lite/py/objgenerator.o
 .text.mp_obj_gen_resume
                0x0000000000014454      0x120 build-M482Lite/py/objgenerator.o