Archive member included to satisfy reference by file (symbol)

/mnt/c/Ubuntu/gcc-arm-none/bin/../lib/gcc/arm-none-eabi/6.3.1/../../../../arm-none-eabi/lib/libc.a(lib_a-exit.o)
                              /mnt/c/Ubuntu/gcc-arm-none/bin/../lib/gcc/arm-none-eabi/6.3.1/../../../../arm-none-eabi/lib/crt0.o (exit)
/mnt/c/Ubuntu/gcc-arm-none/bin/../lib/gcc/arm-none-eabi/6.3.1/../../../../arm-none-eabi/lib/libc.a(lib_a-impure.o)
                              /mnt/c/Ubuntu/gcc-arm-none/bin/../lib/gcc/arm-none-eabi/6.3.1/../../../../arm-none-eabi/lib/libc.a(lib_a-exit.o) (_global_impure_ptr)
/mnt/c/Ubuntu/gcc-arm-none/bin/../lib/gcc/arm-none-eabi/6.3.1/../../../../arm-none-eabi/lib/libc.a(lib_a-init.o)
                              /mnt/c/Ubuntu/gcc-arm-none/bin/../lib/gcc/arm-none-eabi/6.3.1/../../../../arm-none-eabi/lib/crt0.o (__libc_init_array)
/mnt/c/Ubuntu/gcc-arm-none/bin/../lib/gcc/arm-none-eabi/6.3.1/../../../../arm-none-eabi/lib/libc.a(lib_a-__call_atexit.o)
                              /mnt/c/Ubuntu/gcc-arm-none/bin/../lib/gcc/arm-none-eabi/6.3.1/../../../../arm-none-eabi/lib/libc.a(lib_a-exit.o) (__call_exitprocs)
/mnt/c/Ubuntu/gcc-arm-none/bin/../lib/gcc/arm-none-eabi/6.3.1/../../../../arm-none-eabi/lib/libc.a(lib_a-atexit.o)
                              /mnt/c/Ubuntu/gcc-arm-none/bin/../lib/gcc/arm-none-eabi/6.3.1/../../../../arm-none-eabi/lib/libc.a(lib_a-__call_atexit.o) (atexit)
/mnt/c/Ubuntu/gcc-arm-none/bin/../lib/gcc/arm-none-eabi/6.3.1/../../../../arm-none-eabi/lib/libc.a(lib_a-fini.o)
                              /mnt/c/Ubuntu/gcc-arm-none/bin/../lib/gcc/arm-none-eabi/6.3.1/../../../../arm-none-eabi/lib/libc.a(lib_a-__call_atexit.o) (__libc_fini_array)
/mnt/c/Ubuntu/gcc-arm-none/bin/../lib/gcc/arm-none-eabi/6.3.1/../../../../arm-none-eabi/lib/libc.a(lib_a-lock.o)
                              /mnt/c/Ubuntu/gcc-arm-none/bin/../lib/gcc/arm-none-eabi/6.3.1/../../../../arm-none-eabi/lib/libc.a(lib_a-__call_atexit.o) (__retarget_lock_acquire_recursive)
/mnt/c/Ubuntu/gcc-arm-none/bin/../lib/gcc/arm-none-eabi/6.3.1/../../../../arm-none-eabi/lib/libc.a(lib_a-__atexit.o)
                              /mnt/c/Ubuntu/gcc-arm-none/bin/../lib/gcc/arm-none-eabi/6.3.1/../../../../arm-none-eabi/lib/libc.a(lib_a-atexit.o) (__register_exitproc)

Allocating common symbols
Common symbol       size              file

__lock___atexit_recursive_mutex
                    0x1               /mnt/c/Ubuntu/gcc-arm-none/bin/../lib/gcc/arm-none-eabi/6.3.1/../../../../arm-none-eabi/lib/libc.a(lib_a-lock.o)
__lock___arc4random_mutex
                    0x1               /mnt/c/Ubuntu/gcc-arm-none/bin/../lib/gcc/arm-none-eabi/6.3.1/../../../../arm-none-eabi/lib/libc.a(lib_a-lock.o)
__lock___env_recursive_mutex
                    0x1               /mnt/c/Ubuntu/gcc-arm-none/bin/../lib/gcc/arm-none-eabi/6.3.1/../../../../arm-none-eabi/lib/libc.a(lib_a-lock.o)
__lock___sinit_recursive_mutex
                    0x1               /mnt/c/Ubuntu/gcc-arm-none/bin/../lib/gcc/arm-none-eabi/6.3.1/../../../../arm-none-eabi/lib/libc.a(lib_a-lock.o)
__lock___malloc_recursive_mutex
                    0x1               /mnt/c/Ubuntu/gcc-arm-none/bin/../lib/gcc/arm-none-eabi/6.3.1/../../../../arm-none-eabi/lib/libc.a(lib_a-lock.o)
__lock___at_quick_exit_mutex
                    0x1               /mnt/c/Ubuntu/gcc-arm-none/bin/../lib/gcc/arm-none-eabi/6.3.1/../../../../arm-none-eabi/lib/libc.a(lib_a-lock.o)
__lock___dd_hash_mutex
                    0x1               /mnt/c/Ubuntu/gcc-arm-none/bin/../lib/gcc/arm-none-eabi/6.3.1/../../../../arm-none-eabi/lib/libc.a(lib_a-lock.o)
__lock___tz_mutex   0x1               /mnt/c/Ubuntu/gcc-arm-none/bin/../lib/gcc/arm-none-eabi/6.3.1/../../../../arm-none-eabi/lib/libc.a(lib_a-lock.o)
__lock___sfp_recursive_mutex
                    0x1               /mnt/c/Ubuntu/gcc-arm-none/bin/../lib/gcc/arm-none-eabi/6.3.1/../../../../arm-none-eabi/lib/libc.a(lib_a-lock.o)

Discarded input sections

 .text          0x0000000000000000        0x0 /mnt/c/Ubuntu/gcc-arm-none/bin/../lib/gcc/arm-none-eabi/6.3.1/crti.o
 .data          0x0000000000000000        0x0 /mnt/c/Ubuntu/gcc-arm-none/bin/../lib/gcc/arm-none-eabi/6.3.1/crti.o
 .bss           0x0000000000000000        0x0 /mnt/c/Ubuntu/gcc-arm-none/bin/../lib/gcc/arm-none-eabi/6.3.1/crti.o
 .text          0x0000000000000000       0xbc /mnt/c/Ubuntu/gcc-arm-none/bin/../lib/gcc/arm-none-eabi/6.3.1/crtbegin.o
 .data          0x0000000000000000        0x4 /mnt/c/Ubuntu/gcc-arm-none/bin/../lib/gcc/arm-none-eabi/6.3.1/crtbegin.o
 .bss           0x0000000000000000       0x1c /mnt/c/Ubuntu/gcc-arm-none/bin/../lib/gcc/arm-none-eabi/6.3.1/crtbegin.o
 .init_array    0x0000000000000000        0x4 /mnt/c/Ubuntu/gcc-arm-none/bin/../lib/gcc/arm-none-eabi/6.3.1/crtbegin.o
 .fini_array    0x0000000000000000        0x4 /mnt/c/Ubuntu/gcc-arm-none/bin/../lib/gcc/arm-none-eabi/6.3.1/crtbegin.o
[...]
Memory Configuration

Name             Origin             Length             Attributes
ROM              0x0000000000000000 0x0000000000080000 axr
RAM              0x0000000020000000 0x0000000000020000 arw
*default*        0x0000000000000000 0xffffffffffffffff

Linker script and memory map

LOAD /mnt/c/Ubuntu/gcc-arm-none/bin/../lib/gcc/arm-none-eabi/6.3.1/crti.o
LOAD /mnt/c/Ubuntu/gcc-arm-none/bin/../lib/gcc/arm-none-eabi/6.3.1/crtbegin.o
LOAD /mnt/c/Ubuntu/gcc-arm-none/bin/../lib/gcc/arm-none-eabi/6.3.1/../../../../arm-none-eabi/lib/crt0.o
LOAD build-SWM320Lite/py/mpstate.o
LOAD build-SWM320Lite/py/nlr.o
LOAD build-SWM320Lite/py/nlrx86.o
LOAD build-SWM320Lite/py/nlrx64.o
LOAD build-SWM320Lite/py/nlrthumb.o
LOAD build-SWM320Lite/py/nlrxtensa.o
LOAD build-SWM320Lite/py/nlrsetjmp.o
LOAD build-SWM320Lite/py/malloc.o
LOAD build-SWM320Lite/py/gc.o
LOAD build-SWM320Lite/py/pystack.o
LOAD build-SWM320Lite/py/qstr.o
LOAD build-SWM320Lite/py/vstr.o
LOAD build-SWM320Lite/py/mpprint.o
LOAD build-SWM320Lite/py/unicode.o
LOAD build-SWM320Lite/py/mpz.o
LOAD build-SWM320Lite/py/reader.o
LOAD build-SWM320Lite/py/lexer.o
LOAD build-SWM320Lite/py/parse.o
LOAD build-SWM320Lite/py/scope.o
LOAD build-SWM320Lite/py/compile.o
LOAD build-SWM320Lite/py/emitcommon.o
LOAD build-SWM320Lite/py/emitbc.o
LOAD build-SWM320Lite/py/asmbase.o
LOAD build-SWM320Lite/py/asmx64.o
LOAD build-SWM320Lite/py/emitnx64.o
LOAD build-SWM320Lite/py/asmx86.o
LOAD build-SWM320Lite/py/emitnx86.o
LOAD build-SWM320Lite/py/asmthumb.o
LOAD build-SWM320Lite/py/emitnthumb.o
LOAD build-SWM320Lite/py/emitinlinethumb.o
LOAD build-SWM320Lite/py/asmarm.o
LOAD build-SWM320Lite/py/emitnarm.o
LOAD build-SWM320Lite/py/asmxtensa.o
LOAD build-SWM320Lite/py/emitnxtensa.o
LOAD build-SWM320Lite/py/emitinlinextensa.o
LOAD build-SWM320Lite/py/formatfloat.o
LOAD build-SWM320Lite/py/parsenumbase.o
LOAD build-SWM320Lite/py/parsenum.o
LOAD build-SWM320Lite/py/emitglue.o
LOAD build-SWM320Lite/py/persistentcode.o
LOAD build-SWM320Lite/py/runtime.o
LOAD build-SWM320Lite/py/runtime_utils.o
LOAD build-SWM320Lite/py/scheduler.o
LOAD build-SWM320Lite/py/nativeglue.o
LOAD build-SWM320Lite/py/stackctrl.o
LOAD build-SWM320Lite/py/argcheck.o
LOAD build-SWM320Lite/py/warning.o
LOAD build-SWM320Lite/py/map.o
LOAD build-SWM320Lite/py/obj.o
LOAD build-SWM320Lite/py/objarray.o
LOAD build-SWM320Lite/py/objattrtuple.o
LOAD build-SWM320Lite/py/objbool.o
LOAD build-SWM320Lite/py/objboundmeth.o
LOAD build-SWM320Lite/py/objcell.o
LOAD build-SWM320Lite/py/objclosure.o
LOAD build-SWM320Lite/py/objcomplex.o
LOAD build-SWM320Lite/py/objdeque.o
LOAD build-SWM320Lite/py/objdict.o
LOAD build-SWM320Lite/py/objenumerate.o
LOAD build-SWM320Lite/py/objexcept.o
LOAD build-SWM320Lite/py/objfilter.o
LOAD build-SWM320Lite/py/objfloat.o
LOAD build-SWM320Lite/py/objfun.o
LOAD build-SWM320Lite/py/objgenerator.o
LOAD build-SWM320Lite/py/objgetitemiter.o
LOAD build-SWM320Lite/py/objint.o
LOAD build-SWM320Lite/py/objint_longlong.o
LOAD build-SWM320Lite/py/objint_mpz.o
LOAD build-SWM320Lite/py/objlist.o
LOAD build-SWM320Lite/py/objmap.o
LOAD build-SWM320Lite/py/objmodule.o
LOAD build-SWM320Lite/py/objobject.o
LOAD build-SWM320Lite/py/objpolyiter.o
LOAD build-SWM320Lite/py/objproperty.o
LOAD build-SWM320Lite/py/objnone.o
LOAD build-SWM320Lite/py/objnamedtuple.o
LOAD build-SWM320Lite/py/objrange.o
LOAD build-SWM320Lite/py/objreversed.o
LOAD build-SWM320Lite/py/objset.o
LOAD build-SWM320Lite/py/objsingleton.o
LOAD build-SWM320Lite/py/objslice.o
LOAD build-SWM320Lite/py/objstr.o
LOAD build-SWM320Lite/py/objstrunicode.o
LOAD build-SWM320Lite/py/objstringio.o
LOAD build-SWM320Lite/py/objtuple.o
LOAD build-SWM320Lite/py/objtype.o
LOAD build-SWM320Lite/py/objzip.o
LOAD build-SWM320Lite/py/opmethods.o
LOAD build-SWM320Lite/py/sequence.o
LOAD build-SWM320Lite/py/stream.o
LOAD build-SWM320Lite/py/binary.o
LOAD build-SWM320Lite/py/builtinimport.o
LOAD build-SWM320Lite/py/builtinevex.o
LOAD build-SWM320Lite/py/builtinhelp.o
LOAD build-SWM320Lite/py/modarray.o
LOAD build-SWM320Lite/py/modbuiltins.o
LOAD build-SWM320Lite/py/modcollections.o
LOAD build-SWM320Lite/py/modgc.o
LOAD build-SWM320Lite/py/modio.o
LOAD build-SWM320Lite/py/modmath.o
LOAD build-SWM320Lite/py/modcmath.o
LOAD build-SWM320Lite/py/modmicropython.o
LOAD build-SWM320Lite/py/modstruct.o
LOAD build-SWM320Lite/py/modsys.o
LOAD build-SWM320Lite/py/moduerrno.o
LOAD build-SWM320Lite/py/modthread.o
LOAD build-SWM320Lite/py/vm.o
LOAD build-SWM320Lite/py/bc.o
LOAD build-SWM320Lite/py/showbc.o
LOAD build-SWM320Lite/py/repl.o
LOAD build-SWM320Lite/py/smallint.o
LOAD build-SWM320Lite/py/frozenmod.o
LOAD build-SWM320Lite/extmod/moductypes.o
LOAD build-SWM320Lite/extmod/modujson.o
LOAD build-SWM320Lite/extmod/modure.o
LOAD build-SWM320Lite/extmod/moduzlib.o
LOAD build-SWM320Lite/extmod/moduheapq.o
LOAD build-SWM320Lite/extmod/modutimeq.o
LOAD build-SWM320Lite/extmod/moduhashlib.o
LOAD build-SWM320Lite/extmod/moducryptolib.o
LOAD build-SWM320Lite/extmod/modubinascii.o
LOAD build-SWM320Lite/extmod/virtpin.o
LOAD build-SWM320Lite/extmod/machine_mem.o
LOAD build-SWM320Lite/extmod/machine_pinbase.o
LOAD build-SWM320Lite/extmod/machine_signal.o
LOAD build-SWM320Lite/extmod/machine_pulse.o
LOAD build-SWM320Lite/extmod/machine_i2c.o
LOAD build-SWM320Lite/extmod/machine_spi.o
LOAD build-SWM320Lite/extmod/modussl_axtls.o
LOAD build-SWM320Lite/extmod/modussl_mbedtls.o
LOAD build-SWM320Lite/extmod/modurandom.o
LOAD build-SWM320Lite/extmod/moduselect.o
LOAD build-SWM320Lite/extmod/modwebsocket.o
LOAD build-SWM320Lite/extmod/modwebrepl.o
LOAD build-SWM320Lite/extmod/modframebuf.o
LOAD build-SWM320Lite/extmod/vfs.o
LOAD build-SWM320Lite/extmod/vfs_reader.o
LOAD build-SWM320Lite/extmod/vfs_posix.o
LOAD build-SWM320Lite/extmod/vfs_posix_file.o
LOAD build-SWM320Lite/extmod/vfs_fat.o
LOAD build-SWM320Lite/extmod/vfs_fat_diskio.o
LOAD build-SWM320Lite/extmod/vfs_fat_file.o
LOAD build-SWM320Lite/extmod/utime_mphal.o
LOAD build-SWM320Lite/extmod/uos_dupterm.o
LOAD build-SWM320Lite/lib/embed/abort_.o
LOAD build-SWM320Lite/lib/utils/printf.o
LOAD build-SWM320Lite/main.o
LOAD build-SWM320Lite/mphalport.o
LOAD build-SWM320Lite/mpthreadport.o
LOAD build-SWM320Lite/chip/SWM320_adc.o
LOAD build-SWM320Lite/chip/SWM320_can.o
LOAD build-SWM320Lite/chip/SWM320_crc.o
LOAD build-SWM320Lite/chip/SWM320_dma.o
LOAD build-SWM320Lite/chip/SWM320_exti.o
LOAD build-SWM320Lite/chip/SWM320_flash.o
LOAD build-SWM320Lite/chip/SWM320_gpio.o
LOAD build-SWM320Lite/chip/SWM320_i2c.o
LOAD build-SWM320Lite/chip/SWM320_lcd.o
LOAD build-SWM320Lite/chip/SWM320_port.o
LOAD build-SWM320Lite/chip/SWM320_pwm.o
LOAD build-SWM320Lite/chip/SWM320_rtc.o
LOAD build-SWM320Lite/chip/SWM320_sdio.o
LOAD build-SWM320Lite/chip/SWM320_spi.o
LOAD build-SWM320Lite/chip/SWM320_timr.o
LOAD build-SWM320Lite/chip/SWM320_uart.o
LOAD build-SWM320Lite/chip/SWM320_wdt.o
LOAD build-SWM320Lite/chip/system_SWM320.o
LOAD build-SWM320Lite/chip/startup/gcc/startup_SWM320.o
LOAD build-SWM320Lite/mods/moduos.o
LOAD build-SWM320Lite/mods/modutime.o
LOAD build-SWM320Lite/mods/modmachine.o
LOAD build-SWM320Lite/mods/pybpin.o
LOAD build-SWM320Lite/mods/pybuart.o
LOAD build-SWM320Lite/mods/pybflash.o
LOAD build-SWM320Lite/mods/pybadc.o
LOAD build-SWM320Lite/mods/pybspi.o
LOAD build-SWM320Lite/mods/pybtimer.o
LOAD build-SWM320Lite/mods/pybi2c.o
LOAD build-SWM320Lite/mods/pybpwm.o
LOAD build-SWM320Lite/misc/fifo.o
LOAD build-SWM320Lite/misc/bufhelper.o
LOAD build-SWM320Lite/misc/gccollect.o
LOAD build-SWM320Lite/misc/random.o
LOAD build-SWM320Lite/misc/gchelper.o
LOAD build-SWM320Lite/lib/oofatfs/ff.o
LOAD build-SWM320Lite/lib/oofatfs/option/unicode.o
LOAD build-SWM320Lite/lib/libc/string0.o
LOAD build-SWM320Lite/lib/mp-readline/readline.o
LOAD build-SWM320Lite/lib/timeutils/timeutils.o
LOAD build-SWM320Lite/lib/utils/pyexec.o
LOAD build-SWM320Lite/lib/utils/interrupt_char.o
LOAD build-SWM320Lite/lib/utils/sys_stdio_mphal.o
LOAD build-SWM320Lite/pins.o
START GROUP
LOAD /mnt/c/Ubuntu/gcc-arm-none/bin/../lib/gcc/arm-none-eabi/6.3.1/libgcc.a
LOAD /mnt/c/Ubuntu/gcc-arm-none/bin/../lib/gcc/arm-none-eabi/6.3.1/../../../../arm-none-eabi/lib/libc.a
END GROUP
LOAD /mnt/c/Ubuntu/gcc-arm-none/bin/../lib/gcc/arm-none-eabi/6.3.1/crtend.o
LOAD /mnt/c/Ubuntu/gcc-arm-none/bin/../lib/gcc/arm-none-eabi/6.3.1/crtn.o
                0x0000000000000000                . = ORIGIN (ROM)

.text           0x0000000000000000    0x3eb24
 *(.isr_vector)
 .isr_vector    0x0000000000000000      0x130 build-SWM320Lite/chip/startup/gcc/startup_SWM320.o
                0x0000000000000000                __isr_vector
 *(.text)
 .text          0x0000000000000130       0x8a build-SWM320Lite/chip/startup/gcc/startup_SWM320.o
                0x0000000000000130                NMI_Handler
                0x0000000000000132                HardFault_Handler
                0x0000000000000134                MemManage_Handler
                0x0000000000000136                BusFault_Handler
                0x0000000000000138                UsageFault_Handler
                0x000000000000013a                SVC_Handler
                0x000000000000013c                DebugMon_Handler
                0x000000000000013e                PendSV_Handler
                0x0000000000000142                GPIOA0_Handler
                0x0000000000000144                GPIOA1_Handler
                0x0000000000000146                GPIOA2_Handler
                0x0000000000000148                GPIOA3_Handler
                0x000000000000014a                GPIOA4_Handler
                0x000000000000014c                GPIOA5_Handler
                0x000000000000014e                GPIOA6_Handler
                0x0000000000000150                GPIOA7_Handler
                0x0000000000000152                GPIOB0_Handler
                0x0000000000000154                GPIOB1_Handler
                0x0000000000000156                GPIOB2_Handler
                0x0000000000000158                GPIOB3_Handler
                0x000000000000015a                GPIOB4_Handler
                0x000000000000015c                GPIOB5_Handler
                0x000000000000015e                GPIOB6_Handler
                0x0000000000000160                GPIOB7_Handler
                0x0000000000000162                GPIOC0_Handler
                0x0000000000000164                GPIOC1_Handler
                0x0000000000000166                GPIOC2_Handler
                0x0000000000000168                GPIOC3_Handler
                0x000000000000016a                GPIOC4_Handler
                0x000000000000016c                GPIOC5_Handler
                0x000000000000016e                GPIOC6_Handler
                0x0000000000000170                GPIOC7_Handler
                0x0000000000000172                GPIOM0_Handler
                0x0000000000000174                GPIOM1_Handler
                0x0000000000000176                GPIOM2_Handler
                0x0000000000000178                GPIOM3_Handler
                0x000000000000017a                GPIOM4_Handler
                0x000000000000017c                GPIOM5_Handler
                0x000000000000017e                GPIOM6_Handler
                0x0000000000000180                GPIOM7_Handler
                0x0000000000000182                DMA_Handler
                0x0000000000000184                LCD_Handler
                0x0000000000000186                NORFLC_Handler
                0x0000000000000188                CAN_Handler
                0x000000000000018c                WDT_Handler
                0x000000000000018e                PWM_Handler
                0x0000000000000198                I2C0_Handler
                0x000000000000019a                I2C1_Handler
                0x000000000000019c                SPI0_Handler
                0x000000000000019e                ADC0_Handler
                0x00000000000001a0                RTC_Handler
                0x00000000000001a2                ANAC_Handler
                0x00000000000001a4                SDIO_Handler
                0x00000000000001ac                GPIOM_Handler
                0x00000000000001ae                GPION_Handler
                0x00000000000001b0                GPIOP_Handler
                0x00000000000001b2                ADC1_Handler
                0x00000000000001b4                FPU_Handler
                0x00000000000001b6                SPI1_Handler
                0x00000000000001b8                Default_Handler
 *fill*         0x00000000000001ba        0x2 
 .text          0x00000000000001bc       0x30 build-SWM320Lite/misc/gchelper.o
                0x00000000000001bc                gc_helper_get_sp
                0x00000000000001c0                gc_helper_get_regs_and_sp
 *(.text*)
 .text.nlr_push_tail
                0x00000000000001ec       0x2c build-SWM320Lite/py/nlr.o
                0x00000000000001ec                nlr_push_tail
 .text.nlr_pop  0x0000000000000218       0x24 build-SWM320Lite/py/nlr.o
                0x0000000000000218                nlr_pop
 .text.nlr_push
                0x000000000000023c       0x24 build-SWM320Lite/py/nlrthumb.o
                0x000000000000023c                nlr_push
 .text.nlr_jump
                0x0000000000000260       0x3c build-SWM320Lite/py/nlrthumb.o
                0x0000000000000260                nlr_jump
 .text.m_malloc
                0x000000000000029c       0x2e build-SWM320Lite/py/malloc.o
                0x000000000000029c                m_malloc
 .text.m_malloc_maybe
                0x00000000000002ca       0x1c build-SWM320Lite/py/malloc.o
                0x00000000000002ca                m_malloc_maybe
 .text.m_malloc_with_finaliser
                0x00000000000002e6       0x2e build-SWM320Lite/py/malloc.o
                0x00000000000002e6                m_malloc_with_finaliser
 .text.m_malloc0
                0x0000000000000314       0x1a build-SWM320Lite/py/malloc.o
                0x0000000000000314                m_malloc0
 .text.m_realloc
                0x000000000000032e       0x32 build-SWM320Lite/py/malloc.o
                0x000000000000032e                m_realloc
 .text.m_realloc_maybe
                0x0000000000000360       0x26 build-SWM320Lite/py/malloc.o
                0x0000000000000360                m_realloc_maybe
 .text.m_free   0x0000000000000386       0x16 build-SWM320Lite/py/malloc.o
                0x0000000000000386                m_free
 .text.gc_mark_subtree
                0x000000000000039c       0xb4 build-SWM320Lite/py/gc.o
 .text.gc_free.part.0
                0x0000000000000450       0xbc build-SWM320Lite/py/gc.o
 .text.gc_init  0x000000000000050c       0x8c build-SWM320Lite/py/gc.o
                0x000000000000050c                gc_init
 .text.gc_lock  0x0000000000000598       0x14 build-SWM320Lite/py/gc.o
                0x0000000000000598                gc_lock
 .text.gc_unlock
                0x00000000000005ac       0x14 build-SWM320Lite/py/gc.o
                0x00000000000005ac                gc_unlock
 .text.gc_is_locked
                0x00000000000005c0       0x14 build-SWM320Lite/py/gc.o
                0x00000000000005c0                gc_is_locked
 .text.gc_collect_start
                0x00000000000005d4       0x7c build-SWM320Lite/py/gc.o
                0x00000000000005d4                gc_collect_start
 .text.gc_collect_root
                0x0000000000000650       0x74 build-SWM320Lite/py/gc.o
                0x0000000000000650                gc_collect_root
 .text.gc_collect_end
                0x00000000000006c4      0x148 build-SWM320Lite/py/gc.o
                0x00000000000006c4                gc_collect_end
 .text.gc_info  0x000000000000080c       0xfc build-SWM320Lite/py/gc.o
                0x000000000000080c                gc_info
 .text.gc_alloc
                0x0000000000000908      0x1b4 build-SWM320Lite/py/gc.o
                0x0000000000000908                gc_alloc
 .text.gc_free  0x0000000000000abc       0x14 build-SWM320Lite/py/gc.o
                0x0000000000000abc                gc_free
 .text.gc_nbytes
                0x0000000000000ad0       0x68 build-SWM320Lite/py/gc.o
                0x0000000000000ad0                gc_nbytes
 .text.gc_realloc
                0x0000000000000b38      0x204 build-SWM320Lite/py/gc.o
                0x0000000000000b38                gc_realloc
 .text.gc_dump_info
                0x0000000000000d3c       0x40 build-SWM320Lite/py/gc.o
                0x0000000000000d3c                gc_dump_info
 .text.qstr_compute_hash
                0x0000000000000d7c       0x56 build-SWM320Lite/py/qstr.o
                0x0000000000000d7c                qstr_compute_hash
 *fill*         0x0000000000000dd2        0x2 
 .text.qstr_init
                0x0000000000000dd4       0x24 build-SWM320Lite/py/qstr.o
                0x0000000000000dd4                qstr_init
 .text.find_qstr
                0x0000000000000df8       0x40 build-SWM320Lite/py/qstr.o
 .text.qstr_add
                0x0000000000000e38       0xa4 build-SWM320Lite/py/qstr.o
 .text.qstr_find_strn
                0x0000000000000edc       0xa4 build-SWM320Lite/py/qstr.o
                0x0000000000000edc                qstr_find_strn
 .text.qstr_from_str
                0x0000000000000f80       0x22 build-SWM320Lite/py/qstr.o
                0x0000000000000f80                qstr_from_str
 *fill*         0x0000000000000fa2        0x2 
 .text.qstr_from_strn
                0x0000000000000fa4      0x17c build-SWM320Lite/py/qstr.o
                0x0000000000000fa4                qstr_from_strn
 .text.qstr_hash
                0x0000000000001120       0x1a build-SWM320Lite/py/qstr.o
                0x0000000000001120                qstr_hash
 .text.qstr_len
                0x000000000000113a       0x1e build-SWM320Lite/py/qstr.o
                0x000000000000113a                qstr_len
 .text.qstr_str
                0x0000000000001158       0x1c build-SWM320Lite/py/qstr.o
                0x0000000000001158                qstr_str
 .text.qstr_data
                0x0000000000001174       0x2a build-SWM320Lite/py/qstr.o
                0x0000000000001174                qstr_data
 *fill*         0x000000000000119e        0x2 
 .text.qstr_pool_info
                0x00000000000011a0       0xc4 build-SWM320Lite/py/qstr.o
                0x00000000000011a0                qstr_pool_info
 .text.vstr_init
                0x0000000000001264       0x42 build-SWM320Lite/py/vstr.o
                0x0000000000001264                vstr_init
 .text.vstr_init_len
                0x00000000000012a6       0x24 build-SWM320Lite/py/vstr.o
                0x00000000000012a6                vstr_init_len
 .text.vstr_init_fixed_buf
                0x00000000000012ca       0x32 build-SWM320Lite/py/vstr.o
                0x00000000000012ca                vstr_init_fixed_buf
 .text.vstr_init_print
                0x00000000000012fc       0x2c build-SWM320Lite/py/vstr.o
                0x00000000000012fc                vstr_init_print
 .text.vstr_clear
                0x0000000000001328       0x34 build-SWM320Lite/py/vstr.o
                0x0000000000001328                vstr_clear
 .text.vstr_new
                0x000000000000135c       0x22 build-SWM320Lite/py/vstr.o
                0x000000000000135c                vstr_new
 .text.vstr_free
                0x000000000000137e       0x3a build-SWM320Lite/py/vstr.o
                0x000000000000137e                vstr_free
 .text.vstr_extend
                0x00000000000013b8       0x60 build-SWM320Lite/py/vstr.o
                0x00000000000013b8                vstr_extend
 .text.vstr_ensure_extra
                0x0000000000001418       0x68 build-SWM320Lite/py/vstr.o
 .text.vstr_add_len
                0x0000000000001480       0x34 build-SWM320Lite/py/vstr.o
                0x0000000000001480                vstr_add_len
 .text.vstr_null_terminated_str
                0x00000000000014b4       0x36 build-SWM320Lite/py/vstr.o
                0x00000000000014b4                vstr_null_terminated_str
 .text.vstr_add_byte
                0x00000000000014ea       0x24 build-SWM320Lite/py/vstr.o
                0x00000000000014ea                vstr_add_byte
 *fill*         0x000000000000150e        0x2 
 .text.vstr_add_char
                0x0000000000001510      0x138 build-SWM320Lite/py/vstr.o
                0x0000000000001510                vstr_add_char
 .text.vstr_add_str
                0x0000000000001648       0x24 build-SWM320Lite/py/vstr.o
                0x0000000000001648                vstr_add_str
 .text.vstr_add_strn
                0x000000000000166c       0x3c build-SWM320Lite/py/vstr.o
                0x000000000000166c                vstr_add_strn
 .text.vstr_ins_blank_bytes
                0x00000000000016a8       0x68 build-SWM320Lite/py/vstr.o
 .text.vstr_ins_byte
                0x0000000000001710       0x2a build-SWM320Lite/py/vstr.o
                0x0000000000001710                vstr_ins_byte
 .text.vstr_ins_char
                0x000000000000173a       0x28 build-SWM320Lite/py/vstr.o
                0x000000000000173a                vstr_ins_char
 .text.vstr_cut_tail_bytes
                0x0000000000001762       0x32 build-SWM320Lite/py/vstr.o
                0x0000000000001762                vstr_cut_tail_bytes
 .text.vstr_cut_out_bytes
                0x0000000000001794       0x68 build-SWM320Lite/py/vstr.o
                0x0000000000001794                vstr_cut_out_bytes
 .text.MP_OBJ_IS_SMALL_INT
                0x00000000000017fc       0x22 build-SWM320Lite/py/mpprint.o
 .text.MP_OBJ_IS_OBJ
                0x000000000000181e       0x22 build-SWM320Lite/py/mpprint.o
 .text.plat_print_strn
                0x0000000000001840       0x1c build-SWM320Lite/py/mpprint.o
 .text.mp_print_str
                0x000000000000185c       0x30 build-SWM320Lite/py/mpprint.o
                0x000000000000185c                mp_print_str
 .text.mp_print_strn
                0x000000000000188c      0x130 build-SWM320Lite/py/mpprint.o
                0x000000000000188c                mp_print_strn
 .text.mp_print_int
                0x00000000000019bc      0x14e build-SWM320Lite/py/mpprint.o
 *fill*         0x0000000000001b0a        0x2 
 .text.mp_print_mp_int
                0x0000000000001b0c      0x388 build-SWM320Lite/py/mpprint.o
                0x0000000000001b0c                mp_print_mp_int
 .text.mp_printf
                0x0000000000001e94       0x2c build-SWM320Lite/py/mpprint.o
                0x0000000000001e94                mp_printf
 .text.mp_vprintf
                0x0000000000001ec0      0x4e4 build-SWM320Lite/py/mpprint.o
                0x0000000000001ec0                mp_vprintf
 .text.utf8_get_char
                0x00000000000023a4       0x76 build-SWM320Lite/py/unicode.o
                0x00000000000023a4                utf8_get_char
 .text.utf8_next_char
                0x000000000000241a       0x2e build-SWM320Lite/py/unicode.o
                0x000000000000241a                utf8_next_char
 .text.utf8_ptr_to_index
                0x0000000000002448       0x3c build-SWM320Lite/py/unicode.o
                0x0000000000002448                utf8_ptr_to_index
 .text.utf8_charlen
                0x0000000000002484       0x44 build-SWM320Lite/py/unicode.o
                0x0000000000002484                utf8_charlen
 .text.unichar_isspace
                0x00000000000024c8       0x38 build-SWM320Lite/py/unicode.o
                0x00000000000024c8                unichar_isspace
 .text.unichar_isalpha
                0x0000000000002500       0x38 build-SWM320Lite/py/unicode.o
                0x0000000000002500                unichar_isalpha
 .text.unichar_isdigit
                0x0000000000002538       0x38 build-SWM320Lite/py/unicode.o
                0x0000000000002538                unichar_isdigit
 .text.unichar_isxdigit
                0x0000000000002570       0x38 build-SWM320Lite/py/unicode.o
                0x0000000000002570                unichar_isxdigit
 .text.unichar_isident
                0x00000000000025a8       0x40 build-SWM320Lite/py/unicode.o
                0x00000000000025a8                unichar_isident
 .text.unichar_isupper
                0x00000000000025e8       0x38 build-SWM320Lite/py/unicode.o
                0x00000000000025e8                unichar_isupper
 .text.unichar_islower
                0x0000000000002620       0x38 build-SWM320Lite/py/unicode.o
                0x0000000000002620                unichar_islower
 .text.unichar_tolower
                0x0000000000002658       0x24 build-SWM320Lite/py/unicode.o
                0x0000000000002658                unichar_tolower
 .text.unichar_toupper
                0x000000000000267c       0x24 build-SWM320Lite/py/unicode.o
                0x000000000000267c                unichar_toupper
 .text.unichar_xdigit_value
                0x00000000000026a0       0x2e build-SWM320Lite/py/unicode.o
                0x00000000000026a0                unichar_xdigit_value
 .text.utf8_check
                0x00000000000026ce       0x92 build-SWM320Lite/py/unicode.o
                0x00000000000026ce                utf8_check
 .text.mpz_is_zero
                0x0000000000002760       0x20 build-SWM320Lite/py/mpz.o
 .text.mpn_remove_trailing_zeros
                0x0000000000002780       0x3e build-SWM320Lite/py/mpz.o
 .text.mpn_cmp  0x00000000000027be       0x86 build-SWM320Lite/py/mpz.o
 .text.mpn_shl  0x0000000000002844       0xfe build-SWM320Lite/py/mpz.o
 .text.mpn_shr  0x0000000000002942       0xa0 build-SWM320Lite/py/mpz.o
 .text.mpn_add  0x00000000000029e2       0xb6 build-SWM320Lite/py/mpz.o
 .text.mpn_sub  0x0000000000002a98       0xa4 build-SWM320Lite/py/mpz.o
 .text.mpn_and_neg
                0x0000000000002b3c       0xe6 build-SWM320Lite/py/mpz.o
 *fill*         0x0000000000002c22        0x2 
 .text.mpn_or_neg
                0x0000000000002c24       0xf4 build-SWM320Lite/py/mpz.o
 .text.mpn_xor_neg
                0x0000000000002d18       0xb4 build-SWM320Lite/py/mpz.o
 .text.mpn_mul_dig_add_dig
                0x0000000000002dcc       0x76 build-SWM320Lite/py/mpz.o
 .text.mpn_mul  0x0000000000002e42       0xac build-SWM320Lite/py/mpz.o
 .text.mpn_div  0x0000000000002eee      0x39c build-SWM320Lite/py/mpz.o
 .text.mpz_init_zero
                0x000000000000328a       0x3c build-SWM320Lite/py/mpz.o
                0x000000000000328a                mpz_init_zero
 .text.mpz_init_from_int
                0x00000000000032c6       0x20 build-SWM320Lite/py/mpz.o
                0x00000000000032c6                mpz_init_from_int
 .text.mpz_init_fixed_from_int
                0x00000000000032e6       0x4e build-SWM320Lite/py/mpz.o
                0x00000000000032e6                mpz_init_fixed_from_int
 .text.mpz_deinit
                0x0000000000003334       0x2e build-SWM320Lite/py/mpz.o
                0x0000000000003334                mpz_deinit
 .text.mpz_free
                0x0000000000003362       0x26 build-SWM320Lite/py/mpz.o
 .text.mpz_need_dig
                0x0000000000003388       0x84 build-SWM320Lite/py/mpz.o
 .text.mpz_clone
                0x000000000000340c       0xa8 build-SWM320Lite/py/mpz.o
 .text.mpz_set  0x00000000000034b4       0x4e build-SWM320Lite/py/mpz.o
                0x00000000000034b4                mpz_set
 .text.mpz_set_from_int
                0x0000000000003502       0x78 build-SWM320Lite/py/mpz.o
                0x0000000000003502                mpz_set_from_int
 .text.mpz_set_from_ll
                0x000000000000357a       0x92 build-SWM320Lite/py/mpz.o
                0x000000000000357a                mpz_set_from_ll
 .text.mpz_set_from_str
                0x000000000000360c       0xf4 build-SWM320Lite/py/mpz.o
                0x000000000000360c                mpz_set_from_str
 .text.mpz_set_from_bytes
                0x0000000000003700       0xd8 build-SWM320Lite/py/mpz.o
                0x0000000000003700                mpz_set_from_bytes
 .text.mpz_cmp  0x00000000000037d8       0x76 build-SWM320Lite/py/mpz.o
                0x00000000000037d8                mpz_cmp
 .text.mpz_abs_inpl
                0x000000000000384e       0x2c build-SWM320Lite/py/mpz.o
                0x000000000000384e                mpz_abs_inpl
 .text.mpz_neg_inpl
                0x000000000000387a       0x42 build-SWM320Lite/py/mpz.o
                0x000000000000387a                mpz_neg_inpl
 .text.mpz_not_inpl
                0x00000000000038bc       0xc6 build-SWM320Lite/py/mpz.o
                0x00000000000038bc                mpz_not_inpl
 .text.mpz_shl_inpl
                0x0000000000003982       0x6c build-SWM320Lite/py/mpz.o
                0x0000000000003982                mpz_shl_inpl
 .text.mpz_shr_inpl
                0x00000000000039ee      0x122 build-SWM320Lite/py/mpz.o
                0x00000000000039ee                mpz_shr_inpl
 .text.mpz_add_inpl
                0x0000000000003b10       0xc6 build-SWM320Lite/py/mpz.o
                0x0000000000003b10                mpz_add_inpl
 .text.mpz_sub_inpl
                0x0000000000003bd6       0xf6 build-SWM320Lite/py/mpz.o
                0x0000000000003bd6                mpz_sub_inpl
 .text.mpz_and_inpl
                0x0000000000003ccc       0xf2 build-SWM320Lite/py/mpz.o
                0x0000000000003ccc                mpz_and_inpl
 .text.mpz_or_inpl
                0x0000000000003dbe       0xe4 build-SWM320Lite/py/mpz.o
                0x0000000000003dbe                mpz_or_inpl
 .text.mpz_xor_inpl
                0x0000000000003ea2       0xf6 build-SWM320Lite/py/mpz.o
                0x0000000000003ea2                mpz_xor_inpl
 .text.mpz_mul_inpl
                0x0000000000003f98       0xe4 build-SWM320Lite/py/mpz.o
                0x0000000000003f98                mpz_mul_inpl
 .text.mpz_pow_inpl
                0x000000000000407c       0xb8 build-SWM320Lite/py/mpz.o
                0x000000000000407c                mpz_pow_inpl
 .text.mpz_divmod_inpl
                0x0000000000004134      0x100 build-SWM320Lite/py/mpz.o
                0x0000000000004134                mpz_divmod_inpl
 .text.mpz_hash
                0x0000000000004234       0x56 build-SWM320Lite/py/mpz.o
                0x0000000000004234                mpz_hash
 .text.mpz_as_int_checked
                0x000000000000428a       0x6a build-SWM320Lite/py/mpz.o
                0x000000000000428a                mpz_as_int_checked
 .text.mpz_as_bytes
                0x00000000000042f4       0xe0 build-SWM320Lite/py/mpz.o
                0x00000000000042f4                mpz_as_bytes
 .text.mpz_as_str_inpl
                0x00000000000043d4      0x220 build-SWM320Lite/py/mpz.o
                0x00000000000043d4                mpz_as_str_inpl
 .text.mp_reader_mem_readbyte
                0x00000000000045f4       0x34 build-SWM320Lite/py/reader.o
 .text.mp_reader_mem_close
                0x0000000000004628       0x2c build-SWM320Lite/py/reader.o
 .text.mp_reader_new_mem
                0x0000000000004654       0x54 build-SWM320Lite/py/reader.o
                0x0000000000004654                mp_reader_new_mem
 .text.vstr_reset
                0x00000000000046a8       0x18 build-SWM320Lite/py/lexer.o
 .text.is_end   0x00000000000046c0       0x22 build-SWM320Lite/py/lexer.o
 .text.is_physical_newline
                0x00000000000046e2       0x20 build-SWM320Lite/py/lexer.o
 .text.is_char  0x0000000000004702       0x26 build-SWM320Lite/py/lexer.o
 .text.is_char_or
                0x0000000000004728       0x3a build-SWM320Lite/py/lexer.o
 .text.is_char_or3
                0x0000000000004762       0x4e build-SWM320Lite/py/lexer.o
 .text.is_char_following
                0x00000000000047b0       0x26 build-SWM320Lite/py/lexer.o
 .text.is_char_following_or
                0x00000000000047d6       0x3a build-SWM320Lite/py/lexer.o
 .text.is_char_following_following_or
                0x0000000000004810       0x3a build-SWM320Lite/py/lexer.o
 .text.is_char_and
                0x000000000000484a       0x3a build-SWM320Lite/py/lexer.o
 .text.is_whitespace
                0x0000000000004884       0x1c build-SWM320Lite/py/lexer.o
 .text.is_letter
                0x00000000000048a0       0x1c build-SWM320Lite/py/lexer.o
 .text.is_digit
                0x00000000000048bc       0x1c build-SWM320Lite/py/lexer.o
 .text.is_following_digit
                0x00000000000048d8       0x1c build-SWM320Lite/py/lexer.o
 .text.is_following_base_char
                0x00000000000048f4       0x3a build-SWM320Lite/py/lexer.o
 .text.is_following_odigit
                0x000000000000492e       0x2e build-SWM320Lite/py/lexer.o
 .text.is_string_or_bytes
                0x000000000000495c       0x7e build-SWM320Lite/py/lexer.o
 .text.is_head_of_identifier
                0x00000000000049da       0x38 build-SWM320Lite/py/lexer.o
 .text.is_tail_of_identifier
                0x0000000000004a12       0x34 build-SWM320Lite/py/lexer.o
 .text.next_char
                0x0000000000004a46       0xba build-SWM320Lite/py/lexer.o
 .text.indent_push
                0x0000000000004b00       0x5c build-SWM320Lite/py/lexer.o
 .text.indent_top
                0x0000000000004b5c       0x26 build-SWM320Lite/py/lexer.o
 .text.indent_pop
                0x0000000000004b82       0x1c build-SWM320Lite/py/lexer.o
 .text.get_hex  0x0000000000004b9e       0x5e build-SWM320Lite/py/lexer.o
 .text.parse_string_literal
                0x0000000000004bfc      0x448 build-SWM320Lite/py/lexer.o
 .text.skip_whitespace
                0x0000000000005044       0xce build-SWM320Lite/py/lexer.o
 *fill*         0x0000000000005112        0x2 
 .text.mp_lexer_to_next
                0x0000000000005114      0x624 build-SWM320Lite/py/lexer.o
                0x0000000000005114                mp_lexer_to_next
 .text.mp_lexer_new
                0x0000000000005738       0xbc build-SWM320Lite/py/lexer.o
                0x0000000000005738                mp_lexer_new
 .text.mp_lexer_new_from_str_len
                0x00000000000057f4       0x32 build-SWM320Lite/py/lexer.o
                0x00000000000057f4                mp_lexer_new_from_str_len
 .text.mp_lexer_new_from_file
                0x0000000000005826       0x2e build-SWM320Lite/py/lexer.o
                0x0000000000005826                mp_lexer_new_from_file
 .text.mp_lexer_free
                0x0000000000005854       0x3c build-SWM320Lite/py/lexer.o
                0x0000000000005854                mp_lexer_free
 .text.MP_OBJ_IS_SMALL_INT
                0x0000000000005890       0x22 build-SWM320Lite/py/parse.o
 .text.MP_OBJ_IS_OBJ
                0x00000000000058b2       0x22 build-SWM320Lite/py/parse.o
 .text.mp_parse_node_new_small_int
                0x00000000000058d4       0x1a build-SWM320Lite/py/parse.o
 .text.mp_parse_node_new_leaf
                0x00000000000058ee       0x1c build-SWM320Lite/py/parse.o
 *fill*         0x000000000000590a        0x2 
 .text.get_rule_arg
                0x000000000000590c       0x3c build-SWM320Lite/py/parse.o
 .text.parser_alloc
                0x0000000000005948       0xd2 build-SWM320Lite/py/parse.o
 .text.push_rule
                0x0000000000005a1a       0x7c build-SWM320Lite/py/parse.o
 *fill*         0x0000000000005a96        0x2 
 .text.push_rule_from_arg
                0x0000000000005a98       0x60 build-SWM320Lite/py/parse.o
 .text.pop_rule
                0x0000000000005af8       0x5c build-SWM320Lite/py/parse.o
 .text.mp_parse_node_is_const_false
                0x0000000000005b54       0x36 build-SWM320Lite/py/parse.o
                0x0000000000005b54                mp_parse_node_is_const_false
 .text.mp_parse_node_is_const_true
                0x0000000000005b8a       0x36 build-SWM320Lite/py/parse.o
                0x0000000000005b8a                mp_parse_node_is_const_true
 .text.mp_parse_node_get_int_maybe
                0x0000000000005bc0       0x98 build-SWM320Lite/py/parse.o
                0x0000000000005bc0                mp_parse_node_get_int_maybe
 .text.mp_parse_node_extract_list
                0x0000000000005c58       0x6a build-SWM320Lite/py/parse.o
                0x0000000000005c58                mp_parse_node_extract_list
 *fill*         0x0000000000005cc2        0x2 
 .text.pop_result
                0x0000000000005cc4       0x4c build-SWM320Lite/py/parse.o
 .text.peek_result
                0x0000000000005d10       0x50 build-SWM320Lite/py/parse.o
 .text.push_result_node
                0x0000000000005d60       0x5c build-SWM320Lite/py/parse.o
 .text.make_node_const_object
                0x0000000000005dbc       0x34 build-SWM320Lite/py/parse.o
 .text.mp_parse_node_new_small_int_checked
                0x0000000000005df0       0x20 build-SWM320Lite/py/parse.o
 .text.push_result_token
                0x0000000000005e10      0x1d0 build-SWM320Lite/py/parse.o
 .text.fold_logical_constants
                0x0000000000005fe0      0x14e build-SWM320Lite/py/parse.o
 *fill*         0x000000000000612e        0x2 
 .text.fold_constants
                0x0000000000006130      0x520 build-SWM320Lite/py/parse.o
 .text.push_result_rule
                0x0000000000006650       0xc8 build-SWM320Lite/py/parse.o
 .text.mp_parse
                0x0000000000006718      0x6f0 build-SWM320Lite/py/parse.o
                0x0000000000006718                mp_parse
 .text.mp_parse_tree_clear
                0x0000000000006e08       0x2e build-SWM320Lite/py/parse.o
                0x0000000000006e08                mp_parse_tree_clear
 *fill*         0x0000000000006e36        0x2 
 .text.scope_new
                0x0000000000006e38       0xb4 build-SWM320Lite/py/scope.o
                0x0000000000006e38                scope_new
 .text.scope_free
                0x0000000000006eec       0x20 build-SWM320Lite/py/scope.o
                0x0000000000006eec                scope_free
 .text.scope_find_or_add_id
                0x0000000000006f0c       0x96 build-SWM320Lite/py/scope.o
                0x0000000000006f0c                scope_find_or_add_id
 .text.scope_find
                0x0000000000006fa2       0x4c build-SWM320Lite/py/scope.o
                0x0000000000006fa2                scope_find
 .text.scope_find_global
                0x0000000000006fee       0x2c build-SWM320Lite/py/scope.o
                0x0000000000006fee                scope_find_global
 *fill*         0x000000000000701a        0x2 
 .text.scope_close_over_in_parents
                0x000000000000701c       0xa4 build-SWM320Lite/py/scope.o
 .text.scope_find_local_and_close_over
                0x00000000000070c0       0x72 build-SWM320Lite/py/scope.o
                0x00000000000070c0                scope_find_local_and_close_over
 .text.mp_parse_node_new_small_int
                0x0000000000007132       0x1a build-SWM320Lite/py/compile.o
 .text.mp_local_free
                0x000000000000714c       0x12 build-SWM320Lite/py/compile.o
 .text.compile_error_set_line
                0x000000000000715e       0x34 build-SWM320Lite/py/compile.o
 *fill*         0x0000000000007192        0x2 
 .text.compile_syntax_error
                0x0000000000007194       0x38 build-SWM320Lite/py/compile.o
 .text.comp_next_label
                0x00000000000071cc       0x1c build-SWM320Lite/py/compile.o
 .text.compile_increase_except_level
                0x00000000000071e8       0x36 build-SWM320Lite/py/compile.o
 *fill*         0x000000000000721e        0x2 
 .text.compile_decrease_except_level
                0x0000000000007220       0x3c build-SWM320Lite/py/compile.o
 .text.scope_new_and_link
                0x000000000000725c       0x64 build-SWM320Lite/py/compile.o
 .text.apply_to_single_or_list
                0x00000000000072c0       0x78 build-SWM320Lite/py/compile.o
 .text.compile_generic_all_nodes
                0x0000000000007338       0x5a build-SWM320Lite/py/compile.o
 *fill*         0x0000000000007392        0x2 
 .text.compile_load_id
                0x0000000000007394       0x3c build-SWM320Lite/py/compile.o
 .text.compile_store_id
                0x00000000000073d0       0x3c build-SWM320Lite/py/compile.o
 .text.compile_delete_id
                0x000000000000740c       0x3c build-SWM320Lite/py/compile.o
 .text.c_tuple  0x0000000000007448       0x76 build-SWM320Lite/py/compile.o
 .text.compile_generic_tuple
                0x00000000000074be       0x1c build-SWM320Lite/py/compile.o
 *fill*         0x00000000000074da        0x2 
 .text.c_if_cond
                0x00000000000074dc      0x21c build-SWM320Lite/py/compile.o
 .text.c_assign_atom_expr
                0x00000000000076f8      0x1b0 build-SWM320Lite/py/compile.o
 .text.c_assign_tuple
                0x00000000000078a8      0x170 build-SWM320Lite/py/compile.o
 .text.c_assign
                0x0000000000007a18      0x218 build-SWM320Lite/py/compile.o
 .text.close_over_variables_etc
                0x0000000000007c30      0x12c build-SWM320Lite/py/compile.o
 .text.compile_funcdef_lambdef_param
                0x0000000000007d5c      0x174 build-SWM320Lite/py/compile.o
 .text.compile_funcdef_lambdef
                0x0000000000007ed0       0xac build-SWM320Lite/py/compile.o
 .text.compile_funcdef_helper
                0x0000000000007f7c       0x48 build-SWM320Lite/py/compile.o
 .text.compile_classdef_helper
                0x0000000000007fc4       0x90 build-SWM320Lite/py/compile.o
 .text.compile_built_in_decorator
                0x0000000000008054       0x70 build-SWM320Lite/py/compile.o
 .text.compile_decorated
                0x00000000000080c4      0x1b8 build-SWM320Lite/py/compile.o
 .text.compile_funcdef
                0x000000000000827c       0x2c build-SWM320Lite/py/compile.o
 .text.c_del_stmt
                0x00000000000082a8      0x28c build-SWM320Lite/py/compile.o
 .text.compile_del_stmt
                0x0000000000008534       0x24 build-SWM320Lite/py/compile.o
 .text.compile_break_cont_stmt
                0x0000000000008558       0x90 build-SWM320Lite/py/compile.o
 .text.compile_return_stmt
                0x00000000000085e8       0x58 build-SWM320Lite/py/compile.o
 .text.compile_yield_stmt
                0x0000000000008640       0x28 build-SWM320Lite/py/compile.o
 .text.compile_raise_stmt
                0x0000000000008668       0x8c build-SWM320Lite/py/compile.o
 .text.do_import_name
                0x00000000000086f4      0x1ec build-SWM320Lite/py/compile.o
 .text.compile_dotted_as_name
                0x00000000000088e0       0x42 build-SWM320Lite/py/compile.o
 *fill*         0x0000000000008922        0x2 
 .text.compile_import_name
                0x0000000000008924       0x24 build-SWM320Lite/py/compile.o
 .text.compile_import_from
                0x0000000000008948      0x280 build-SWM320Lite/py/compile.o
 .text.compile_declare_global
                0x0000000000008bc8       0x58 build-SWM320Lite/py/compile.o
 .text.compile_declare_nonlocal
                0x0000000000008c20       0x58 build-SWM320Lite/py/compile.o
 .text.compile_global_nonlocal_stmt
                0x0000000000008c78       0xc8 build-SWM320Lite/py/compile.o
 .text.compile_assert_stmt
                0x0000000000008d40       0x80 build-SWM320Lite/py/compile.o
 .text.compile_if_stmt
                0x0000000000008dc0      0x1b8 build-SWM320Lite/py/compile.o
 .text.compile_while_stmt
                0x0000000000008f78       0xe8 build-SWM320Lite/py/compile.o
 .text.compile_for_stmt_optimised_range
                0x0000000000009060      0x204 build-SWM320Lite/py/compile.o
 .text.compile_for_stmt
                0x0000000000009264      0x2a4 build-SWM320Lite/py/compile.o
 .text.compile_try_except
                0x0000000000009508      0x28c build-SWM320Lite/py/compile.o
 .text.compile_try_finally
                0x0000000000009794       0xc8 build-SWM320Lite/py/compile.o
 .text.compile_try_stmt
                0x000000000000985c       0xec build-SWM320Lite/py/compile.o
 .text.compile_with_stmt_helper
                0x0000000000009948       0xd4 build-SWM320Lite/py/compile.o
 .text.compile_with_stmt
                0x0000000000009a1c       0x54 build-SWM320Lite/py/compile.o
 .text.compile_yield_from
                0x0000000000009a70       0x34 build-SWM320Lite/py/compile.o
 .text.compile_expr_stmt
                0x0000000000009aa4      0x354 build-SWM320Lite/py/compile.o
 .text.compile_test_if_expr
                0x0000000000009df8       0xbc build-SWM320Lite/py/compile.o
 .text.compile_lambdef
                0x0000000000009eb4       0x46 build-SWM320Lite/py/compile.o
 .text.compile_or_and_test
                0x0000000000009efa       0x7c build-SWM320Lite/py/compile.o
 .text.compile_not_test_2
                0x0000000000009f76       0x2a build-SWM320Lite/py/compile.o
 .text.compile_comparison
                0x0000000000009fa0      0x22c build-SWM320Lite/py/compile.o
 .text.compile_star_expr
                0x000000000000a1cc       0x24 build-SWM320Lite/py/compile.o
 .text.compile_binary_op
                0x000000000000a1f0       0x64 build-SWM320Lite/py/compile.o
 .text.compile_term
                0x000000000000a254       0xf0 build-SWM320Lite/py/compile.o
 .text.compile_factor_2
                0x000000000000a344       0x74 build-SWM320Lite/py/compile.o
 .text.compile_atom_expr_normal
                0x000000000000a3b8      0x208 build-SWM320Lite/py/compile.o
 .text.compile_power
                0x000000000000a5c0       0x26 build-SWM320Lite/py/compile.o
 *fill*         0x000000000000a5e6        0x2 
 .text.compile_trailer_paren_helper
                0x000000000000a5e8      0x228 build-SWM320Lite/py/compile.o
 .text.compile_comprehension
                0x000000000000a810       0xd0 build-SWM320Lite/py/compile.o
 .text.compile_atom_paren
                0x000000000000a8e0      0x10c build-SWM320Lite/py/compile.o
 .text.compile_atom_bracket
                0x000000000000a9ec      0x144 build-SWM320Lite/py/compile.o
 .text.compile_atom_brace
                0x000000000000ab30      0x258 build-SWM320Lite/py/compile.o
 .text.compile_trailer_paren
                0x000000000000ad88       0x20 build-SWM320Lite/py/compile.o
 .text.compile_trailer_bracket
                0x000000000000ada8       0x2a build-SWM320Lite/py/compile.o
 .text.compile_trailer_period
                0x000000000000add2       0x24 build-SWM320Lite/py/compile.o
 *fill*         0x000000000000adf6        0x2 
 .text.compile_subscript
                0x000000000000adf8      0x1cc build-SWM320Lite/py/compile.o
 .text.compile_dictorsetmaker_item
                0x000000000000afc4       0x2a build-SWM320Lite/py/compile.o
 .text.compile_classdef
                0x000000000000afee       0x2c build-SWM320Lite/py/compile.o
 *fill*         0x000000000000b01a        0x2 
 .text.compile_yield_expr
                0x000000000000b01c       0xac build-SWM320Lite/py/compile.o
 .text.get_const_object
                0x000000000000b0c8       0x16 build-SWM320Lite/py/compile.o
 .text.compile_const_object
                0x000000000000b0de       0x26 build-SWM320Lite/py/compile.o
 .text.compile_node
                0x000000000000b104      0x124 build-SWM320Lite/py/compile.o
 .text.compile_scope_func_lambda_param
                0x000000000000b228      0x21c build-SWM320Lite/py/compile.o
 .text.compile_scope_func_param
                0x000000000000b444       0x22 build-SWM320Lite/py/compile.o
 .text.compile_scope_lambda_param
                0x000000000000b466       0x22 build-SWM320Lite/py/compile.o
 .text.compile_scope_comp_iter
                0x000000000000b488      0x130 build-SWM320Lite/py/compile.o
 .text.check_for_doc_string
                0x000000000000b5b8       0x14 build-SWM320Lite/py/compile.o
 .text.compile_scope
                0x000000000000b5cc      0x530 build-SWM320Lite/py/compile.o
 .text.scope_compute_things
                0x000000000000bafc      0x27c build-SWM320Lite/py/compile.o
 .text.mp_compile_to_raw_code
                0x000000000000bd78      0x186 build-SWM320Lite/py/compile.o
 .text.mp_compile
                0x000000000000befe       0x30 build-SWM320Lite/py/compile.o
                0x000000000000befe                mp_compile
 .text.mp_emit_common_get_id_for_load
                0x000000000000bf2e       0x32 build-SWM320Lite/py/emitcommon.o
                0x000000000000bf2e                mp_emit_common_get_id_for_load
 .text.mp_emit_common_get_id_for_modification
                0x000000000000bf60       0x56 build-SWM320Lite/py/emitcommon.o
                0x000000000000bf60                mp_emit_common_get_id_for_modification
 *fill*         0x000000000000bfb6        0x2 
 .text.mp_emit_common_id_op
                0x000000000000bfb8       0xb8 build-SWM320Lite/py/emitcommon.o
                0x000000000000bfb8                mp_emit_common_id_op
 .text.emit_bc_new
                0x000000000000c070       0x18 build-SWM320Lite/py/emitbc.o
                0x000000000000c070                emit_bc_new
 .text.emit_bc_set_max_num_labels
                0x000000000000c088       0x2a build-SWM320Lite/py/emitbc.o
                0x000000000000c088                emit_bc_set_max_num_labels
 .text.emit_bc_free
                0x000000000000c0b2       0x20 build-SWM320Lite/py/emitbc.o
                0x000000000000c0b2                emit_bc_free
 .text.emit_write_uint
                0x000000000000c0d2       0x7e build-SWM320Lite/py/emitbc.o
 .text.emit_get_cur_to_write_code_info
                0x000000000000c150       0x6c build-SWM320Lite/py/emitbc.o
 .text.emit_write_code_info_byte
                0x000000000000c1bc       0x22 build-SWM320Lite/py/emitbc.o
 *fill*         0x000000000000c1de        0x2 
 .text.emit_write_code_info_uint
                0x000000000000c1e0       0x20 build-SWM320Lite/py/emitbc.o
 .text.emit_write_code_info_qstr
                0x000000000000c200       0x50 build-SWM320Lite/py/emitbc.o
 .text.emit_write_code_info_bytes_lines
                0x000000000000c250       0xec build-SWM320Lite/py/emitbc.o
 .text.emit_get_cur_to_write_bytecode
                0x000000000000c33c       0x74 build-SWM320Lite/py/emitbc.o
 .text.emit_write_bytecode_byte
                0x000000000000c3b0       0x24 build-SWM320Lite/py/emitbc.o
 .text.emit_write_bytecode_byte_byte
                0x000000000000c3d4       0x30 build-SWM320Lite/py/emitbc.o
 .text.emit_write_bytecode_byte_int
                0x000000000000c404       0xd2 build-SWM320Lite/py/emitbc.o
 *fill*         0x000000000000c4d6        0x2 
 .text.emit_write_bytecode_byte_uint
                0x000000000000c4d8       0x30 build-SWM320Lite/py/emitbc.o
 .text.emit_write_bytecode_byte_const
                0x000000000000c508       0x3a build-SWM320Lite/py/emitbc.o
 *fill*         0x000000000000c542        0x2 
 .text.emit_write_bytecode_byte_qstr
                0x000000000000c544       0x5c build-SWM320Lite/py/emitbc.o
 .text.emit_write_bytecode_byte_obj
                0x000000000000c5a0       0x40 build-SWM320Lite/py/emitbc.o
 .text.emit_write_bytecode_byte_raw_code
                0x000000000000c5e0       0x46 build-SWM320Lite/py/emitbc.o
 .text.emit_write_bytecode_byte_unsigned_label
                0x000000000000c626       0x60 build-SWM320Lite/py/emitbc.o
 .text.emit_write_bytecode_byte_signed_label
                0x000000000000c686       0x64 build-SWM320Lite/py/emitbc.o
 *fill*         0x000000000000c6ea        0x2 
 .text.mp_emit_bc_start_pass
                0x000000000000c6ec      0x1fc build-SWM320Lite/py/emitbc.o
                0x000000000000c6ec                mp_emit_bc_start_pass
 .text.mp_emit_bc_end_pass
                0x000000000000c8e8       0xec build-SWM320Lite/py/emitbc.o
                0x000000000000c8e8                mp_emit_bc_end_pass
 .text.mp_emit_bc_last_emit_was_return_value
                0x000000000000c9d4       0x20 build-SWM320Lite/py/emitbc.o
                0x000000000000c9d4                mp_emit_bc_last_emit_was_return_value
 .text.mp_emit_bc_adjust_stack_size
                0x000000000000c9f4       0x70 build-SWM320Lite/py/emitbc.o
                0x000000000000c9f4                mp_emit_bc_adjust_stack_size
 .text.emit_bc_pre
                0x000000000000ca64       0x1a build-SWM320Lite/py/emitbc.o
 *fill*         0x000000000000ca7e        0x2 
 .text.mp_emit_bc_set_source_line
                0x000000000000ca80       0x5c build-SWM320Lite/py/emitbc.o
                0x000000000000ca80                mp_emit_bc_set_source_line
 .text.mp_emit_bc_label_assign
                0x000000000000cadc       0xac build-SWM320Lite/py/emitbc.o
                0x000000000000cadc                mp_emit_bc_label_assign
 .text.mp_emit_bc_import
                0x000000000000cb88       0x50 build-SWM320Lite/py/emitbc.o
                0x000000000000cb88                mp_emit_bc_import
 .text.mp_emit_bc_load_const_tok
                0x000000000000cbd8       0x78 build-SWM320Lite/py/emitbc.o
                0x000000000000cbd8                mp_emit_bc_load_const_tok
 .text.mp_emit_bc_load_const_small_int
                0x000000000000cc50       0x44 build-SWM320Lite/py/emitbc.o
                0x000000000000cc50                mp_emit_bc_load_const_small_int
 .text.mp_emit_bc_load_const_str
                0x000000000000cc94       0x24 build-SWM320Lite/py/emitbc.o
                0x000000000000cc94                mp_emit_bc_load_const_str
 .text.mp_emit_bc_load_const_obj
                0x000000000000ccb8       0x24 build-SWM320Lite/py/emitbc.o
                0x000000000000ccb8                mp_emit_bc_load_const_obj
 .text.mp_emit_bc_load_null
                0x000000000000ccdc       0x20 build-SWM320Lite/py/emitbc.o
                0x000000000000ccdc                mp_emit_bc_load_null
 .text.mp_emit_bc_load_local
                0x000000000000ccfc       0x4e build-SWM320Lite/py/emitbc.o
                0x000000000000ccfc                mp_emit_bc_load_local
 .text.mp_emit_bc_load_global
                0x000000000000cd4a       0x2e build-SWM320Lite/py/emitbc.o
                0x000000000000cd4a                mp_emit_bc_load_global
 .text.mp_emit_bc_load_method
                0x000000000000cd78       0x3c build-SWM320Lite/py/emitbc.o
                0x000000000000cd78                mp_emit_bc_load_method
 .text.mp_emit_bc_load_build_class
                0x000000000000cdb4       0x20 build-SWM320Lite/py/emitbc.o
                0x000000000000cdb4                mp_emit_bc_load_build_class
 .text.mp_emit_bc_subscr
                0x000000000000cdd4       0x50 build-SWM320Lite/py/emitbc.o
                0x000000000000cdd4                mp_emit_bc_subscr
 .text.mp_emit_bc_attr
                0x000000000000ce24       0x54 build-SWM320Lite/py/emitbc.o
                0x000000000000ce24                mp_emit_bc_attr
 .text.mp_emit_bc_store_local
                0x000000000000ce78       0x50 build-SWM320Lite/py/emitbc.o
                0x000000000000ce78                mp_emit_bc_store_local
 .text.mp_emit_bc_store_global
                0x000000000000cec8       0x30 build-SWM320Lite/py/emitbc.o
                0x000000000000cec8                mp_emit_bc_store_global
 .text.mp_emit_bc_delete_local
                0x000000000000cef8       0x28 build-SWM320Lite/py/emitbc.o
                0x000000000000cef8                mp_emit_bc_delete_local
 .text.mp_emit_bc_delete_global
                0x000000000000cf20       0x2e build-SWM320Lite/py/emitbc.o
                0x000000000000cf20                mp_emit_bc_delete_global
 .text.mp_emit_bc_dup_top
                0x000000000000cf4e       0x20 build-SWM320Lite/py/emitbc.o
                0x000000000000cf4e                mp_emit_bc_dup_top
 .text.mp_emit_bc_dup_top_two
                0x000000000000cf6e       0x20 build-SWM320Lite/py/emitbc.o
                0x000000000000cf6e                mp_emit_bc_dup_top_two
 .text.mp_emit_bc_pop_top
                0x000000000000cf8e       0x22 build-SWM320Lite/py/emitbc.o
                0x000000000000cf8e                mp_emit_bc_pop_top
 .text.mp_emit_bc_rot_two
                0x000000000000cfb0       0x20 build-SWM320Lite/py/emitbc.o
                0x000000000000cfb0                mp_emit_bc_rot_two
 .text.mp_emit_bc_rot_three
                0x000000000000cfd0       0x20 build-SWM320Lite/py/emitbc.o
                0x000000000000cfd0                mp_emit_bc_rot_three
 .text.mp_emit_bc_jump
                0x000000000000cff0       0x24 build-SWM320Lite/py/emitbc.o
                0x000000000000cff0                mp_emit_bc_jump
 .text.mp_emit_bc_pop_jump_if
                0x000000000000d014       0x3c build-SWM320Lite/py/emitbc.o
                0x000000000000d014                mp_emit_bc_pop_jump_if
 .text.mp_emit_bc_jump_if_or_pop
                0x000000000000d050       0x3c build-SWM320Lite/py/emitbc.o
                0x000000000000d050                mp_emit_bc_jump_if_or_pop
 .text.mp_emit_bc_unwind_jump
                0x000000000000d08c       0x90 build-SWM320Lite/py/emitbc.o
                0x000000000000d08c                mp_emit_bc_unwind_jump
 .text.mp_emit_bc_setup_block
                0x000000000000d11c       0x3e build-SWM320Lite/py/emitbc.o
                0x000000000000d11c                mp_emit_bc_setup_block
 .text.mp_emit_bc_with_cleanup
                0x000000000000d15a       0x42 build-SWM320Lite/py/emitbc.o
                0x000000000000d15a                mp_emit_bc_with_cleanup
 .text.mp_emit_bc_end_finally
                0x000000000000d19c       0x22 build-SWM320Lite/py/emitbc.o
                0x000000000000d19c                mp_emit_bc_end_finally
 .text.mp_emit_bc_get_iter
                0x000000000000d1be       0x3c build-SWM320Lite/py/emitbc.o
                0x000000000000d1be                mp_emit_bc_get_iter
 .text.mp_emit_bc_for_iter
                0x000000000000d1fa       0x24 build-SWM320Lite/py/emitbc.o
                0x000000000000d1fa                mp_emit_bc_for_iter
 .text.mp_emit_bc_for_iter_end
                0x000000000000d21e       0x1a build-SWM320Lite/py/emitbc.o
                0x000000000000d21e                mp_emit_bc_for_iter_end
 .text.mp_emit_bc_pop_block
                0x000000000000d238       0x20 build-SWM320Lite/py/emitbc.o
                0x000000000000d238                mp_emit_bc_pop_block
 .text.mp_emit_bc_pop_except
                0x000000000000d258       0x20 build-SWM320Lite/py/emitbc.o
                0x000000000000d258                mp_emit_bc_pop_except
 .text.mp_emit_bc_unary_op
                0x000000000000d278       0x2a build-SWM320Lite/py/emitbc.o
                0x000000000000d278                mp_emit_bc_unary_op
 .text.mp_emit_bc_binary_op
                0x000000000000d2a2       0x64 build-SWM320Lite/py/emitbc.o
                0x000000000000d2a2                mp_emit_bc_binary_op
 .text.mp_emit_bc_build
                0x000000000000d306       0x44 build-SWM320Lite/py/emitbc.o
                0x000000000000d306                mp_emit_bc_build
 .text.mp_emit_bc_store_map
                0x000000000000d34a       0x22 build-SWM320Lite/py/emitbc.o
                0x000000000000d34a                mp_emit_bc_store_map
 .text.mp_emit_bc_store_comp
                0x000000000000d36c       0x60 build-SWM320Lite/py/emitbc.o
                0x000000000000d36c                mp_emit_bc_store_comp
 .text.mp_emit_bc_unpack_sequence
                0x000000000000d3cc       0x28 build-SWM320Lite/py/emitbc.o
                0x000000000000d3cc                mp_emit_bc_unpack_sequence
 .text.mp_emit_bc_unpack_ex
                0x000000000000d3f4       0x34 build-SWM320Lite/py/emitbc.o
                0x000000000000d3f4                mp_emit_bc_unpack_ex
 .text.mp_emit_bc_make_function
                0x000000000000d428       0x52 build-SWM320Lite/py/emitbc.o
                0x000000000000d428                mp_emit_bc_make_function
 *fill*         0x000000000000d47a        0x2 
 .text.mp_emit_bc_make_closure
                0x000000000000d47c       0x94 build-SWM320Lite/py/emitbc.o
                0x000000000000d47c                mp_emit_bc_make_closure
 .text.emit_bc_call_function_method_helper
                0x000000000000d510       0x74 build-SWM320Lite/py/emitbc.o
 .text.mp_emit_bc_call_function
                0x000000000000d584       0x2a build-SWM320Lite/py/emitbc.o
                0x000000000000d584                mp_emit_bc_call_function
 .text.mp_emit_bc_call_method
                0x000000000000d5ae       0x2c build-SWM320Lite/py/emitbc.o
                0x000000000000d5ae                mp_emit_bc_call_method
 .text.mp_emit_bc_return_value
                0x000000000000d5da       0x28 build-SWM320Lite/py/emitbc.o
                0x000000000000d5da                mp_emit_bc_return_value
 *fill*         0x000000000000d602        0x2 
 .text.mp_emit_bc_raise_varargs
                0x000000000000d604       0x4c build-SWM320Lite/py/emitbc.o
                0x000000000000d604                mp_emit_bc_raise_varargs
 .text.mp_emit_bc_yield
                0x000000000000d650       0x40 build-SWM320Lite/py/emitbc.o
                0x000000000000d650                mp_emit_bc_yield
 .text.mp_emit_bc_start_except_handler
                0x000000000000d690       0x18 build-SWM320Lite/py/emitbc.o
                0x000000000000d690                mp_emit_bc_start_except_handler
 .text.mp_emit_bc_end_except_handler
                0x000000000000d6a8       0x1a build-SWM320Lite/py/emitbc.o
                0x000000000000d6a8                mp_emit_bc_end_except_handler
 .text.mp_parse_num_base
                0x000000000000d6c2      0x11a build-SWM320Lite/py/parsenumbase.o
                0x000000000000d6c2                mp_parse_num_base
 .text.raise_exc
                0x000000000000d7dc       0x30 build-SWM320Lite/py/parsenum.o
 .text.mp_parse_num_integer
                0x000000000000d80c      0x1d0 build-SWM320Lite/py/parsenum.o
                0x000000000000d80c                mp_parse_num_integer
 .text.mp_parse_num_decimal
                0x000000000000d9dc       0x30 build-SWM320Lite/py/parsenum.o
                0x000000000000d9dc                mp_parse_num_decimal
 .text.MP_OBJ_IS_OBJ
                0x000000000000da0c       0x22 build-SWM320Lite/py/emitglue.o
 .text.mp_emit_glue_new_raw_code
                0x000000000000da2e       0x24 build-SWM320Lite/py/emitglue.o
                0x000000000000da2e                mp_emit_glue_new_raw_code
 .text.mp_emit_glue_assign_bytecode
                0x000000000000da52       0x44 build-SWM320Lite/py/emitglue.o
                0x000000000000da52                mp_emit_glue_assign_bytecode
 *fill*         0x000000000000da96        0x2 
 .text.mp_make_function_from_raw_code
                0x000000000000da98       0xec build-SWM320Lite/py/emitglue.o
                0x000000000000da98                mp_make_function_from_raw_code
 .text.mp_make_closure_from_raw_code
                0x000000000000db84       0x5c build-SWM320Lite/py/emitglue.o
                0x000000000000db84                mp_make_closure_from_raw_code
 .text.mp_small_int_bits
                0x000000000000dbe0       0x30 build-SWM320Lite/py/persistentcode.o
 .text.extract_prelude
                0x000000000000dc10       0xa8 build-SWM320Lite/py/persistentcode.o
 .text.read_byte
                0x000000000000dcb8       0x1e build-SWM320Lite/py/persistentcode.o
 .text.read_bytes
                0x000000000000dcd6       0x38 build-SWM320Lite/py/persistentcode.o
 .text.read_uint
                0x000000000000dd0e       0x40 build-SWM320Lite/py/persistentcode.o
 .text.load_qstr
                0x000000000000dd4e       0x3c build-SWM320Lite/py/persistentcode.o
 *fill*         0x000000000000dd8a        0x2 
 .text.load_obj
                0x000000000000dd8c       0xd0 build-SWM320Lite/py/persistentcode.o
 .text.load_bytecode_qstrs
                0x000000000000de5c       0x58 build-SWM320Lite/py/persistentcode.o
 .text.load_raw_code
                0x000000000000deb4      0x140 build-SWM320Lite/py/persistentcode.o
 .text.mp_raw_code_load
                0x000000000000dff4       0x60 build-SWM320Lite/py/persistentcode.o
                0x000000000000dff4                mp_raw_code_load
 .text.mp_raw_code_load_file
                0x000000000000e054       0x28 build-SWM320Lite/py/persistentcode.o
                0x000000000000e054                mp_raw_code_load_file
 .text.MP_OBJ_IS_SMALL_INT
                0x000000000000e07c       0x22 build-SWM320Lite/py/runtime.o
 .text.MP_OBJ_IS_QSTR
                0x000000000000e09e       0x22 build-SWM320Lite/py/runtime.o
 .text.MP_OBJ_IS_OBJ
                0x000000000000e0c0       0x22 build-SWM320Lite/py/runtime.o
 .text.MP_MAP_SLOT_IS_FILLED
                0x000000000000e0e2       0x40 build-SWM320Lite/py/runtime.o
 *fill*         0x000000000000e122        0x2 
 .text.mp_obj_new_bool
                0x000000000000e124       0x28 build-SWM320Lite/py/runtime.o
 .text.mp_obj_dict_get_map
                0x000000000000e14c       0x16 build-SWM320Lite/py/runtime.o
 .text.mp_obj_module_get_globals
                0x000000000000e162       0x16 build-SWM320Lite/py/runtime.o
 .text.mp_local_free
                0x000000000000e178       0x12 build-SWM320Lite/py/runtime.o
 .text.mp_nonlocal_alloc
                0x000000000000e18a       0x18 build-SWM320Lite/py/runtime.o
 .text.mp_nonlocal_realloc
                0x000000000000e1a2       0x1e build-SWM320Lite/py/runtime.o
 .text.mp_nonlocal_free
                0x000000000000e1c0       0x18 build-SWM320Lite/py/runtime.o
 .text.mp_locals_get
                0x000000000000e1d8       0x14 build-SWM320Lite/py/runtime.o
 .text.mp_locals_set
                0x000000000000e1ec       0x1c build-SWM320Lite/py/runtime.o
 .text.mp_globals_get
                0x000000000000e208       0x14 build-SWM320Lite/py/runtime.o
 .text.mp_globals_set
                0x000000000000e21c       0x1c build-SWM320Lite/py/runtime.o
 .text.mp_init  0x000000000000e238       0x8c build-SWM320Lite/py/runtime.o
                0x000000000000e238                mp_init
 .text.mp_load_name
                0x000000000000e2c4       0x4e build-SWM320Lite/py/runtime.o
                0x000000000000e2c4                mp_load_name
 *fill*         0x000000000000e312        0x2 
 .text.mp_load_global
                0x000000000000e314       0x94 build-SWM320Lite/py/runtime.o
                0x000000000000e314                mp_load_global
 .text.mp_load_build_class
                0x000000000000e3a8       0x40 build-SWM320Lite/py/runtime.o
                0x000000000000e3a8                mp_load_build_class
 .text.mp_store_name
                0x000000000000e3e8       0x26 build-SWM320Lite/py/runtime.o
                0x000000000000e3e8                mp_store_name
 .text.mp_delete_name
                0x000000000000e40e       0x26 build-SWM320Lite/py/runtime.o
                0x000000000000e40e                mp_delete_name
 .text.mp_store_global
                0x000000000000e434       0x26 build-SWM320Lite/py/runtime.o
                0x000000000000e434                mp_store_global
 .text.mp_delete_global
                0x000000000000e45a       0x26 build-SWM320Lite/py/runtime.o
                0x000000000000e45a                mp_delete_global
 .text.mp_unary_op
                0x000000000000e480      0x1d0 build-SWM320Lite/py/runtime.o
                0x000000000000e480                mp_unary_op
 .text.mp_binary_op
                0x000000000000e650      0x4c8 build-SWM320Lite/py/runtime.o
                0x000000000000e650                mp_binary_op
 .text.mp_call_function_0
                0x000000000000eb18       0x1e build-SWM320Lite/py/runtime.o
                0x000000000000eb18                mp_call_function_0
 .text.mp_call_function_1
                0x000000000000eb36       0x20 build-SWM320Lite/py/runtime.o
                0x000000000000eb36                mp_call_function_1
 *fill*         0x000000000000eb56        0x2 
 .text.mp_call_function_n_kw
                0x000000000000eb58       0x44 build-SWM320Lite/py/runtime.o
                0x000000000000eb58                mp_call_function_n_kw
 .text.mp_call_method_n_kw
                0x000000000000eb9c       0x48 build-SWM320Lite/py/runtime.o
                0x000000000000eb9c                mp_call_method_n_kw
 .text.mp_call_prepare_args_n_kw_var
                0x000000000000ebe4      0x45c build-SWM320Lite/py/runtime.o
 .text.mp_call_method_n_kw_var
                0x000000000000f040       0x42 build-SWM320Lite/py/runtime.o
                0x000000000000f040                mp_call_method_n_kw_var
 *fill*         0x000000000000f082        0x2 
 .text.mp_unpack_sequence
                0x000000000000f084      0x10c build-SWM320Lite/py/runtime.o
                0x000000000000f084                mp_unpack_sequence
 .text.mp_unpack_ex
                0x000000000000f190      0x1e0 build-SWM320Lite/py/runtime.o
                0x000000000000f190                mp_unpack_ex
 .text.mp_load_attr
                0x000000000000f370       0x38 build-SWM320Lite/py/runtime.o
                0x000000000000f370                mp_load_attr
 .text.checked_fun_call
                0x000000000000f3a8       0x50 build-SWM320Lite/py/runtime.o
 .text.mp_obj_new_checked_fun
                0x000000000000f3f8       0x34 build-SWM320Lite/py/runtime.o
 .text.mp_convert_member_lookup
                0x000000000000f42c      0x140 build-SWM320Lite/py/runtime.o
                0x000000000000f42c                mp_convert_member_lookup
 .text.mp_load_method_maybe
                0x000000000000f56c       0xd4 build-SWM320Lite/py/runtime.o
                0x000000000000f56c                mp_load_method_maybe
 .text.mp_load_method
                0x000000000000f640       0x38 build-SWM320Lite/py/runtime.o
                0x000000000000f640                mp_load_method
 .text.mp_load_method_protected
                0x000000000000f678       0x68 build-SWM320Lite/py/runtime.o
                0x000000000000f678                mp_load_method_protected
 .text.mp_store_attr
                0x000000000000f6e0       0x50 build-SWM320Lite/py/runtime.o
                0x000000000000f6e0                mp_store_attr
 .text.mp_getiter
                0x000000000000f730       0xa8 build-SWM320Lite/py/runtime.o
                0x000000000000f730                mp_getiter
 .text.mp_iternext_allow_raise
                0x000000000000f7d8       0x5c build-SWM320Lite/py/runtime.o
                0x000000000000f7d8                mp_iternext_allow_raise
 .text.mp_iternext
                0x000000000000f834       0x94 build-SWM320Lite/py/runtime.o
                0x000000000000f834                mp_iternext
 .text.mp_resume
                0x000000000000f8c8      0x1c8 build-SWM320Lite/py/runtime.o
                0x000000000000f8c8                mp_resume
 .text.mp_make_raise_obj
                0x000000000000fa90       0x50 build-SWM320Lite/py/runtime.o
                0x000000000000fa90                mp_make_raise_obj
 .text.mp_import_name
                0x000000000000fae0       0x40 build-SWM320Lite/py/runtime.o
                0x000000000000fae0                mp_import_name
 .text.mp_import_from
                0x000000000000fb20      0x120 build-SWM320Lite/py/runtime.o
                0x000000000000fb20                mp_import_from
 .text.mp_import_all
                0x000000000000fc40       0x74 build-SWM320Lite/py/runtime.o
                0x000000000000fc40                mp_import_all
 .text.mp_parse_compile_execute
                0x000000000000fcb4       0xa0 build-SWM320Lite/py/runtime.o
                0x000000000000fcb4                mp_parse_compile_execute
 .text.m_malloc_fail
                0x000000000000fd54       0x38 build-SWM320Lite/py/runtime.o
                0x000000000000fd54                m_malloc_fail
 .text.mp_raise_msg
                0x000000000000fd8c       0x2e build-SWM320Lite/py/runtime.o
                0x000000000000fd8c                mp_raise_msg
 *fill*         0x000000000000fdba        0x2 
 .text.mp_raise_ValueError
                0x000000000000fdbc       0x14 build-SWM320Lite/py/runtime.o
                0x000000000000fdbc                mp_raise_ValueError
 .text.mp_raise_TypeError
                0x000000000000fdd0       0x14 build-SWM320Lite/py/runtime.o
                0x000000000000fdd0                mp_raise_TypeError
 .text.mp_raise_OSError
                0x000000000000fde4       0x24 build-SWM320Lite/py/runtime.o
                0x000000000000fde4                mp_raise_OSError
 .text.mp_raise_NotImplementedError
                0x000000000000fe08       0x14 build-SWM320Lite/py/runtime.o
                0x000000000000fe08                mp_raise_NotImplementedError
 .text.mp_call_function_1_protected
                0x000000000000fe1c       0x44 build-SWM320Lite/py/runtime_utils.o
                0x000000000000fe1c                mp_call_function_1_protected
 .text.mp_arg_check_num
                0x000000000000fe60       0x58 build-SWM320Lite/py/argcheck.o
                0x000000000000fe60                mp_arg_check_num
 .text.mp_arg_parse_all
                0x000000000000feb8      0x15c build-SWM320Lite/py/argcheck.o
                0x000000000000feb8                mp_arg_parse_all
 .text.mp_arg_parse_all_kw_array
                0x0000000000010014       0x40 build-SWM320Lite/py/argcheck.o
                0x0000000000010014                mp_arg_parse_all_kw_array
 .text.mp_arg_error_terse_mismatch
                0x0000000000010054       0x10 build-SWM320Lite/py/argcheck.o
                0x0000000000010054                mp_arg_error_terse_mismatch
 .text.mp_arg_error_unimpl_kw
                0x0000000000010064       0x10 build-SWM320Lite/py/argcheck.o
                0x0000000000010064                mp_arg_error_unimpl_kw
 .text.MP_OBJ_IS_QSTR
                0x0000000000010074       0x22 build-SWM320Lite/py/map.o
 .text.MP_OBJ_IS_OBJ
                0x0000000000010096       0x22 build-SWM320Lite/py/map.o
 .text.MP_SET_SLOT_IS_FILLED
                0x00000000000100b8       0x40 build-SWM320Lite/py/map.o
 .text.get_hash_alloc_greater_or_equal_to
                0x00000000000100f8       0x50 build-SWM320Lite/py/map.o
 .text.mp_map_init
                0x0000000000010148       0x66 build-SWM320Lite/py/map.o
                0x0000000000010148                mp_map_init
 .text.mp_map_init_fixed_table
                0x00000000000101ae       0x50 build-SWM320Lite/py/map.o
                0x00000000000101ae                mp_map_init_fixed_table
 .text.mp_map_deinit
                0x00000000000101fe       0x38 build-SWM320Lite/py/map.o
                0x00000000000101fe                mp_map_deinit
 .text.mp_map_clear
                0x0000000000010236       0x52 build-SWM320Lite/py/map.o
                0x0000000000010236                mp_map_clear
 .text.mp_map_rehash
                0x0000000000010288       0xae build-SWM320Lite/py/map.o
 *fill*         0x0000000000010336        0x2 
 .text.mp_map_lookup
                0x0000000000010338      0x40c build-SWM320Lite/py/map.o
                0x0000000000010338                mp_map_lookup
 .text.mp_set_init
                0x0000000000010744       0x30 build-SWM320Lite/py/map.o
                0x0000000000010744                mp_set_init
 .text.mp_set_rehash
                0x0000000000010774       0x90 build-SWM320Lite/py/map.o
 .text.mp_set_lookup
                0x0000000000010804      0x182 build-SWM320Lite/py/map.o
                0x0000000000010804                mp_set_lookup
 .text.mp_set_remove_first
                0x0000000000010986       0x90 build-SWM320Lite/py/map.o
                0x0000000000010986                mp_set_remove_first
 .text.mp_set_clear
                0x0000000000010a16       0x2c build-SWM320Lite/py/map.o
                0x0000000000010a16                mp_set_clear
 .text.MP_OBJ_IS_SMALL_INT
                0x0000000000010a42       0x22 build-SWM320Lite/py/obj.o
 .text.MP_OBJ_IS_QSTR
                0x0000000000010a64       0x22 build-SWM320Lite/py/obj.o
 .text.MP_OBJ_IS_OBJ
                0x0000000000010a86       0x22 build-SWM320Lite/py/obj.o
 .text.mp_obj_get_type
                0x0000000000010aa8       0x40 build-SWM320Lite/py/obj.o
                0x0000000000010aa8                mp_obj_get_type
 .text.mp_obj_get_type_str
                0x0000000000010ae8       0x22 build-SWM320Lite/py/obj.o
                0x0000000000010ae8                mp_obj_get_type_str
 *fill*         0x0000000000010b0a        0x2 
 .text.mp_obj_print_helper
                0x0000000000010b0c       0x58 build-SWM320Lite/py/obj.o
                0x0000000000010b0c                mp_obj_print_helper
 .text.mp_obj_print
                0x0000000000010b64       0x24 build-SWM320Lite/py/obj.o
                0x0000000000010b64                mp_obj_print
 .text.mp_obj_print_exception
                0x0000000000010b88       0xec build-SWM320Lite/py/obj.o
                0x0000000000010b88                mp_obj_print_exception
 .text.mp_obj_is_true
                0x0000000000010c74       0xac build-SWM320Lite/py/obj.o
                0x0000000000010c74                mp_obj_is_true
 .text.mp_obj_is_callable
                0x0000000000010d20       0x40 build-SWM320Lite/py/obj.o
                0x0000000000010d20                mp_obj_is_callable
 .text.mp_obj_equal
                0x0000000000010d60      0x114 build-SWM320Lite/py/obj.o
                0x0000000000010d60                mp_obj_equal
 .text.mp_obj_get_int
                0x0000000000010e74       0x70 build-SWM320Lite/py/obj.o
                0x0000000000010e74                mp_obj_get_int
 .text.mp_obj_get_int_truncated
                0x0000000000010ee4       0x48 build-SWM320Lite/py/obj.o
                0x0000000000010ee4                mp_obj_get_int_truncated
 .text.mp_obj_get_int_maybe
                0x0000000000010f2c       0x80 build-SWM320Lite/py/obj.o
                0x0000000000010f2c                mp_obj_get_int_maybe
 .text.mp_obj_get_array
                0x0000000000010fac       0x6c build-SWM320Lite/py/obj.o
                0x0000000000010fac                mp_obj_get_array
 .text.mp_obj_get_array_fixed_n
                0x0000000000011018       0x34 build-SWM320Lite/py/obj.o
                0x0000000000011018                mp_obj_get_array_fixed_n
 .text.mp_get_index
                0x000000000001104c       0xa0 build-SWM320Lite/py/obj.o
                0x000000000001104c                mp_get_index
 .text.mp_obj_id
                0x00000000000110ec       0x4a build-SWM320Lite/py/obj.o
                0x00000000000110ec                mp_obj_id
 *fill*         0x0000000000011136        0x2 
 .text.mp_obj_len
                0x0000000000011138       0x2c build-SWM320Lite/py/obj.o
                0x0000000000011138                mp_obj_len
 .text.mp_obj_len_maybe
                0x0000000000011164       0x74 build-SWM320Lite/py/obj.o
                0x0000000000011164                mp_obj_len_maybe
 .text.mp_obj_subscr
                0x00000000000111d8       0x68 build-SWM320Lite/py/obj.o
                0x00000000000111d8                mp_obj_subscr
 .text.mp_identity
                0x0000000000011240       0x14 build-SWM320Lite/py/obj.o
                0x0000000000011240                mp_identity
 .text.mp_identity_getiter
                0x0000000000011254       0x16 build-SWM320Lite/py/obj.o
                0x0000000000011254                mp_identity_getiter
 .text.mp_get_buffer
                0x000000000001126a       0x42 build-SWM320Lite/py/obj.o
                0x000000000001126a                mp_get_buffer
 .text.mp_get_buffer_raise
                0x00000000000112ac       0x34 build-SWM320Lite/py/obj.o
                0x00000000000112ac                mp_get_buffer_raise
 .text.mp_generic_unary_op
                0x00000000000112e0       0x28 build-SWM320Lite/py/obj.o
                0x00000000000112e0                mp_generic_unary_op
 .text.MP_OBJ_IS_SMALL_INT
                0x0000000000011308       0x22 build-SWM320Lite/py/objarray.o
 .text.MP_OBJ_IS_OBJ
                0x000000000001132a       0x22 build-SWM320Lite/py/objarray.o
 .text.mp_obj_new_bool
                0x000000000001134c       0x28 build-SWM320Lite/py/objarray.o
 .text.array_print
                0x0000000000011374       0xc4 build-SWM320Lite/py/objarray.o
 .text.array_new
                0x0000000000011438       0x78 build-SWM320Lite/py/objarray.o
 .text.array_construct
                0x00000000000114b0      0x110 build-SWM320Lite/py/objarray.o
 .text.array_make_new
                0x00000000000115c0       0x60 build-SWM320Lite/py/objarray.o
 .text.bytearray_make_new
                0x0000000000011620       0xa0 build-SWM320Lite/py/objarray.o
 .text.mp_obj_new_memoryview
                0x00000000000116c0       0x48 build-SWM320Lite/py/objarray.o
                0x00000000000116c0                mp_obj_new_memoryview
 .text.memoryview_make_new
                0x0000000000011708       0x82 build-SWM320Lite/py/objarray.o
 .text.array_unary_op
                0x000000000001178a       0x4a build-SWM320Lite/py/objarray.o
 .text.array_binary_op
                0x00000000000117d4      0x230 build-SWM320Lite/py/objarray.o
 .text.array_append
                0x0000000000011a04      0x12c build-SWM320Lite/py/objarray.o
 .text.array_extend
                0x0000000000011b30      0x118 build-SWM320Lite/py/objarray.o
 .text.array_subscr
                0x0000000000011c48      0x400 build-SWM320Lite/py/objarray.o
 .text.array_get_buffer
                0x0000000000012048       0x94 build-SWM320Lite/py/objarray.o
 .text.array_it_iternext
                0x00000000000120dc       0x56 build-SWM320Lite/py/objarray.o
 *fill*         0x0000000000012132        0x2 
 .text.array_iterator_new
                0x0000000000012134       0x58 build-SWM320Lite/py/objarray.o
 .text.mp_obj_attrtuple_print_helper
                0x000000000001218c       0x80 build-SWM320Lite/py/objattrtuple.o
                0x000000000001218c                mp_obj_attrtuple_print_helper
 .text.mp_obj_attrtuple_print
                0x000000000001220c       0x32 build-SWM320Lite/py/objattrtuple.o
 .text.mp_obj_attrtuple_attr
                0x000000000001223e       0x66 build-SWM320Lite/py/objattrtuple.o
 .text.mp_obj_new_bool
                0x00000000000122a4       0x28 build-SWM320Lite/py/objbool.o
 .text.bool_print
                0x00000000000122cc       0x68 build-SWM320Lite/py/objbool.o
 .text.bool_make_new
                0x0000000000012334       0x48 build-SWM320Lite/py/objbool.o
 .text.bool_unary_op
                0x000000000001237c       0x3a build-SWM320Lite/py/objbool.o
 .text.bool_binary_op
                0x00000000000123b6       0x32 build-SWM320Lite/py/objbool.o
 .text.mp_call_method_self_n_kw
                0x00000000000123e8       0x96 build-SWM320Lite/py/objboundmeth.o
                0x00000000000123e8                mp_call_method_self_n_kw
 .text.bound_meth_call
                0x000000000001247e       0x30 build-SWM320Lite/py/objboundmeth.o
 *fill*         0x00000000000124ae        0x2 
 .text.mp_obj_new_bound_meth
                0x00000000000124b0       0x34 build-SWM320Lite/py/objboundmeth.o
                0x00000000000124b0                mp_obj_new_bound_meth
 .text.mp_obj_cell_get
                0x00000000000124e4       0x1a build-SWM320Lite/py/objcell.o
                0x00000000000124e4                mp_obj_cell_get
 .text.mp_obj_cell_set
                0x00000000000124fe       0x1e build-SWM320Lite/py/objcell.o
                0x00000000000124fe                mp_obj_cell_set
 .text.mp_obj_new_cell
                0x000000000001251c       0x2c build-SWM320Lite/py/objcell.o
                0x000000000001251c                mp_obj_new_cell
 .text.closure_call
                0x0000000000012548       0xd8 build-SWM320Lite/py/objclosure.o
 .text.mp_obj_new_closure
                0x0000000000012620       0x4c build-SWM320Lite/py/objclosure.o
                0x0000000000012620                mp_obj_new_closure
 .text.MP_OBJ_IS_OBJ
                0x000000000001266c       0x22 build-SWM320Lite/py/objdict.o
 .text.MP_MAP_SLOT_IS_FILLED
                0x000000000001268e       0x40 build-SWM320Lite/py/objdict.o
 *fill*         0x00000000000126ce        0x2 
 .text.mp_obj_new_bool
                0x00000000000126d0       0x28 build-SWM320Lite/py/objdict.o
 .text.dict_iter_next
                0x00000000000126f8       0x58 build-SWM320Lite/py/objdict.o
 .text.dict_print
                0x0000000000012750       0xdc build-SWM320Lite/py/objdict.o
 .text.dict_make_new
                0x000000000001282c       0x7c build-SWM320Lite/py/objdict.o
 .text.dict_unary_op
                0x00000000000128a8       0x52 build-SWM320Lite/py/objdict.o
 *fill*         0x00000000000128fa        0x2 
 .text.dict_binary_op
                0x00000000000128fc      0x1e4 build-SWM320Lite/py/objdict.o
 .text.mp_obj_dict_get
                0x0000000000012ae0       0x44 build-SWM320Lite/py/objdict.o
                0x0000000000012ae0                mp_obj_dict_get
 .text.dict_subscr
                0x0000000000012b24       0x70 build-SWM320Lite/py/objdict.o
 .text.mp_ensure_not_fixed
                0x0000000000012b94       0x24 build-SWM320Lite/py/objdict.o
 .text.dict_clear
                0x0000000000012bb8       0x2c build-SWM320Lite/py/objdict.o
 .text.dict_copy
                0x0000000000012be4       0x86 build-SWM320Lite/py/objdict.o
 *fill*         0x0000000000012c6a        0x2 
 .text.dict_fromkeys
                0x0000000000012c6c       0x90 build-SWM320Lite/py/objdict.o
 .text.dict_get_helper
                0x0000000000012cfc       0xa4 build-SWM320Lite/py/objdict.o
 .text.dict_get
                0x0000000000012da0       0x1e build-SWM320Lite/py/objdict.o
 .text.dict_pop
                0x0000000000012dbe       0x1e build-SWM320Lite/py/objdict.o
 .text.dict_setdefault
                0x0000000000012ddc       0x1e build-SWM320Lite/py/objdict.o
 *fill*         0x0000000000012dfa        0x2 
 .text.dict_popitem
                0x0000000000012dfc       0x88 build-SWM320Lite/py/objdict.o
 .text.dict_update
                0x0000000000012e84      0x178 build-SWM320Lite/py/objdict.o
 .text.dict_view_it_iternext
                0x0000000000012ffc       0x62 build-SWM320Lite/py/objdict.o
 *fill*         0x000000000001305e        0x2 
 .text.dict_view_getiter
                0x0000000000013060       0x40 build-SWM320Lite/py/objdict.o
 .text.dict_view_print
                0x00000000000130a0       0x9c build-SWM320Lite/py/objdict.o
 .text.dict_view_binary_op
                0x000000000001313c       0x40 build-SWM320Lite/py/objdict.o
 .text.mp_obj_new_dict_view
                0x000000000001317c       0x34 build-SWM320Lite/py/objdict.o
 .text.dict_view
                0x00000000000131b0       0x20 build-SWM320Lite/py/objdict.o
 .text.dict_items
                0x00000000000131d0       0x1a build-SWM320Lite/py/objdict.o
 .text.dict_keys
                0x00000000000131ea       0x1a build-SWM320Lite/py/objdict.o
 .text.dict_values
                0x0000000000013204       0x1a build-SWM320Lite/py/objdict.o
 *fill*         0x000000000001321e        0x2 
 .text.dict_getiter
                0x0000000000013220       0x38 build-SWM320Lite/py/objdict.o
 .text.mp_obj_dict_init
                0x0000000000013258       0x28 build-SWM320Lite/py/objdict.o
                0x0000000000013258                mp_obj_dict_init
 .text.mp_obj_new_dict
                0x0000000000013280       0x22 build-SWM320Lite/py/objdict.o
                0x0000000000013280                mp_obj_new_dict
 .text.mp_obj_dict_len
                0x00000000000132a2       0x1e build-SWM320Lite/py/objdict.o
                0x00000000000132a2                mp_obj_dict_len
 .text.mp_obj_dict_store
                0x00000000000132c0       0x34 build-SWM320Lite/py/objdict.o
                0x00000000000132c0                mp_obj_dict_store
 .text.mp_obj_dict_delete
                0x00000000000132f4       0x2a build-SWM320Lite/py/objdict.o
                0x00000000000132f4                mp_obj_dict_delete
 .text.MP_OBJ_IS_OBJ
                0x000000000001331e       0x22 build-SWM320Lite/py/objenumerate.o
 .text.enumerate_make_new
                0x0000000000013340       0x58 build-SWM320Lite/py/objenumerate.o
 .text.enumerate_iternext
                0x0000000000013398       0x80 build-SWM320Lite/py/objenumerate.o
 .text.enable_irq
                0x0000000000013418       0x1c build-SWM320Lite/py/objexcept.o
 .text.disable_irq
                0x0000000000013434       0x1e build-SWM320Lite/py/objexcept.o
 .text.MP_OBJ_IS_SMALL_INT
                0x0000000000013452       0x22 build-SWM320Lite/py/objexcept.o
 .text.MP_OBJ_IS_OBJ
                0x0000000000013474       0x22 build-SWM320Lite/py/objexcept.o
 *fill*         0x0000000000013496        0x2 
 .text.mp_init_emergency_exception_buf
                0x0000000000013498       0x20 build-SWM320Lite/py/objexcept.o
                0x0000000000013498                mp_init_emergency_exception_buf
 .text.mp_alloc_emergency_exception_buf
                0x00000000000134b8       0x6c build-SWM320Lite/py/objexcept.o
                0x00000000000134b8                mp_alloc_emergency_exception_buf
 .text.mp_obj_exception_print
                0x0000000000013524      0x114 build-SWM320Lite/py/objexcept.o
                0x0000000000013524                mp_obj_exception_print
 .text.mp_obj_exception_make_new
                0x0000000000013638       0xc4 build-SWM320Lite/py/objexcept.o
                0x0000000000013638                mp_obj_exception_make_new
 .text.mp_obj_exception_get_value
                0x00000000000136fc       0x30 build-SWM320Lite/py/objexcept.o
                0x00000000000136fc                mp_obj_exception_get_value
 .text.mp_obj_exception_attr
                0x000000000001372c       0x7c build-SWM320Lite/py/objexcept.o
                0x000000000001372c                mp_obj_exception_attr
 .text.mp_obj_new_exception
                0x00000000000137a8       0x1c build-SWM320Lite/py/objexcept.o
                0x00000000000137a8                mp_obj_new_exception
 .text.mp_obj_new_exception_arg1
                0x00000000000137c4       0x20 build-SWM320Lite/py/objexcept.o
                0x00000000000137c4                mp_obj_new_exception_arg1
 .text.mp_obj_new_exception_args
                0x00000000000137e4       0x4c build-SWM320Lite/py/objexcept.o
                0x00000000000137e4                mp_obj_new_exception_args
 .text.mp_obj_new_exception_msg
                0x0000000000013830       0x1c build-SWM320Lite/py/objexcept.o
                0x0000000000013830                mp_obj_new_exception_msg
 .text.exc_add_strn
                0x000000000001384c       0xa4 build-SWM320Lite/py/objexcept.o
 .text.mp_obj_new_exception_msg_varg
                0x00000000000138f0      0x17c build-SWM320Lite/py/objexcept.o
                0x00000000000138f0                mp_obj_new_exception_msg_varg
 .text.mp_obj_is_exception_type
                0x0000000000013a6c       0x50 build-SWM320Lite/py/objexcept.o
                0x0000000000013a6c                mp_obj_is_exception_type
 .text.mp_obj_is_exception_instance
                0x0000000000013abc       0x20 build-SWM320Lite/py/objexcept.o
                0x0000000000013abc                mp_obj_is_exception_instance
 .text.mp_obj_exception_match
                0x0000000000013adc       0x30 build-SWM320Lite/py/objexcept.o
                0x0000000000013adc                mp_obj_exception_match
 .text.mp_obj_exception_clear_traceback
                0x0000000000013b0c       0x5c build-SWM320Lite/py/objexcept.o
                0x0000000000013b0c                mp_obj_exception_clear_traceback
 .text.mp_obj_exception_add_traceback
                0x0000000000013b68      0x12c build-SWM320Lite/py/objexcept.o
                0x0000000000013b68                mp_obj_exception_add_traceback
 .text.mp_obj_exception_get_traceback
                0x0000000000013c94       0x84 build-SWM320Lite/py/objexcept.o
                0x0000000000013c94                mp_obj_exception_get_traceback
 .text.filter_make_new
                0x0000000000013d18       0x52 build-SWM320Lite/py/objfilter.o
 *fill*         0x0000000000013d6a        0x2 
 .text.filter_iternext
                0x0000000000013d6c       0x64 build-SWM320Lite/py/objfilter.o
 .text.MP_OBJ_IS_OBJ
                0x0000000000013dd0       0x22 build-SWM320Lite/py/objfun.o
 *fill*         0x0000000000013df2        0x2 
 .text.mp_globals_get
                0x0000000000013df4       0x14 build-SWM320Lite/py/objfun.o
 .text.mp_globals_set
                0x0000000000013e08       0x1c build-SWM320Lite/py/objfun.o
 .text.fun_builtin_0_call
                0x0000000000013e24       0x64 build-SWM320Lite/py/objfun.o
 .text.fun_builtin_1_call
                0x0000000000013e88       0x6c build-SWM320Lite/py/objfun.o
 .text.fun_builtin_2_call
                0x0000000000013ef4       0x70 build-SWM320Lite/py/objfun.o
 .text.fun_builtin_3_call
                0x0000000000013f64       0x74 build-SWM320Lite/py/objfun.o
 .text.fun_builtin_var_call
                0x0000000000013fd8       0xb4 build-SWM320Lite/py/objfun.o
 .text.mp_obj_code_get_name
                0x000000000001408c       0x28 build-SWM320Lite/py/objfun.o
                0x000000000001408c                mp_obj_code_get_name
 .text.mp_obj_fun_get_name
                0x00000000000140b4       0x4a build-SWM320Lite/py/objfun.o
                0x00000000000140b4                mp_obj_fun_get_name
 *fill*         0x00000000000140fe        0x2 
 .text.fun_bc_print
                0x0000000000014100       0x30 build-SWM320Lite/py/objfun.o
 .text.fun_bc_call
                0x0000000000014130      0x124 build-SWM320Lite/py/objfun.o
 .text.mp_obj_new_fun_bc
                0x0000000000014254       0xd4 build-SWM320Lite/py/objfun.o
                0x0000000000014254                mp_obj_new_fun_bc
 .text.mp_globals_get
                0x0000000000014328       0x14 build-SWM320Lite/py/objgenerator.o
 .text.mp_globals_set
                0x000000000001433c       0x1c build-SWM320Lite/py/objgenerator.o
 .text.gen_wrap_call
                0x0000000000014358       0x84 build-SWM320Lite/py/objgenerator.o
 .text.gen_instance_print
                0x00000000000143dc       0x34 build-SWM320Lite/py/objgenerator.o
 .text.mp_obj_gen_resume
                0x0000000000014410      0x120 build-SWM320Lite/py/objgenerator.o
                0x0000000000014410                mp_obj_gen_resume
 .text.gen_resume_and_raise