Archive member included to satisfy reference by file (symbol)

/mnt/c/Ubuntu/gcc-arm-none/bin/../lib/gcc/arm-none-eabi/6.3.1/../../../../arm-none-eabi/lib/libc.a(lib_a-exit.o)
                              /mnt/c/Ubuntu/gcc-arm-none/bin/../lib/gcc/arm-none-eabi/6.3.1/../../../../arm-none-eabi/lib/crt0.o (exit)
/mnt/c/Ubuntu/gcc-arm-none/bin/../lib/gcc/arm-none-eabi/6.3.1/../../../../arm-none-eabi/lib/libc.a(lib_a-impure.o)
                              /mnt/c/Ubuntu/gcc-arm-none/bin/../lib/gcc/arm-none-eabi/6.3.1/../../../../arm-none-eabi/lib/libc.a(lib_a-exit.o) (_global_impure_ptr)
/mnt/c/Ubuntu/gcc-arm-none/bin/../lib/gcc/arm-none-eabi/6.3.1/../../../../arm-none-eabi/lib/libc.a(lib_a-init.o)
                              /mnt/c/Ubuntu/gcc-arm-none/bin/../lib/gcc/arm-none-eabi/6.3.1/../../../../arm-none-eabi/lib/crt0.o (__libc_init_array)
/mnt/c/Ubuntu/gcc-arm-none/bin/../lib/gcc/arm-none-eabi/6.3.1/../../../../arm-none-eabi/lib/libc.a(lib_a-__call_atexit.o)
                              /mnt/c/Ubuntu/gcc-arm-none/bin/../lib/gcc/arm-none-eabi/6.3.1/../../../../arm-none-eabi/lib/libc.a(lib_a-exit.o) (__call_exitprocs)
/mnt/c/Ubuntu/gcc-arm-none/bin/../lib/gcc/arm-none-eabi/6.3.1/../../../../arm-none-eabi/lib/libc.a(lib_a-atexit.o)
                              /mnt/c/Ubuntu/gcc-arm-none/bin/../lib/gcc/arm-none-eabi/6.3.1/../../../../arm-none-eabi/lib/libc.a(lib_a-__call_atexit.o) (atexit)
/mnt/c/Ubuntu/gcc-arm-none/bin/../lib/gcc/arm-none-eabi/6.3.1/../../../../arm-none-eabi/lib/libc.a(lib_a-fini.o)
                              /mnt/c/Ubuntu/gcc-arm-none/bin/../lib/gcc/arm-none-eabi/6.3.1/../../../../arm-none-eabi/lib/libc.a(lib_a-__call_atexit.o) (__libc_fini_array)
/mnt/c/Ubuntu/gcc-arm-none/bin/../lib/gcc/arm-none-eabi/6.3.1/../../../../arm-none-eabi/lib/libc.a(lib_a-lock.o)
                              /mnt/c/Ubuntu/gcc-arm-none/bin/../lib/gcc/arm-none-eabi/6.3.1/../../../../arm-none-eabi/lib/libc.a(lib_a-__call_atexit.o) (__retarget_lock_acquire_recursive)
/mnt/c/Ubuntu/gcc-arm-none/bin/../lib/gcc/arm-none-eabi/6.3.1/../../../../arm-none-eabi/lib/libc.a(lib_a-__atexit.o)
                              /mnt/c/Ubuntu/gcc-arm-none/bin/../lib/gcc/arm-none-eabi/6.3.1/../../../../arm-none-eabi/lib/libc.a(lib_a-atexit.o) (__register_exitproc)

Allocating common symbols
Common symbol       size              file

__lock___atexit_recursive_mutex
                    0x1               /mnt/c/Ubuntu/gcc-arm-none/bin/../lib/gcc/arm-none-eabi/6.3.1/../../../../arm-none-eabi/lib/libc.a(lib_a-lock.o)
__lock___arc4random_mutex
                    0x1               /mnt/c/Ubuntu/gcc-arm-none/bin/../lib/gcc/arm-none-eabi/6.3.1/../../../../arm-none-eabi/lib/libc.a(lib_a-lock.o)
__lock___env_recursive_mutex
                    0x1               /mnt/c/Ubuntu/gcc-arm-none/bin/../lib/gcc/arm-none-eabi/6.3.1/../../../../arm-none-eabi/lib/libc.a(lib_a-lock.o)
__lock___sinit_recursive_mutex
                    0x1               /mnt/c/Ubuntu/gcc-arm-none/bin/../lib/gcc/arm-none-eabi/6.3.1/../../../../arm-none-eabi/lib/libc.a(lib_a-lock.o)
__lock___malloc_recursive_mutex
                    0x1               /mnt/c/Ubuntu/gcc-arm-none/bin/../lib/gcc/arm-none-eabi/6.3.1/../../../../arm-none-eabi/lib/libc.a(lib_a-lock.o)
__lock___at_quick_exit_mutex
                    0x1               /mnt/c/Ubuntu/gcc-arm-none/bin/../lib/gcc/arm-none-eabi/6.3.1/../../../../arm-none-eabi/lib/libc.a(lib_a-lock.o)
__lock___dd_hash_mutex
                    0x1               /mnt/c/Ubuntu/gcc-arm-none/bin/../lib/gcc/arm-none-eabi/6.3.1/../../../../arm-none-eabi/lib/libc.a(lib_a-lock.o)
__lock___tz_mutex   0x1               /mnt/c/Ubuntu/gcc-arm-none/bin/../lib/gcc/arm-none-eabi/6.3.1/../../../../arm-none-eabi/lib/libc.a(lib_a-lock.o)
__lock___sfp_recursive_mutex
                    0x1               /mnt/c/Ubuntu/gcc-arm-none/bin/../lib/gcc/arm-none-eabi/6.3.1/../../../../arm-none-eabi/lib/libc.a(lib_a-lock.o)

Discarded input sections

 .text          0x0000000000000000        0x0 /mnt/c/Ubuntu/gcc-arm-none/bin/../lib/gcc/arm-none-eabi/6.3.1/crti.o
 .data          0x0000000000000000        0x0 /mnt/c/Ubuntu/gcc-arm-none/bin/../lib/gcc/arm-none-eabi/6.3.1/crti.o
 .bss           0x0000000000000000        0x0 /mnt/c/Ubuntu/gcc-arm-none/bin/../lib/gcc/arm-none-eabi/6.3.1/crti.o
 .text          0x0000000000000000       0xbc /mnt/c/Ubuntu/gcc-arm-none/bin/../lib/gcc/arm-none-eabi/6.3.1/crtbegin.o
 .data          0x0000000000000000        0x4 /mnt/c/Ubuntu/gcc-arm-none/bin/../lib/gcc/arm-none-eabi/6.3.1/crtbegin.o
 .bss           0x0000000000000000       0x1c /mnt/c/Ubuntu/gcc-arm-none/bin/../lib/gcc/arm-none-eabi/6.3.1/crtbegin.o
 .init_array    0x0000000000000000        0x4 /mnt/c/Ubuntu/gcc-arm-none/bin/../lib/gcc/arm-none-eabi/6.3.1/crtbegin.o
 .fini_array    0x0000000000000000        0x4 /mnt/c/Ubuntu/gcc-arm-none/bin/../lib/gcc/arm-none-eabi/6.3.1/crtbegin.o
[...]
Memory Configuration

Name             Origin             Length             Attributes
ROM_CODE         0x0000000000000000 0x0000000000005000 axr
BOOTLOADER       0x0000000010000000 0x0000000000008000 axr
RESERVED         0x0000000010008000 0x0000000000008000 ar
N9_CODE          0x0000000010010000 0x0000000000069000 ar
XIP_CODE         0x0000000010079000 0x000000000017e000 axr
ROM_NVDM         0x00000000101f7000 0x0000000000009000 ar
TCMRAM           0x0000000000100100 0x000000000000ff00 arw
SYSRAM           0x0000000020000000 0x000000000003fc00 arw
*default*        0x0000000000000000 0xffffffffffffffff

Linker script and memory map

LOAD /mnt/c/Ubuntu/gcc-arm-none/bin/../lib/gcc/arm-none-eabi/6.3.1/crti.o
LOAD /mnt/c/Ubuntu/gcc-arm-none/bin/../lib/gcc/arm-none-eabi/6.3.1/crtbegin.o
LOAD /mnt/c/Ubuntu/gcc-arm-none/bin/../lib/gcc/arm-none-eabi/6.3.1/../../../../arm-none-eabi/lib/crt0.o
LOAD build-MT7687Lite/py/mpstate.o
LOAD build-MT7687Lite/py/nlr.o
LOAD build-MT7687Lite/py/nlrx86.o
LOAD build-MT7687Lite/py/nlrx64.o
LOAD build-MT7687Lite/py/nlrthumb.o
LOAD build-MT7687Lite/py/nlrxtensa.o
LOAD build-MT7687Lite/py/nlrsetjmp.o
LOAD build-MT7687Lite/py/malloc.o
LOAD build-MT7687Lite/py/gc.o
LOAD build-MT7687Lite/py/pystack.o
LOAD build-MT7687Lite/py/qstr.o
LOAD build-MT7687Lite/py/vstr.o
LOAD build-MT7687Lite/py/mpprint.o
LOAD build-MT7687Lite/py/unicode.o
LOAD build-MT7687Lite/py/mpz.o
LOAD build-MT7687Lite/py/reader.o
LOAD build-MT7687Lite/py/lexer.o
LOAD build-MT7687Lite/py/parse.o
LOAD build-MT7687Lite/py/scope.o
LOAD build-MT7687Lite/py/compile.o
LOAD build-MT7687Lite/py/emitcommon.o
LOAD build-MT7687Lite/py/emitbc.o
LOAD build-MT7687Lite/py/asmbase.o
LOAD build-MT7687Lite/py/asmx64.o
LOAD build-MT7687Lite/py/emitnx64.o
LOAD build-MT7687Lite/py/asmx86.o
LOAD build-MT7687Lite/py/emitnx86.o
LOAD build-MT7687Lite/py/asmthumb.o
LOAD build-MT7687Lite/py/emitnthumb.o
LOAD build-MT7687Lite/py/emitinlinethumb.o
LOAD build-MT7687Lite/py/asmarm.o
LOAD build-MT7687Lite/py/emitnarm.o
LOAD build-MT7687Lite/py/asmxtensa.o
LOAD build-MT7687Lite/py/emitnxtensa.o
LOAD build-MT7687Lite/py/emitinlinextensa.o
LOAD build-MT7687Lite/py/formatfloat.o
LOAD build-MT7687Lite/py/parsenumbase.o
LOAD build-MT7687Lite/py/parsenum.o
LOAD build-MT7687Lite/py/emitglue.o
LOAD build-MT7687Lite/py/persistentcode.o
LOAD build-MT7687Lite/py/runtime.o
LOAD build-MT7687Lite/py/runtime_utils.o
LOAD build-MT7687Lite/py/scheduler.o
LOAD build-MT7687Lite/py/nativeglue.o
LOAD build-MT7687Lite/py/stackctrl.o
LOAD build-MT7687Lite/py/argcheck.o
LOAD build-MT7687Lite/py/warning.o
LOAD build-MT7687Lite/py/map.o
LOAD build-MT7687Lite/py/obj.o
LOAD build-MT7687Lite/py/objarray.o
LOAD build-MT7687Lite/py/objattrtuple.o
LOAD build-MT7687Lite/py/objbool.o
LOAD build-MT7687Lite/py/objboundmeth.o
LOAD build-MT7687Lite/py/objcell.o
LOAD build-MT7687Lite/py/objclosure.o
LOAD build-MT7687Lite/py/objcomplex.o
LOAD build-MT7687Lite/py/objdeque.o
LOAD build-MT7687Lite/py/objdict.o
LOAD build-MT7687Lite/py/objenumerate.o
LOAD build-MT7687Lite/py/objexcept.o
LOAD build-MT7687Lite/py/objfilter.o
LOAD build-MT7687Lite/py/objfloat.o
LOAD build-MT7687Lite/py/objfun.o
LOAD build-MT7687Lite/py/objgenerator.o
LOAD build-MT7687Lite/py/objgetitemiter.o
LOAD build-MT7687Lite/py/objint.o
LOAD build-MT7687Lite/py/objint_longlong.o
LOAD build-MT7687Lite/py/objint_mpz.o
LOAD build-MT7687Lite/py/objlist.o
LOAD build-MT7687Lite/py/objmap.o
LOAD build-MT7687Lite/py/objmodule.o
LOAD build-MT7687Lite/py/objobject.o
LOAD build-MT7687Lite/py/objpolyiter.o
LOAD build-MT7687Lite/py/objproperty.o
LOAD build-MT7687Lite/py/objnone.o
LOAD build-MT7687Lite/py/objnamedtuple.o
LOAD build-MT7687Lite/py/objrange.o
LOAD build-MT7687Lite/py/objreversed.o
LOAD build-MT7687Lite/py/objset.o
LOAD build-MT7687Lite/py/objsingleton.o
LOAD build-MT7687Lite/py/objslice.o
LOAD build-MT7687Lite/py/objstr.o
LOAD build-MT7687Lite/py/objstrunicode.o
LOAD build-MT7687Lite/py/objstringio.o
LOAD build-MT7687Lite/py/objtuple.o
LOAD build-MT7687Lite/py/objtype.o
LOAD build-MT7687Lite/py/objzip.o
LOAD build-MT7687Lite/py/opmethods.o
LOAD build-MT7687Lite/py/sequence.o
LOAD build-MT7687Lite/py/stream.o
LOAD build-MT7687Lite/py/binary.o
LOAD build-MT7687Lite/py/builtinimport.o
LOAD build-MT7687Lite/py/builtinevex.o
LOAD build-MT7687Lite/py/builtinhelp.o
LOAD build-MT7687Lite/py/modarray.o
LOAD build-MT7687Lite/py/modbuiltins.o
LOAD build-MT7687Lite/py/modcollections.o
LOAD build-MT7687Lite/py/modgc.o
LOAD build-MT7687Lite/py/modio.o
LOAD build-MT7687Lite/py/modmath.o
LOAD build-MT7687Lite/py/modcmath.o
LOAD build-MT7687Lite/py/modmicropython.o
LOAD build-MT7687Lite/py/modstruct.o
LOAD build-MT7687Lite/py/modsys.o
LOAD build-MT7687Lite/py/moduerrno.o
LOAD build-MT7687Lite/py/modthread.o
LOAD build-MT7687Lite/py/vm.o
LOAD build-MT7687Lite/py/bc.o
LOAD build-MT7687Lite/py/showbc.o
LOAD build-MT7687Lite/py/repl.o
LOAD build-MT7687Lite/py/smallint.o
LOAD build-MT7687Lite/py/frozenmod.o
LOAD build-MT7687Lite/extmod/moductypes.o
LOAD build-MT7687Lite/extmod/modujson.o
LOAD build-MT7687Lite/extmod/modure.o
LOAD build-MT7687Lite/extmod/moduzlib.o
LOAD build-MT7687Lite/extmod/moduheapq.o
LOAD build-MT7687Lite/extmod/modutimeq.o
LOAD build-MT7687Lite/extmod/moduhashlib.o
LOAD build-MT7687Lite/extmod/moducryptolib.o
LOAD build-MT7687Lite/extmod/modubinascii.o
LOAD build-MT7687Lite/extmod/virtpin.o
LOAD build-MT7687Lite/extmod/machine_mem.o
LOAD build-MT7687Lite/extmod/machine_pinbase.o
LOAD build-MT7687Lite/extmod/machine_signal.o
LOAD build-MT7687Lite/extmod/machine_pulse.o
LOAD build-MT7687Lite/extmod/machine_i2c.o
LOAD build-MT7687Lite/extmod/machine_spi.o
LOAD build-MT7687Lite/extmod/modussl_axtls.o
LOAD build-MT7687Lite/extmod/modussl_mbedtls.o
LOAD build-MT7687Lite/extmod/modurandom.o
LOAD build-MT7687Lite/extmod/moduselect.o
LOAD build-MT7687Lite/extmod/modwebsocket.o
LOAD build-MT7687Lite/extmod/modwebrepl.o
LOAD build-MT7687Lite/extmod/modframebuf.o
LOAD build-MT7687Lite/extmod/vfs.o
LOAD build-MT7687Lite/extmod/vfs_reader.o
LOAD build-MT7687Lite/extmod/vfs_posix.o
LOAD build-MT7687Lite/extmod/vfs_posix_file.o
LOAD build-MT7687Lite/extmod/vfs_fat.o
LOAD build-MT7687Lite/extmod/vfs_fat_diskio.o
LOAD build-MT7687Lite/extmod/vfs_fat_file.o
LOAD build-MT7687Lite/extmod/utime_mphal.o
LOAD build-MT7687Lite/extmod/uos_dupterm.o
LOAD build-MT7687Lite/lib/embed/abort_.o
LOAD build-MT7687Lite/lib/utils/printf.o
LOAD build-MT7687Lite/main.o
LOAD build-MT7687Lite/mphalport.o
LOAD build-MT7687Lite/mpthreadport.o
LOAD build-MT7687Lite/fatfs_port.o
LOAD build-MT7687Lite/chip/Source/system_MT7687.o
LOAD build-MT7687Lite/chip/Source/MT7687_GPIO.o
LOAD build-MT7687Lite/chip/Source/MT7687_UART.o
LOAD build-MT7687Lite/chip/Source/MT7687_TIMR.o
LOAD build-MT7687Lite/chip/Source/MT7687_PWM.o
LOAD build-MT7687Lite/chip/Source/MT7687_Flash.o
LOAD build-MT7687Lite/chip/Source/gcc/startup_MT7687.o
LOAD build-MT7687Lite/rtos/Source/croutine.o
LOAD build-MT7687Lite/rtos/Source/event_groups.o
LOAD build-MT7687Lite/rtos/Source/list.o
LOAD build-MT7687Lite/rtos/Source/queue.o
LOAD build-MT7687Lite/rtos/Source/tasks.o
LOAD build-MT7687Lite/rtos/Source/timers.o
LOAD build-MT7687Lite/rtos/Source/portable/ARM_CM4/port.o
LOAD build-MT7687Lite/rtos/Source/portable/MemMang/heap_4.o
LOAD build-MT7687Lite/mods/moduos.o
LOAD build-MT7687Lite/mods/modmachine.o
LOAD build-MT7687Lite/mods/modutime.o
LOAD build-MT7687Lite/mods/modubinascii.o
LOAD build-MT7687Lite/mods/pybuart.o
LOAD build-MT7687Lite/mods/pybflash.o
LOAD build-MT7687Lite/mods/pybpin.o
LOAD build-MT7687Lite/mods/pybtimer.o
LOAD build-MT7687Lite/mods/pybpwm.o
LOAD build-MT7687Lite/misc/fifo.o
LOAD build-MT7687Lite/misc/bufhelper.o
LOAD build-MT7687Lite/misc/gccollect.o
LOAD build-MT7687Lite/misc/mperror.o
LOAD build-MT7687Lite/misc/random.o
LOAD build-MT7687Lite/misc/mpirq.o
LOAD build-MT7687Lite/misc/gchelper.o
LOAD build-MT7687Lite/lib/oofatfs/ff.o
LOAD build-MT7687Lite/lib/oofatfs/option/unicode.o
LOAD build-MT7687Lite/lib/libc/string0.o
LOAD build-MT7687Lite/lib/mp-readline/readline.o
LOAD build-MT7687Lite/lib/netutils/netutils.o
LOAD build-MT7687Lite/lib/timeutils/timeutils.o
LOAD build-MT7687Lite/lib/utils/pyexec.o
LOAD build-MT7687Lite/lib/utils/interrupt_char.o
LOAD build-MT7687Lite/lib/utils/sys_stdio_mphal.o
LOAD build-MT7687Lite/pins.o
START GROUP
LOAD /mnt/c/Ubuntu/gcc-arm-none/bin/../lib/gcc/arm-none-eabi/6.3.1/libgcc.a
LOAD /mnt/c/Ubuntu/gcc-arm-none/bin/../lib/gcc/arm-none-eabi/6.3.1/../../../../arm-none-eabi/lib/libc.a
END GROUP
LOAD /mnt/c/Ubuntu/gcc-arm-none/bin/../lib/gcc/arm-none-eabi/6.3.1/crtend.o
LOAD /mnt/c/Ubuntu/gcc-arm-none/bin/../lib/gcc/arm-none-eabi/6.3.1/crtn.o
                0x0000000010079000                . = ORIGIN (XIP_CODE)

.text           0x0000000010079000    0x25ee0
 *(.rst_handler)
 .rst_handler   0x0000000010079000       0x84 build-MT7687Lite/chip/Source/gcc/startup_MT7687.o
                0x0000000010079000                Reset_Handler
 *(.pre_cache_init)
 .pre_cache_init
                0x0000000010079084       0x48 build-MT7687Lite/chip/Source/gcc/startup_MT7687.o
                0x0000000010079084                pre_cache_init
 *(.text)
 .text          0x00000000100790cc       0x3e build-MT7687Lite/chip/Source/gcc/startup_MT7687.o
                0x00000000100790cc                NMI_Handler
                0x00000000100790ce                HardFault_Handler
                0x00000000100790d0                MemManage_Handler
                0x00000000100790d2                BusFault_Handler
                0x00000000100790d4                UsageFault_Handler
                0x00000000100790d8                DebugMon_Handler
                0x00000000100790e0                DMA_Handler
                0x00000000100790e2                HIF_Handler
                0x00000000100790e4                I2C1_Handler
                0x00000000100790e6                I2C2_Handler
                0x00000000100790ea                CRYPTO_Handler
                0x00000000100790ec                SF_Handler
                0x00000000100790ee                EINT_Handler
                0x00000000100790f0                BTIF_Handler
                0x00000000100790f2                WDT_Handler
                0x00000000100790f4                SPIS_Handler
                0x00000000100790f6                N9_WDT_Handler
                0x00000000100790f8                ADC_Handler
                0x00000000100790fa                IRDA_TX_Handler
                0x00000000100790fc                IRDA_RX_Handler
                0x00000000100790fe                GPT3_Handler
                0x0000000010079100                AUDIO_Handler
                0x0000000010079102                N9_IRQ_Handler
                0x0000000010079106                SPIM_Handler
                0x0000000010079108                Default_Handler
 *fill*         0x000000001007910a        0x2 
 .text          0x000000001007910c       0x30 build-MT7687Lite/misc/gchelper.o
                0x000000001007910c                gc_helper_get_sp
                0x0000000010079110                gc_helper_get_regs_and_sp
 *(.text*)
 .text.nlr_push_tail
                0x000000001007913c       0x12 build-MT7687Lite/py/nlr.o
                0x000000001007913c                nlr_push_tail
 .text.nlr_pop  0x000000001007914e        0xe build-MT7687Lite/py/nlr.o
                0x000000001007914e                nlr_pop
 .text.nlr_push
                0x000000001007915c       0x24 build-MT7687Lite/py/nlrthumb.o
                0x000000001007915c                nlr_push
 .text.nlr_jump
                0x0000000010079180       0x3e build-MT7687Lite/py/nlrthumb.o
                0x0000000010079180                nlr_jump
 .text.m_malloc
                0x00000000100791be       0x16 build-MT7687Lite/py/malloc.o
                0x00000000100791be                m_malloc
 .text.m_malloc_maybe
                0x00000000100791d4        0x6 build-MT7687Lite/py/malloc.o
                0x00000000100791d4                m_malloc_maybe
 .text.m_malloc_with_finaliser
                0x00000000100791da       0x16 build-MT7687Lite/py/malloc.o
                0x00000000100791da                m_malloc_with_finaliser
 .text.m_malloc0
                0x00000000100791f0        0x4 build-MT7687Lite/py/malloc.o
                0x00000000100791f0                m_malloc0
 .text.m_realloc
                0x00000000100791f4       0x16 build-MT7687Lite/py/malloc.o
                0x00000000100791f4                m_realloc
 .text.m_realloc_maybe
                0x000000001007920a        0x4 build-MT7687Lite/py/malloc.o
                0x000000001007920a                m_realloc_maybe
 .text.m_free   0x000000001007920e        0x4 build-MT7687Lite/py/malloc.o
                0x000000001007920e                m_free
 *fill*         0x0000000010079212        0x2 
 .text.gc_mark_subtree
                0x0000000010079214       0xb4 build-MT7687Lite/py/gc.o
 .text.gc_free.part.0
                0x00000000100792c8       0xbc build-MT7687Lite/py/gc.o
 .text.gc_init  0x0000000010079384       0x94 build-MT7687Lite/py/gc.o
                0x0000000010079384                gc_init
 .text.gc_lock  0x0000000010079418       0x14 build-MT7687Lite/py/gc.o
                0x0000000010079418                gc_lock
 .text.gc_unlock
                0x000000001007942c       0x14 build-MT7687Lite/py/gc.o
                0x000000001007942c                gc_unlock
 .text.gc_is_locked
                0x0000000010079440       0x14 build-MT7687Lite/py/gc.o
                0x0000000010079440                gc_is_locked
 .text.gc_collect_start
                0x0000000010079454       0x7c build-MT7687Lite/py/gc.o
                0x0000000010079454                gc_collect_start
 .text.gc_collect_root
                0x00000000100794d0       0x74 build-MT7687Lite/py/gc.o
                0x00000000100794d0                gc_collect_root
 .text.gc_collect_end
                0x0000000010079544      0x148 build-MT7687Lite/py/gc.o
                0x0000000010079544                gc_collect_end
 .text.gc_info  0x000000001007968c       0xfc build-MT7687Lite/py/gc.o
                0x000000001007968c                gc_info
 .text.gc_alloc
                0x0000000010079788      0x1b4 build-MT7687Lite/py/gc.o
                0x0000000010079788                gc_alloc
 .text.gc_free  0x000000001007993c       0x14 build-MT7687Lite/py/gc.o
                0x000000001007993c                gc_free
 .text.gc_nbytes
                0x0000000010079950       0x68 build-MT7687Lite/py/gc.o
                0x0000000010079950                gc_nbytes
 .text.gc_realloc
                0x00000000100799b8      0x204 build-MT7687Lite/py/gc.o
                0x00000000100799b8                gc_realloc
 .text.gc_dump_info
                0x0000000010079bbc       0x40 build-MT7687Lite/py/gc.o
                0x0000000010079bbc                gc_dump_info
 .text.find_qstr
                0x0000000010079bfc       0x1c build-MT7687Lite/py/qstr.o
 .text.qstr_compute_hash
                0x0000000010079c18       0x20 build-MT7687Lite/py/qstr.o
                0x0000000010079c18                qstr_compute_hash
 .text.qstr_init
                0x0000000010079c38       0x1c build-MT7687Lite/py/qstr.o
                0x0000000010079c38                qstr_init
 .text.qstr_find_strn
                0x0000000010079c54       0x60 build-MT7687Lite/py/qstr.o
                0x0000000010079c54                qstr_find_strn
 .text.qstr_from_strn
                0x0000000010079cb4      0x124 build-MT7687Lite/py/qstr.o
                0x0000000010079cb4                qstr_from_strn
 .text.qstr_from_str
                0x0000000010079dd8       0x14 build-MT7687Lite/py/qstr.o
                0x0000000010079dd8                qstr_from_str
 .text.qstr_hash
                0x0000000010079dec        0xa build-MT7687Lite/py/qstr.o
                0x0000000010079dec                qstr_hash
 .text.qstr_len
                0x0000000010079df6        0xa build-MT7687Lite/py/qstr.o
                0x0000000010079df6                qstr_len
 .text.qstr_str
                0x0000000010079e00        0xa build-MT7687Lite/py/qstr.o
                0x0000000010079e00                qstr_str
 .text.qstr_data
                0x0000000010079e0a        0xe build-MT7687Lite/py/qstr.o
                0x0000000010079e0a                qstr_data
 .text.qstr_pool_info
                0x0000000010079e18       0x78 build-MT7687Lite/py/qstr.o
                0x0000000010079e18                qstr_pool_info
 .text.vstr_ensure_extra
                0x0000000010079e90       0x38 build-MT7687Lite/py/vstr.o
 .text.vstr_add_strn
                0x0000000010079ec8       0x24 build-MT7687Lite/py/vstr.o
                0x0000000010079ec8                vstr_add_strn
 .text.vstr_ins_blank_bytes.constprop.2
                0x0000000010079eec       0x2e build-MT7687Lite/py/vstr.o
 .text.vstr_init
                0x0000000010079f1a       0x22 build-MT7687Lite/py/vstr.o
                0x0000000010079f1a                vstr_init
 .text.vstr_init_len
                0x0000000010079f3c       0x10 build-MT7687Lite/py/vstr.o
                0x0000000010079f3c                vstr_init_len
 .text.vstr_init_fixed_buf
                0x0000000010079f4c       0x12 build-MT7687Lite/py/vstr.o
                0x0000000010079f4c                vstr_init_fixed_buf
 *fill*         0x0000000010079f5e        0x2 
 .text.vstr_init_print
                0x0000000010079f60       0x18 build-MT7687Lite/py/vstr.o
                0x0000000010079f60                vstr_init_print
 .text.vstr_clear
                0x0000000010079f78       0x16 build-MT7687Lite/py/vstr.o
                0x0000000010079f78                vstr_clear
 .text.vstr_new
                0x0000000010079f8e       0x16 build-MT7687Lite/py/vstr.o
                0x0000000010079f8e                vstr_new
 .text.vstr_free
                0x0000000010079fa4       0x1e build-MT7687Lite/py/vstr.o
                0x0000000010079fa4                vstr_free
 *fill*         0x0000000010079fc2        0x2 
 .text.vstr_extend
                0x0000000010079fc4       0x30 build-MT7687Lite/py/vstr.o
                0x0000000010079fc4                vstr_extend
 .text.vstr_add_len
                0x0000000010079ff4       0x16 build-MT7687Lite/py/vstr.o
                0x0000000010079ff4                vstr_add_len
 .text.vstr_null_terminated_str
                0x000000001007a00a       0x1e build-MT7687Lite/py/vstr.o
                0x000000001007a00a                vstr_null_terminated_str
 .text.vstr_add_byte
                0x000000001007a028        0xe build-MT7687Lite/py/vstr.o
                0x000000001007a028                vstr_add_byte
 *fill*         0x000000001007a036        0x2 
 .text.vstr_add_char
                0x000000001007a038       0xa4 build-MT7687Lite/py/vstr.o
                0x000000001007a038                vstr_add_char
 .text.vstr_add_str
                0x000000001007a0dc       0x1a build-MT7687Lite/py/vstr.o
                0x000000001007a0dc                vstr_add_str
 .text.vstr_ins_byte
                0x000000001007a0f6        0xc build-MT7687Lite/py/vstr.o
                0x000000001007a0f6                vstr_ins_byte
 .text.vstr_ins_char
                0x000000001007a102        0xc build-MT7687Lite/py/vstr.o
                0x000000001007a102                vstr_ins_char
 .text.vstr_cut_tail_bytes
                0x000000001007a10e        0xe build-MT7687Lite/py/vstr.o
                0x000000001007a10e                vstr_cut_tail_bytes
 .text.vstr_cut_out_bytes
                0x000000001007a11c       0x2e build-MT7687Lite/py/vstr.o
                0x000000001007a11c                vstr_cut_out_bytes
 .text.plat_print_strn
                0x000000001007a14a        0x8 build-MT7687Lite/py/mpprint.o
 .text.mp_print_str
                0x000000001007a152       0x1e build-MT7687Lite/py/mpprint.o
                0x000000001007a152                mp_print_str
 .text.mp_print_strn
                0x000000001007a170       0xb8 build-MT7687Lite/py/mpprint.o
                0x000000001007a170                mp_print_strn
 .text.mp_print_int
                0x000000001007a228       0xc2 build-MT7687Lite/py/mpprint.o
 *fill*         0x000000001007a2ea        0x2 
 .text.mp_print_mp_int
                0x000000001007a2ec      0x264 build-MT7687Lite/py/mpprint.o
                0x000000001007a2ec                mp_print_mp_int
 .text.mp_vprintf
                0x000000001007a550      0x268 build-MT7687Lite/py/mpprint.o
                0x000000001007a550                mp_vprintf
 .text.mp_printf
                0x000000001007a7b8       0x1a build-MT7687Lite/py/mpprint.o
                0x000000001007a7b8                mp_printf
 .text.utf8_get_char
                0x000000001007a7d2       0x32 build-MT7687Lite/py/unicode.o
                0x000000001007a7d2                utf8_get_char
 .text.utf8_next_char
                0x000000001007a804       0x12 build-MT7687Lite/py/unicode.o
                0x000000001007a804                utf8_next_char
 .text.utf8_ptr_to_index
                0x000000001007a816       0x1a build-MT7687Lite/py/unicode.o
                0x000000001007a816                utf8_ptr_to_index
 .text.utf8_charlen
                0x000000001007a830       0x20 build-MT7687Lite/py/unicode.o
                0x000000001007a830                utf8_charlen
 .text.unichar_isspace
                0x000000001007a850       0x14 build-MT7687Lite/py/unicode.o
                0x000000001007a850                unichar_isspace
 .text.unichar_isalpha
                0x000000001007a864       0x14 build-MT7687Lite/py/unicode.o
                0x000000001007a864                unichar_isalpha
 .text.unichar_isdigit
                0x000000001007a878       0x14 build-MT7687Lite/py/unicode.o
                0x000000001007a878                unichar_isdigit
 .text.unichar_isxdigit
                0x000000001007a88c       0x14 build-MT7687Lite/py/unicode.o
                0x000000001007a88c                unichar_isxdigit
 .text.unichar_isident
                0x000000001007a8a0       0x24 build-MT7687Lite/py/unicode.o
                0x000000001007a8a0                unichar_isident
 .text.unichar_isupper
                0x000000001007a8c4       0x14 build-MT7687Lite/py/unicode.o
                0x000000001007a8c4                unichar_isupper
 .text.unichar_islower
                0x000000001007a8d8       0x14 build-MT7687Lite/py/unicode.o
                0x000000001007a8d8                unichar_islower
 .text.unichar_tolower
                0x000000001007a8ec       0x10 build-MT7687Lite/py/unicode.o
                0x000000001007a8ec                unichar_tolower
 .text.unichar_toupper
                0x000000001007a8fc       0x10 build-MT7687Lite/py/unicode.o
                0x000000001007a8fc                unichar_toupper
 .text.unichar_xdigit_value
                0x000000001007a90c        0xe build-MT7687Lite/py/unicode.o
                0x000000001007a90c                unichar_xdigit_value
 .text.utf8_check
                0x000000001007a91a       0x48 build-MT7687Lite/py/unicode.o
                0x000000001007a91a                utf8_check
 .text.mpn_remove_trailing_zeros
                0x000000001007a962       0x18 build-MT7687Lite/py/mpz.o
 .text.mpn_shr  0x000000001007a97a       0x3e build-MT7687Lite/py/mpz.o
 .text.mpn_add  0x000000001007a9b8       0x54 build-MT7687Lite/py/mpz.o
 .text.mpn_sub  0x000000001007aa0c       0x4c build-MT7687Lite/py/mpz.o
 .text.mpz_free
                0x000000001007aa58       0x18 build-MT7687Lite/py/mpz.o
 .text.mpn_cmp.part.1
                0x000000001007aa70       0x2c build-MT7687Lite/py/mpz.o
 .text.mpz_need_dig
                0x000000001007aa9c       0x4c build-MT7687Lite/py/mpz.o
 .text.mpz_clone
                0x000000001007aae8       0x68 build-MT7687Lite/py/mpz.o
 .text.mpz_set_from_int.part.4
                0x000000001007ab50       0x3c build-MT7687Lite/py/mpz.o
 .text.mpz_init_zero
                0x000000001007ab8c       0x1c build-MT7687Lite/py/mpz.o
                0x000000001007ab8c                mpz_init_zero
 .text.mpz_deinit
                0x000000001007aba8       0x10 build-MT7687Lite/py/mpz.o
                0x000000001007aba8                mpz_deinit
 .text.mpz_set  0x000000001007abb8       0x2a build-MT7687Lite/py/mpz.o
                0x000000001007abb8                mpz_set
 .text.mpz_set_from_int
                0x000000001007abe2        0xc build-MT7687Lite/py/mpz.o
                0x000000001007abe2                mpz_set_from_int
 .text.mpz_init_from_int
                0x000000001007abee        0xe build-MT7687Lite/py/mpz.o
                0x000000001007abee                mpz_init_from_int
 .text.mpz_init_fixed_from_int
                0x000000001007abfc       0x24 build-MT7687Lite/py/mpz.o
                0x000000001007abfc                mpz_init_fixed_from_int
 .text.mpz_set_from_ll
                0x000000001007ac20       0x58 build-MT7687Lite/py/mpz.o
                0x000000001007ac20                mpz_set_from_ll
 .text.mpz_set_from_str
                0x000000001007ac78       0xbc build-MT7687Lite/py/mpz.o
                0x000000001007ac78                mpz_set_from_str
 .text.mpz_set_from_bytes
                0x000000001007ad34       0x68 build-MT7687Lite/py/mpz.o
                0x000000001007ad34                mpz_set_from_bytes
 .text.mpz_cmp  0x000000001007ad9c       0x40 build-MT7687Lite/py/mpz.o
                0x000000001007ad9c                mpz_cmp
 .text.mpz_abs_inpl
                0x000000001007addc       0x16 build-MT7687Lite/py/mpz.o
                0x000000001007addc                mpz_abs_inpl
 .text.mpz_neg_inpl
                0x000000001007adf2       0x1e build-MT7687Lite/py/mpz.o
                0x000000001007adf2                mpz_neg_inpl
 .text.mpz_not_inpl
                0x000000001007ae10       0x72 build-MT7687Lite/py/mpz.o
                0x000000001007ae10                mpz_not_inpl
 .text.mpz_shl_inpl
                0x000000001007ae82       0xc6 build-MT7687Lite/py/mpz.o
                0x000000001007ae82                mpz_shl_inpl
 .text.mpz_shr_inpl
                0x000000001007af48       0xaa build-MT7687Lite/py/mpz.o
                0x000000001007af48                mpz_shr_inpl
 .text.mpz_add_inpl
                0x000000001007aff2       0x70 build-MT7687Lite/py/mpz.o
                0x000000001007aff2                mpz_add_inpl
 .text.mpz_sub_inpl
                0x000000001007b062       0x80 build-MT7687Lite/py/mpz.o
                0x000000001007b062                mpz_sub_inpl
 .text.mpz_and_inpl
                0x000000001007b0e2       0xf6 build-MT7687Lite/py/mpz.o
                0x000000001007b0e2                mpz_and_inpl
 .text.mpz_or_inpl
                0x000000001007b1d8      0x104 build-MT7687Lite/py/mpz.o
                0x000000001007b1d8                mpz_or_inpl
 .text.mpz_xor_inpl
                0x000000001007b2dc       0xd8 build-MT7687Lite/py/mpz.o
                0x000000001007b2dc                mpz_xor_inpl
 .text.mpz_mul_inpl
                0x000000001007b3b4       0xfc build-MT7687Lite/py/mpz.o
                0x000000001007b3b4                mpz_mul_inpl
 .text.mpz_pow_inpl
                0x000000001007b4b0       0x7e build-MT7687Lite/py/mpz.o
                0x000000001007b4b0                mpz_pow_inpl
 *fill*         0x000000001007b52e        0x2 
 .text.mpz_divmod_inpl
                0x000000001007b530      0x2c0 build-MT7687Lite/py/mpz.o
                0x000000001007b530                mpz_divmod_inpl
 .text.mpz_hash
                0x000000001007b7f0       0x26 build-MT7687Lite/py/mpz.o
                0x000000001007b7f0                mpz_hash
 .text.mpz_as_int_checked
                0x000000001007b816       0x32 build-MT7687Lite/py/mpz.o
                0x000000001007b816                mpz_as_int_checked
 .text.mpz_as_bytes
                0x000000001007b848       0x78 build-MT7687Lite/py/mpz.o
                0x000000001007b848                mpz_as_bytes
 .text.mpz_as_str_inpl
                0x000000001007b8c0      0x144 build-MT7687Lite/py/mpz.o
                0x000000001007b8c0                mpz_as_str_inpl
 .text.mp_reader_mem_readbyte
                0x000000001007ba04       0x14 build-MT7687Lite/py/reader.o
 .text.mp_reader_mem_close
                0x000000001007ba18       0x18 build-MT7687Lite/py/reader.o
 .text.mp_reader_new_mem
                0x000000001007ba30       0x30 build-MT7687Lite/py/reader.o
                0x000000001007ba30                mp_reader_new_mem
 .text.is_string_or_bytes
                0x000000001007ba60       0x50 build-MT7687Lite/py/lexer.o
 .text.next_char
                0x000000001007bab0       0x60 build-MT7687Lite/py/lexer.o
 .text.skip_whitespace
                0x000000001007bb10       0x60 build-MT7687Lite/py/lexer.o
 .text.mp_lexer_to_next
                0x000000001007bb70      0x57c build-MT7687Lite/py/lexer.o
                0x000000001007bb70                mp_lexer_to_next
 .text.mp_lexer_new
                0x000000001007c0ec       0x7e build-MT7687Lite/py/lexer.o
                0x000000001007c0ec                mp_lexer_new
 .text.mp_lexer_new_from_str_len
                0x000000001007c16a       0x1c build-MT7687Lite/py/lexer.o
                0x000000001007c16a                mp_lexer_new_from_str_len
 .text.mp_lexer_new_from_file
                0x000000001007c186       0x22 build-MT7687Lite/py/lexer.o
                0x000000001007c186                mp_lexer_new_from_file
 .text.mp_lexer_free
                0x000000001007c1a8       0x26 build-MT7687Lite/py/lexer.o
                0x000000001007c1a8                mp_lexer_free
 .text.parser_alloc
                0x000000001007c1ce       0x66 build-MT7687Lite/py/parse.o
 .text.push_result_node
                0x000000001007c234       0x2e build-MT7687Lite/py/parse.o
 .text.push_rule
                0x000000001007c262       0x42 build-MT7687Lite/py/parse.o
 .text.peek_result
                0x000000001007c2a4       0x34 build-MT7687Lite/py/parse.o
 .text.pop_result
                0x000000001007c2d8       0x2c build-MT7687Lite/py/parse.o
 .text.push_rule_from_arg
                0x000000001007c304       0x38 build-MT7687Lite/py/parse.o
 .text.push_result_token
                0x000000001007c33c       0xe0 build-MT7687Lite/py/parse.o
 .text.mp_parse_node_is_const_false
                0x000000001007c41c       0x1c build-MT7687Lite/py/parse.o
                0x000000001007c41c                mp_parse_node_is_const_false
 .text.mp_parse_node_is_const_true
                0x000000001007c438       0x1c build-MT7687Lite/py/parse.o
                0x000000001007c438                mp_parse_node_is_const_true
 .text.mp_parse_node_get_int_maybe
                0x000000001007c454       0x44 build-MT7687Lite/py/parse.o
                0x000000001007c454                mp_parse_node_get_int_maybe
 .text.push_result_rule
                0x000000001007c498      0x3fc build-MT7687Lite/py/parse.o
 .text.mp_parse_node_extract_list
                0x000000001007c894       0x26 build-MT7687Lite/py/parse.o
                0x000000001007c894                mp_parse_node_extract_list
 *fill*         0x000000001007c8ba        0x2 
 .text.mp_parse
                0x000000001007c8bc      0x434 build-MT7687Lite/py/parse.o
                0x000000001007c8bc                mp_parse
 .text.mp_parse_tree_clear
                0x000000001007ccf0       0x12 build-MT7687Lite/py/parse.o
                0x000000001007ccf0                mp_parse_tree_clear
 *fill*         0x000000001007cd02        0x2 
 .text.scope_new
                0x000000001007cd04       0x6c build-MT7687Lite/py/scope.o
                0x000000001007cd04                scope_new
 .text.scope_free
                0x000000001007cd70       0x14 build-MT7687Lite/py/scope.o
                0x000000001007cd70                scope_free
 .text.scope_find
                0x000000001007cd84       0x20 build-MT7687Lite/py/scope.o
                0x000000001007cd84                scope_find
 .text.scope_find_or_add_id
                0x000000001007cda4       0x4a build-MT7687Lite/py/scope.o
                0x000000001007cda4                scope_find_or_add_id
 .text.scope_find_global
                0x000000001007cdee        0xc build-MT7687Lite/py/scope.o
                0x000000001007cdee                scope_find_global
 *fill*         0x000000001007cdfa        0x2 
 .text.scope_find_local_and_close_over
                0x000000001007cdfc       0x8c build-MT7687Lite/py/scope.o
                0x000000001007cdfc                scope_find_local_and_close_over
 .text.compile_increase_except_level
                0x000000001007ce88       0x14 build-MT7687Lite/py/compile.o
 .text.apply_to_single_or_list
                0x000000001007ce9c       0x40 build-MT7687Lite/py/compile.o
 .text.compile_del_stmt
                0x000000001007cedc       0x10 build-MT7687Lite/py/compile.o
 .text.compile_import_name
                0x000000001007ceec       0x10 build-MT7687Lite/py/compile.o
 .text.scope_new_and_link
                0x000000001007cefc       0x2a build-MT7687Lite/py/compile.o
 .text.compile_trailer_period
                0x000000001007cf26        0xc build-MT7687Lite/py/compile.o
 *fill*         0x000000001007cf32        0x2 
 .text.compile_load_id
                0x000000001007cf34       0x1c build-MT7687Lite/py/compile.o
 .text.compile_store_id
                0x000000001007cf50       0x1c build-MT7687Lite/py/compile.o
 .text.compile_delete_id
                0x000000001007cf6c       0x1c build-MT7687Lite/py/compile.o
 .text.compile_const_object
                0x000000001007cf88        0x8 build-MT7687Lite/py/compile.o
 .text.close_over_variables_etc
                0x000000001007cf90       0xd4 build-MT7687Lite/py/compile.o
 .text.compile_funcdef_lambdef
                0x000000001007d064       0x58 build-MT7687Lite/py/compile.o
 .text.compile_lambdef
                0x000000001007d0bc       0x2a build-MT7687Lite/py/compile.o
 .text.compile_funcdef_helper
                0x000000001007d0e6       0x2a build-MT7687Lite/py/compile.o
 .text.compile_funcdef
                0x000000001007d110       0x18 build-MT7687Lite/py/compile.o
 .text.compile_error_set_line.isra.1
                0x000000001007d128       0x10 build-MT7687Lite/py/compile.o
 .text.compile_decrease_except_level.isra.5
                0x000000001007d138       0x24 build-MT7687Lite/py/compile.o
 .text.compile_syntax_error
                0x000000001007d15c       0x28 build-MT7687Lite/py/compile.o
 .text.compile_scope_func_lambda_param
                0x000000001007d184       0xf8 build-MT7687Lite/py/compile.o
 .text.compile_scope_lambda_param
                0x000000001007d27c       0x14 build-MT7687Lite/py/compile.o
 .text.compile_scope_func_param
                0x000000001007d290       0x14 build-MT7687Lite/py/compile.o
 .text.compile_star_expr
                0x000000001007d2a4        0xc build-MT7687Lite/py/compile.o
 .text.compile_node
                0x000000001007d2b0       0xb4 build-MT7687Lite/py/compile.o
 .text.c_assign
                0x000000001007d364      0x204 build-MT7687Lite/py/compile.o
 .text.c_assign_tuple
                0x000000001007d568       0xc8 build-MT7687Lite/py/compile.o
 .text.c_if_cond
                0x000000001007d630      0x124 build-MT7687Lite/py/compile.o
 .text.compile_scope_comp_iter
                0x000000001007d754       0xcc build-MT7687Lite/py/compile.o
 .text.compile_scope
                0x000000001007d820      0x2d4 build-MT7687Lite/py/compile.o
 .text.compile_dictorsetmaker_item
                0x000000001007daf4       0x18 build-MT7687Lite/py/compile.o
 .text.compile_subscript
                0x000000001007db0c       0xd0 build-MT7687Lite/py/compile.o
 .text.compile_trailer_bracket
                0x000000001007dbdc       0x16 build-MT7687Lite/py/compile.o
 .text.c_tuple  0x000000001007dbf2       0x40 build-MT7687Lite/py/compile.o
 .text.compile_generic_tuple
                0x000000001007dc32        0x8 build-MT7687Lite/py/compile.o
 .text.compile_while_stmt
                0x000000001007dc3a       0x8a build-MT7687Lite/py/compile.o
 .text.compile_yield_stmt
                0x000000001007dcc4       0x14 build-MT7687Lite/py/compile.o
 .text.c_del_stmt
                0x000000001007dcd8      0x164 build-MT7687Lite/py/compile.o
 .text.compile_generic_all_nodes
                0x000000001007de3c       0x3e build-MT7687Lite/py/compile.o
 .text.compile_power
                0x000000001007de7a       0x14 build-MT7687Lite/py/compile.o
 *fill*         0x000000001007de8e        0x2 
 .text.compile_if_stmt
                0x000000001007de90      0x100 build-MT7687Lite/py/compile.o
 .text.compile_comprehension
                0x000000001007df90       0x88 build-MT7687Lite/py/compile.o
 .text.compile_atom_paren
                0x000000001007e018       0x84 build-MT7687Lite/py/compile.o
 .text.compile_trailer_paren_helper
                0x000000001007e09c      0x140 build-MT7687Lite/py/compile.o
 .text.compile_classdef_helper
                0x000000001007e1dc       0x50 build-MT7687Lite/py/compile.o
 .text.compile_classdef
                0x000000001007e22c       0x18 build-MT7687Lite/py/compile.o
 .text.compile_trailer_paren
                0x000000001007e244        0xa build-MT7687Lite/py/compile.o
 *fill*         0x000000001007e24e        0x2 
 .text.compile_atom_bracket
                0x000000001007e250       0xa0 build-MT7687Lite/py/compile.o
 .text.compile_decorated
                0x000000001007e2f0      0x130 build-MT7687Lite/py/compile.o
 .text.compile_atom_brace
                0x000000001007e420      0x148 build-MT7687Lite/py/compile.o
 .text.compile_funcdef_lambdef_param
                0x000000001007e568       0xdc build-MT7687Lite/py/compile.o
 .text.compile_atom_expr_normal
                0x000000001007e644      0x128 build-MT7687Lite/py/compile.o
 .text.compile_term
                0x000000001007e76c       0x84 build-MT7687Lite/py/compile.o
 .text.compile_binary_op
                0x000000001007e7f0       0x3c build-MT7687Lite/py/compile.o
 .text.compile_expr_stmt
                0x000000001007e82c      0x17c build-MT7687Lite/py/compile.o
 .text.compile_not_test_2
                0x000000001007e9a8       0x16 build-MT7687Lite/py/compile.o
 .text.compile_or_and_test
                0x000000001007e9be       0x56 build-MT7687Lite/py/compile.o
 .text.compile_comparison
                0x000000001007ea14      0x104 build-MT7687Lite/py/compile.o
 .text.compile_test_if_expr
                0x000000001007eb18       0x7c build-MT7687Lite/py/compile.o
 .text.compile_for_stmt
                0x000000001007eb94      0x2a4 build-MT7687Lite/py/compile.o
 .text.compile_with_stmt_helper
                0x000000001007ee38       0x90 build-MT7687Lite/py/compile.o
 .text.compile_try_except
                0x000000001007eec8      0x1dc build-MT7687Lite/py/compile.o
 .text.compile_try_finally
                0x000000001007f0a4       0xac build-MT7687Lite/py/compile.o
 .text.compile_try_stmt
                0x000000001007f150       0x90 build-MT7687Lite/py/compile.o
 .text.compile_yield_expr
                0x000000001007f1e0       0x6c build-MT7687Lite/py/compile.o
 .text.compile_return_stmt
                0x000000001007f24c       0x38 build-MT7687Lite/py/compile.o
 .text.compile_factor_2
                0x000000001007f284       0x4c build-MT7687Lite/py/compile.o
 .text.compile_with_stmt
                0x000000001007f2d0       0x40 build-MT7687Lite/py/compile.o
 .text.compile_assert_stmt
                0x000000001007f310       0x58 build-MT7687Lite/py/compile.o
 .text.compile_raise_stmt
                0x000000001007f368       0x3c build-MT7687Lite/py/compile.o
 .text.compile_global_nonlocal_stmt
                0x000000001007f3a4       0xc0 build-MT7687Lite/py/compile.o
 .text.do_import_name.isra.18
                0x000000001007f464      0x134 build-MT7687Lite/py/compile.o
 .text.compile_import_from
                0x000000001007f598      0x164 build-MT7687Lite/py/compile.o
 .text.compile_dotted_as_name
                0x000000001007f6fc       0x30 build-MT7687Lite/py/compile.o
 .text.compile_break_cont_stmt
                0x000000001007f72c       0x58 build-MT7687Lite/py/compile.o
 .text.mp_compile
                0x000000001007f784      0x288 build-MT7687Lite/py/compile.o
                0x000000001007f784                mp_compile
 .text.mp_emit_common_get_id_for_load
                0x000000001007fa0c       0x22 build-MT7687Lite/py/emitcommon.o
                0x000000001007fa0c                mp_emit_common_get_id_for_load
 .text.mp_emit_common_get_id_for_modification
                0x000000001007fa2e       0x30 build-MT7687Lite/py/emitcommon.o
                0x000000001007fa2e                mp_emit_common_get_id_for_modification
 *fill*         0x000000001007fa5e        0x2 
 .text.mp_emit_common_id_op
                0x000000001007fa60       0x6c build-MT7687Lite/py/emitcommon.o
                0x000000001007fa60                mp_emit_common_id_op
 .text.emit_write_uint
                0x000000001007facc       0x3e build-MT7687Lite/py/emitbc.o
 *fill*         0x000000001007fb0a        0x2 
 .text.emit_get_cur_to_write_code_info
                0x000000001007fb0c       0x3c build-MT7687Lite/py/emitbc.o
 .text.emit_write_code_info_byte
                0x000000001007fb48        0xe build-MT7687Lite/py/emitbc.o
 *fill*         0x000000001007fb56        0x2 
 .text.emit_write_code_info_qstr
                0x000000001007fb58       0x30 build-MT7687Lite/py/emitbc.o
 .text.emit_get_cur_to_write_bytecode
                0x000000001007fb88       0x40 build-MT7687Lite/py/emitbc.o
 .text.emit_write_bytecode_byte
                0x000000001007fbc8        0xe build-MT7687Lite/py/emitbc.o
 *fill*         0x000000001007fbd6        0x2 
 .text.emit_write_bytecode_byte_uint
                0x000000001007fbd8       0x1c build-MT7687Lite/py/emitbc.o
 .text.emit_write_bytecode_byte_raw_code
                0x000000001007fbf4       0x2a build-MT7687Lite/py/emitbc.o
 .text.mp_emit_bc_delete_local
                0x000000001007fc1e        0x8 build-MT7687Lite/py/emitbc.o
                0x000000001007fc1e                mp_emit_bc_delete_local
 .text.emit_write_bytecode_byte_signed_label
                0x000000001007fc26       0x32 build-MT7687Lite/py/emitbc.o
 .text.emit_write_bytecode_byte_unsigned_label
                0x000000001007fc58       0x36 build-MT7687Lite/py/emitbc.o
 *fill*         0x000000001007fc8e        0x2 
 .text.emit_write_bytecode_byte_qstr
                0x000000001007fc90       0x34 build-MT7687Lite/py/emitbc.o
 .text.emit_write_bytecode_byte_obj.constprop.8
                0x000000001007fcc4       0x28 build-MT7687Lite/py/emitbc.o
 .text.emit_bc_new
                0x000000001007fcec        0x6 build-MT7687Lite/py/emitbc.o
                0x000000001007fcec                emit_bc_new
 .text.emit_bc_set_max_num_labels
                0x000000001007fcf2       0x10 build-MT7687Lite/py/emitbc.o
                0x000000001007fcf2                emit_bc_set_max_num_labels
 .text.emit_bc_free
                0x000000001007fd02       0x14 build-MT7687Lite/py/emitbc.o
                0x000000001007fd02                emit_bc_free
 *fill*         0x000000001007fd16        0x2 
 .text.mp_emit_bc_start_pass
                0x000000001007fd18      0x13c build-MT7687Lite/py/emitbc.o
                0x000000001007fd18                mp_emit_bc_start_pass
 .text.mp_emit_bc_end_pass
                0x000000001007fe54       0x94 build-MT7687Lite/py/emitbc.o
                0x000000001007fe54                mp_emit_bc_end_pass
 .text.mp_emit_bc_last_emit_was_return_value
                0x000000001007fee8        0xa build-MT7687Lite/py/emitbc.o
                0x000000001007fee8                mp_emit_bc_last_emit_was_return_value
 *fill*         0x000000001007fef2        0x2 
 .text.mp_emit_bc_adjust_stack_size
                0x000000001007fef4       0x3c build-MT7687Lite/py/emitbc.o
                0x000000001007fef4                mp_emit_bc_adjust_stack_size
 .text.mp_emit_bc_load_local
                0x000000001007ff30       0x36 build-MT7687Lite/py/emitbc.o
                0x000000001007ff30                mp_emit_bc_load_local
 .text.mp_emit_bc_load_global
                0x000000001007ff66       0x20 build-MT7687Lite/py/emitbc.o
                0x000000001007ff66                mp_emit_bc_load_global
 .text.mp_emit_bc_store_local
                0x000000001007ff86       0x38 build-MT7687Lite/py/emitbc.o
                0x000000001007ff86                mp_emit_bc_store_local
 .text.mp_emit_bc_store_global
                0x000000001007ffbe       0x22 build-MT7687Lite/py/emitbc.o
                0x000000001007ffbe                mp_emit_bc_store_global
 .text.mp_emit_bc_delete_global
                0x000000001007ffe0       0x20 build-MT7687Lite/py/emitbc.o
                0x000000001007ffe0                mp_emit_bc_delete_global
 .text.emit_bc_call_function_method_helper
                0x0000000010080000       0x3a build-MT7687Lite/py/emitbc.o
 *fill*         0x000000001008003a        0x2 
 .text.mp_emit_bc_set_source_line
                0x000000001008003c       0xa4 build-MT7687Lite/py/emitbc.o
                0x000000001008003c                mp_emit_bc_set_source_line
 .text.mp_emit_bc_label_assign
                0x00000000100800e0       0x6c build-MT7687Lite/py/emitbc.o
                0x00000000100800e0                mp_emit_bc_label_assign
 .text.mp_emit_bc_import
                0x000000001008014c       0x3c build-MT7687Lite/py/emitbc.o
                0x000000001008014c                mp_emit_bc_import
 .text.mp_emit_bc_load_const_tok
                0x0000000010080188       0x5c build-MT7687Lite/py/emitbc.o
                0x0000000010080188                mp_emit_bc_load_const_tok
 .text.mp_emit_bc_load_const_small_int
                0x00000000100801e4       0x90 build-MT7687Lite/py/emitbc.o
                0x00000000100801e4                mp_emit_bc_load_const_small_int
 .text.mp_emit_bc_load_const_str
                0x0000000010080274       0x1a build-MT7687Lite/py/emitbc.o
                0x0000000010080274                mp_emit_bc_load_const_str
 .text.mp_emit_bc_load_const_obj
                0x000000001008028e       0x18 build-MT7687Lite/py/emitbc.o
                0x000000001008028e                mp_emit_bc_load_const_obj
 .text.mp_emit_bc_load_null
                0x00000000100802a6       0x16 build-MT7687Lite/py/emitbc.o
                0x00000000100802a6                mp_emit_bc_load_null
 .text.mp_emit_bc_load_method
                0x00000000100802bc       0x26 build-MT7687Lite/py/emitbc.o
                0x00000000100802bc                mp_emit_bc_load_method
 .text.mp_emit_bc_load_build_class
                0x00000000100802e2       0x16 build-MT7687Lite/py/emitbc.o
                0x00000000100802e2                mp_emit_bc_load_build_class
 .text.mp_emit_bc_dup_top
                0x00000000100802f8       0x16 build-MT7687Lite/py/emitbc.o
                0x00000000100802f8                mp_emit_bc_dup_top
 .text.mp_emit_bc_dup_top_two
                0x000000001008030e       0x16 build-MT7687Lite/py/emitbc.o
                0x000000001008030e                mp_emit_bc_dup_top_two
 .text.mp_emit_bc_pop_top
                0x0000000010080324       0x18 build-MT7687Lite/py/emitbc.o
                0x0000000010080324                mp_emit_bc_pop_top
 .text.mp_emit_bc_rot_two
                0x000000001008033c       0x16 build-MT7687Lite/py/emitbc.o
                0x000000001008033c                mp_emit_bc_rot_two
 .text.mp_emit_bc_attr
                0x0000000010080352       0x3a build-MT7687Lite/py/emitbc.o
                0x0000000010080352                mp_emit_bc_attr
 .text.mp_emit_bc_rot_three
                0x000000001008038c       0x16 build-MT7687Lite/py/emitbc.o
                0x000000001008038c                mp_emit_bc_rot_three
 .text.mp_emit_bc_subscr
                0x00000000100803a2       0x36 build-MT7687Lite/py/emitbc.o
                0x00000000100803a2                mp_emit_bc_subscr
 .text.mp_emit_bc_jump
                0x00000000100803d8       0x1a build-MT7687Lite/py/emitbc.o
                0x00000000100803d8                mp_emit_bc_jump
 .text.mp_emit_bc_pop_jump_if
                0x00000000100803f2       0x24 build-MT7687Lite/py/emitbc.o
                0x00000000100803f2                mp_emit_bc_pop_jump_if
 .text.mp_emit_bc_jump_if_or_pop
                0x0000000010080416       0x24 build-MT7687Lite/py/emitbc.o
                0x0000000010080416                mp_emit_bc_jump_if_or_pop
 .text.mp_emit_bc_unwind_jump
                0x000000001008043a       0x66 build-MT7687Lite/py/emitbc.o
                0x000000001008043a                mp_emit_bc_unwind_jump
 .text.mp_emit_bc_setup_block
                0x00000000100804a0       0x26 build-MT7687Lite/py/emitbc.o
                0x00000000100804a0                mp_emit_bc_setup_block
 .text.mp_emit_bc_end_finally
                0x00000000100804c6       0x18 build-MT7687Lite/py/emitbc.o
                0x00000000100804c6                mp_emit_bc_end_finally
 .text.mp_emit_bc_get_iter
                0x00000000100804de       0x24 build-MT7687Lite/py/emitbc.o
                0x00000000100804de                mp_emit_bc_get_iter
 .text.mp_emit_bc_for_iter
                0x0000000010080502       0x1a build-MT7687Lite/py/emitbc.o
                0x0000000010080502                mp_emit_bc_for_iter
 .text.mp_emit_bc_for_iter_end
                0x000000001008051c        0x8 build-MT7687Lite/py/emitbc.o
                0x000000001008051c                mp_emit_bc_for_iter_end
 .text.mp_emit_bc_pop_block
                0x0000000010080524       0x16 build-MT7687Lite/py/emitbc.o
                0x0000000010080524                mp_emit_bc_pop_block
 .text.mp_emit_bc_with_cleanup
                0x000000001008053a       0x38 build-MT7687Lite/py/emitbc.o
                0x000000001008053a                mp_emit_bc_with_cleanup
 .text.mp_emit_bc_pop_except
                0x0000000010080572       0x16 build-MT7687Lite/py/emitbc.o
                0x0000000010080572                mp_emit_bc_pop_except
 .text.mp_emit_bc_unary_op
                0x0000000010080588       0x1c build-MT7687Lite/py/emitbc.o
                0x0000000010080588                mp_emit_bc_unary_op
 .text.mp_emit_bc_binary_op
                0x00000000100805a4       0x4a build-MT7687Lite/py/emitbc.o
                0x00000000100805a4                mp_emit_bc_binary_op
 .text.mp_emit_bc_build
                0x00000000100805ee       0x28 build-MT7687Lite/py/emitbc.o
                0x00000000100805ee                mp_emit_bc_build
 .text.mp_emit_bc_store_map
                0x0000000010080616       0x18 build-MT7687Lite/py/emitbc.o
                0x0000000010080616                mp_emit_bc_store_map
 .text.mp_emit_bc_store_comp
                0x000000001008062e       0x36 build-MT7687Lite/py/emitbc.o
                0x000000001008062e                mp_emit_bc_store_comp
 .text.mp_emit_bc_unpack_sequence
                0x0000000010080664       0x1a build-MT7687Lite/py/emitbc.o
                0x0000000010080664                mp_emit_bc_unpack_sequence
 .text.mp_emit_bc_unpack_ex
                0x000000001008067e       0x1e build-MT7687Lite/py/emitbc.o
                0x000000001008067e                mp_emit_bc_unpack_ex
 .text.mp_emit_bc_make_function
                0x000000001008069c       0x2e build-MT7687Lite/py/emitbc.o
                0x000000001008069c                mp_emit_bc_make_function
 *fill*         0x00000000100806ca        0x2 
 .text.mp_emit_bc_make_closure
                0x00000000100806cc       0x58 build-MT7687Lite/py/emitbc.o
                0x00000000100806cc                mp_emit_bc_make_closure
 .text.mp_emit_bc_call_function
                0x0000000010080724       0x16 build-MT7687Lite/py/emitbc.o
                0x0000000010080724                mp_emit_bc_call_function
 .text.mp_emit_bc_call_method
                0x000000001008073a       0x18 build-MT7687Lite/py/emitbc.o
                0x000000001008073a                mp_emit_bc_call_method
 .text.mp_emit_bc_return_value
                0x0000000010080752       0x1c build-MT7687Lite/py/emitbc.o
                0x0000000010080752                mp_emit_bc_return_value
 *fill*         0x000000001008076e        0x2 
 .text.mp_emit_bc_raise_varargs
                0x0000000010080770       0x3c build-MT7687Lite/py/emitbc.o
                0x0000000010080770                mp_emit_bc_raise_varargs
 .text.mp_emit_bc_yield
                0x00000000100807ac       0x26 build-MT7687Lite/py/emitbc.o
                0x00000000100807ac                mp_emit_bc_yield
 .text.mp_emit_bc_start_except_handler
                0x00000000100807d2        0x6 build-MT7687Lite/py/emitbc.o
                0x00000000100807d2                mp_emit_bc_start_except_handler
 .text.mp_emit_bc_end_except_handler
                0x00000000100807d8        0x8 build-MT7687Lite/py/emitbc.o
                0x00000000100807d8                mp_emit_bc_end_except_handler
 .text.mp_parse_num_base
                0x00000000100807e0       0x6e build-MT7687Lite/py/parsenumbase.o
                0x00000000100807e0                mp_parse_num_base
 *fill*         0x000000001008084e        0x2 
 .text.raise_exc
                0x0000000010080850       0x20 build-MT7687Lite/py/parsenum.o
 .text.mp_parse_num_integer
                0x0000000010080870       0xfc build-MT7687Lite/py/parsenum.o
                0x0000000010080870                mp_parse_num_integer
 .text.mp_parse_num_decimal
                0x000000001008096c       0x18 build-MT7687Lite/py/parsenum.o
                0x000000001008096c                mp_parse_num_decimal
 .text.mp_emit_glue_new_raw_code
                0x0000000010080984       0x14 build-MT7687Lite/py/emitglue.o
                0x0000000010080984                mp_emit_glue_new_raw_code
 .text.mp_emit_glue_assign_bytecode
                0x0000000010080998       0x1a build-MT7687Lite/py/emitglue.o
                0x0000000010080998                mp_emit_glue_assign_bytecode
 *fill*         0x00000000100809b2        0x2 
 .text.mp_make_function_from_raw_code
                0x00000000100809b4       0x90 build-MT7687Lite/py/emitglue.o
                0x00000000100809b4                mp_make_function_from_raw_code
 .text.mp_make_closure_from_raw_code
                0x0000000010080a44       0x28 build-MT7687Lite/py/emitglue.o
                0x0000000010080a44                mp_make_closure_from_raw_code
 .text.read_bytes
                0x0000000010080a6c       0x1a build-MT7687Lite/py/persistentcode.o
 .text.read_uint
                0x0000000010080a86       0x1c build-MT7687Lite/py/persistentcode.o
 .text.load_qstr
                0x0000000010080aa2       0x2e build-MT7687Lite/py/persistentcode.o
 .text.load_raw_code
                0x0000000010080ad0      0x1c8 build-MT7687Lite/py/persistentcode.o
 .text.mp_raw_code_load
                0x0000000010080c98       0x4c build-MT7687Lite/py/persistentcode.o
                0x0000000010080c98                mp_raw_code_load
 .text.mp_raw_code_load_file
                0x0000000010080ce4       0x16 build-MT7687Lite/py/persistentcode.o
                0x0000000010080ce4                mp_raw_code_load_file
 *fill*         0x0000000010080cfa        0x2 
 .text.mp_init  0x0000000010080cfc       0x7c build-MT7687Lite/py/runtime.o
                0x0000000010080cfc                mp_init
 .text.mp_load_build_class
                0x0000000010080d78       0x28 build-MT7687Lite/py/runtime.o
                0x0000000010080d78                mp_load_build_class
 .text.mp_store_name
                0x0000000010080da0       0x1c build-MT7687Lite/py/runtime.o
                0x0000000010080da0                mp_store_name
 .text.mp_delete_name
                0x0000000010080dbc       0x18 build-MT7687Lite/py/runtime.o
                0x0000000010080dbc                mp_delete_name
 .text.mp_store_global
                0x0000000010080dd4       0x1c build-MT7687Lite/py/runtime.o
                0x0000000010080dd4                mp_store_global
 .text.mp_delete_global
                0x0000000010080df0       0x18 build-MT7687Lite/py/runtime.o
                0x0000000010080df0                mp_delete_global
 .text.mp_convert_member_lookup
                0x0000000010080e08       0xb4 build-MT7687Lite/py/runtime.o
                0x0000000010080e08                mp_convert_member_lookup
 .text.mp_load_method_maybe
                0x0000000010080ebc       0x94 build-MT7687Lite/py/runtime.o
                0x0000000010080ebc                mp_load_method_maybe
 .text.mp_load_method_protected
                0x0000000010080f50       0x44 build-MT7687Lite/py/runtime.o
                0x0000000010080f50                mp_load_method_protected
 .text.mp_import_name
                0x0000000010080f94       0x28 build-MT7687Lite/py/runtime.o
                0x0000000010080f94                mp_import_name
 .text.mp_import_from
                0x0000000010080fbc       0xdc build-MT7687Lite/py/runtime.o
                0x0000000010080fbc                mp_import_from
 .text.mp_import_all
                0x0000000010081098       0x3c build-MT7687Lite/py/runtime.o
                0x0000000010081098                mp_import_all
 .text.mp_raise_msg
                0x00000000100810d4       0x12 build-MT7687Lite/py/runtime.o
                0x00000000100810d4                mp_raise_msg
 *fill*         0x00000000100810e6        0x2 
 .text.mp_load_global
                0x00000000100810e8       0x58 build-MT7687Lite/py/runtime.o
                0x00000000100810e8                mp_load_global
 .text.mp_load_name
                0x0000000010081140       0x38 build-MT7687Lite/py/runtime.o
                0x0000000010081140                mp_load_name
 .text.mp_load_method
                0x0000000010081178       0x20 build-MT7687Lite/py/runtime.o
                0x0000000010081178                mp_load_method
 .text.mp_load_attr
                0x0000000010081198       0x1a build-MT7687Lite/py/runtime.o
                0x0000000010081198                mp_load_attr
 *fill*         0x00000000100811b2        0x2 
 .text.mp_store_attr
                0x00000000100811b4       0x38 build-MT7687Lite/py/runtime.o
                0x00000000100811b4                mp_store_attr
 .text.m_malloc_fail
                0x00000000100811ec       0x2c build-MT7687Lite/py/runtime.o
                0x00000000100811ec                m_malloc_fail
 .text.mp_raise_ValueError
                0x0000000010081218       0x10 build-MT7687Lite/py/runtime.o
                0x0000000010081218                mp_raise_ValueError
 .text.mp_raise_TypeError
                0x0000000010081228       0x10 build-MT7687Lite/py/runtime.o
                0x0000000010081228                mp_raise_TypeError
 .text.mp_unary_op
                0x0000000010081238      0x108 build-MT7687Lite/py/runtime.o
                0x0000000010081238                mp_unary_op
 .text.mp_call_function_n_kw
                0x0000000010081340       0x30 build-MT7687Lite/py/runtime.o
                0x0000000010081340                mp_call_function_n_kw
 .text.mp_call_function_0
                0x0000000010081370        0xa build-MT7687Lite/py/runtime.o
                0x0000000010081370                mp_call_function_0
 .text.mp_parse_compile_execute
                0x000000001008137a       0x80 build-MT7687Lite/py/runtime.o
                0x000000001008137a                mp_parse_compile_execute
 .text.mp_call_function_1
                0x00000000100813fa       0x16 build-MT7687Lite/py/runtime.o
                0x00000000100813fa                mp_call_function_1
 .text.mp_call_method_n_kw
                0x0000000010081410       0x1e build-MT7687Lite/py/runtime.o
                0x0000000010081410                mp_call_method_n_kw
 *fill*         0x000000001008142e        0x2 
 .text.mp_make_raise_obj
                0x0000000010081430       0x3c build-MT7687Lite/py/runtime.o
                0x0000000010081430                mp_make_raise_obj
 .text.mp_resume
                0x000000001008146c      0x120 build-MT7687Lite/py/runtime.o
                0x000000001008146c                mp_resume
 .text.checked_fun_call
                0x000000001008158c       0x34 build-MT7687Lite/py/runtime.o
 .text.mp_getiter
                0x00000000100815c0       0x78 build-MT7687Lite/py/runtime.o
                0x00000000100815c0                mp_getiter
 .text.mp_iternext_allow_raise
                0x0000000010081638       0x38 build-MT7687Lite/py/runtime.o
                0x0000000010081638                mp_iternext_allow_raise
 .text.mp_iternext
                0x0000000010081670       0x64 build-MT7687Lite/py/runtime.o
                0x0000000010081670                mp_iternext
 .text.mp_call_method_n_kw_var
                0x00000000100816d4      0x28c build-MT7687Lite/py/runtime.o
                0x00000000100816d4                mp_call_method_n_kw_var
 .text.mp_unpack_sequence
                0x0000000010081960       0x90 build-MT7687Lite/py/runtime.o
                0x0000000010081960                mp_unpack_sequence
 .text.mp_unpack_ex
                0x00000000100819f0       0xfc build-MT7687Lite/py/runtime.o
                0x00000000100819f0                mp_unpack_ex
 .text.mp_binary_op
                0x0000000010081aec      0x280 build-MT7687Lite/py/runtime.o
                0x0000000010081aec                mp_binary_op
 .text.mp_raise_OSError
                0x0000000010081d6c       0x18 build-MT7687Lite/py/runtime.o
                0x0000000010081d6c                mp_raise_OSError
 .text.mp_raise_NotImplementedError
                0x0000000010081d84       0x10 build-MT7687Lite/py/runtime.o
                0x0000000010081d84                mp_raise_NotImplementedError
 .text.mp_call_function_1_protected
                0x0000000010081d94       0x34 build-MT7687Lite/py/runtime_utils.o
                0x0000000010081d94                mp_call_function_1_protected
 .text.mp_stack_set_top
                0x0000000010081dc8        0xc build-MT7687Lite/py/stackctrl.o
                0x0000000010081dc8                mp_stack_set_top
 .text.mp_arg_error_terse_mismatch
                0x0000000010081dd4        0xc build-MT7687Lite/py/argcheck.o
                0x0000000010081dd4                mp_arg_error_terse_mismatch
 .text.mp_arg_check_num
                0x0000000010081de0       0x22 build-MT7687Lite/py/argcheck.o
                0x0000000010081de0                mp_arg_check_num
 *fill*         0x0000000010081e02        0x2 
 .text.mp_arg_parse_all
                0x0000000010081e04       0xb0 build-MT7687Lite/py/argcheck.o
                0x0000000010081e04                mp_arg_parse_all
 .text.mp_arg_parse_all_kw_array
                0x0000000010081eb4       0x2c build-MT7687Lite/py/argcheck.o
                0x0000000010081eb4                mp_arg_parse_all_kw_array
 .text.mp_arg_error_unimpl_kw
                0x0000000010081ee0        0xc build-MT7687Lite/py/argcheck.o
                0x0000000010081ee0                mp_arg_error_unimpl_kw
 .text.mp_map_init
                0x0000000010081eec       0x2e build-MT7687Lite/py/map.o
                0x0000000010081eec                mp_map_init
 .text.mp_map_init_fixed_table
                0x0000000010081f1a       0x16 build-MT7687Lite/py/map.o
                0x0000000010081f1a                mp_map_init_fixed_table
 .text.mp_map_deinit
                0x0000000010081f30       0x1e build-MT7687Lite/py/map.o
                0x0000000010081f30                mp_map_deinit
 .text.mp_map_clear
                0x0000000010081f4e       0x2c build-MT7687Lite/py/map.o
                0x0000000010081f4e                mp_map_clear
 *fill*         0x0000000010081f7a        0x2 
 .text.mp_map_lookup
                0x0000000010081f7c      0x240 build-MT7687Lite/py/map.o
                0x0000000010081f7c                mp_map_lookup
 .text.mp_map_rehash
                0x00000000100821bc       0x70 build-MT7687Lite/py/map.o
 .text.mp_set_init
                0x000000001008222c       0x14 build-MT7687Lite/py/map.o
                0x000000001008222c                mp_set_init
 .text.mp_set_lookup
                0x0000000010082240       0xd4 build-MT7687Lite/py/map.o
                0x0000000010082240                mp_set_lookup
 .text.mp_set_rehash
                0x0000000010082314       0x5c build-MT7687Lite/py/map.o
 .text.mp_set_remove_first
                0x0000000010082370       0x40 build-MT7687Lite/py/map.o
                0x0000000010082370                mp_set_remove_first
 .text.mp_set_clear
                0x00000000100823b0       0x14 build-MT7687Lite/py/map.o
                0x00000000100823b0                mp_set_clear
 .text.mp_identity
                0x00000000100823c4        0x2 build-MT7687Lite/py/obj.o
                0x00000000100823c4                mp_identity
 *fill*         0x00000000100823c6        0x2 
 .text.mp_obj_get_type
                0x00000000100823c8       0x20 build-MT7687Lite/py/obj.o
                0x00000000100823c8                mp_obj_get_type
 .text.mp_obj_get_type_str
                0x00000000100823e8       0x10 build-MT7687Lite/py/obj.o
                0x00000000100823e8                mp_obj_get_type_str
 .text.mp_obj_print_helper
                0x00000000100823f8       0x38 build-MT7687Lite/py/obj.o
                0x00000000100823f8                mp_obj_print_helper
 .text.mp_obj_print
                0x0000000010082430       0x10 build-MT7687Lite/py/obj.o
                0x0000000010082430                mp_obj_print
 .text.mp_obj_print_exception
                0x0000000010082440       0xc0 build-MT7687Lite/py/obj.o
                0x0000000010082440                mp_obj_print_exception
 .text.mp_obj_is_callable
                0x0000000010082500       0x28 build-MT7687Lite/py/obj.o
                0x0000000010082500                mp_obj_is_callable
 .text.mp_obj_equal
                0x0000000010082528       0x94 build-MT7687Lite/py/obj.o
                0x0000000010082528                mp_obj_equal
 .text.mp_obj_get_int
                0x00000000100825bc       0x48 build-MT7687Lite/py/obj.o
                0x00000000100825bc                mp_obj_get_int
 .text.mp_obj_get_int_truncated
                0x0000000010082604       0x1c build-MT7687Lite/py/obj.o
                0x0000000010082604                mp_obj_get_int_truncated
 .text.mp_obj_get_int_maybe
                0x0000000010082620       0x54 build-MT7687Lite/py/obj.o
                0x0000000010082620                mp_obj_get_int_maybe
 .text.mp_obj_get_array
                0x0000000010082674       0x38 build-MT7687Lite/py/obj.o
                0x0000000010082674                mp_obj_get_array
 .text.mp_obj_get_array_fixed_n
                0x00000000100826ac       0x20 build-MT7687Lite/py/obj.o
                0x00000000100826ac                mp_obj_get_array_fixed_n
 .text.mp_get_index
                0x00000000100826cc       0x64 build-MT7687Lite/py/obj.o
                0x00000000100826cc                mp_get_index
 .text.mp_obj_id
                0x0000000010082730       0x18 build-MT7687Lite/py/obj.o
                0x0000000010082730                mp_obj_id
 .text.mp_obj_len_maybe
                0x0000000010082748       0x34 build-MT7687Lite/py/obj.o
                0x0000000010082748                mp_obj_len_maybe
 .text.mp_obj_is_true
                0x000000001008277c       0x64 build-MT7687Lite/py/obj.o
                0x000000001008277c                mp_obj_is_true
 .text.mp_obj_len
                0x00000000100827e0       0x14 build-MT7687Lite/py/obj.o
                0x00000000100827e0                mp_obj_len
 .text.mp_obj_subscr
                0x00000000100827f4       0x38 build-MT7687Lite/py/obj.o
                0x00000000100827f4                mp_obj_subscr
 .text.mp_identity_getiter
                0x000000001008282c        0x2 build-MT7687Lite/py/obj.o
                0x000000001008282c                mp_identity_getiter
 .text.mp_get_buffer
                0x000000001008282e       0x1c build-MT7687Lite/py/obj.o
                0x000000001008282e                mp_get_buffer
 *fill*         0x000000001008284a        0x2 
 .text.mp_get_buffer_raise
                0x000000001008284c       0x14 build-MT7687Lite/py/obj.o
                0x000000001008284c                mp_get_buffer_raise
 .text.mp_generic_unary_op
                0x0000000010082860        0xe build-MT7687Lite/py/obj.o
                0x0000000010082860                mp_generic_unary_op
 *fill*         0x000000001008286e        0x2 
 .text.array_unary_op
                0x0000000010082870       0x2c build-MT7687Lite/py/objarray.o
 .text.array_iterator_new
                0x000000001008289c       0x28 build-MT7687Lite/py/objarray.o
 .text.array_get_buffer
                0x00000000100828c4       0x50 build-MT7687Lite/py/objarray.o
 .text.array_new
                0x0000000010082914       0x48 build-MT7687Lite/py/objarray.o
 .text.array_extend
                0x000000001008295c       0xa0 build-MT7687Lite/py/objarray.o
 .text.array_append
                0x00000000100829fc       0xac build-MT7687Lite/py/objarray.o
 .text.array_it_iternext
                0x0000000010082aa8       0x28 build-MT7687Lite/py/objarray.o
 .text.array_subscr
                0x0000000010082ad0      0x24c build-MT7687Lite/py/objarray.o
 .text.array_binary_op
                0x0000000010082d1c      0x11c build-MT7687Lite/py/objarray.o
 .text.array_construct
                0x0000000010082e38       0xb4 build-MT7687Lite/py/objarray.o
 .text.array_make_new
                0x0000000010082eec       0x3c build-MT7687Lite/py/objarray.o
 .text.array_print
                0x0000000010082f28       0x90 build-MT7687Lite/py/objarray.o
 .text.bytearray_make_new
                0x0000000010082fb8       0x68 build-MT7687Lite/py/objarray.o
 .text.mp_obj_new_memoryview
                0x0000000010083020       0x28 build-MT7687Lite/py/objarray.o
                0x0000000010083020                mp_obj_new_memoryview
 .text.memoryview_make_new
                0x0000000010083048       0x56 build-MT7687Lite/py/objarray.o
 .text.mp_obj_attrtuple_attr
                0x000000001008309e       0x2a build-MT7687Lite/py/objattrtuple.o
 .text.mp_obj_attrtuple_print_helper
                0x00000000100830c8       0x68 build-MT7687Lite/py/objattrtuple.o
                0x00000000100830c8                mp_obj_attrtuple_print_helper
 .text.mp_obj_attrtuple_print
                0x0000000010083130        0xe build-MT7687Lite/py/objattrtuple.o
 .text.bool_binary_op
                0x000000001008313e        0xc build-MT7687Lite/py/objbool.o
 .text.bool_unary_op
                0x000000001008314a       0x14 build-MT7687Lite/py/objbool.o
 *fill*         0x000000001008315e        0x2 
 .text.bool_make_new
                0x0000000010083160       0x30 build-MT7687Lite/py/objbool.o
 .text.bool_print
                0x0000000010083190       0x2c build-MT7687Lite/py/objbool.o
 .text.mp_call_method_self_n_kw
                0x00000000100831bc       0x6a build-MT7687Lite/py/objboundmeth.o
                0x00000000100831bc                mp_call_method_self_n_kw
 .text.bound_meth_call
                0x0000000010083226       0x16 build-MT7687Lite/py/objboundmeth.o
 .text.mp_obj_new_bound_meth
                0x000000001008323c       0x1c build-MT7687Lite/py/objboundmeth.o
                0x000000001008323c                mp_obj_new_bound_meth
 .text.mp_obj_cell_get
                0x0000000010083258        0x4 build-MT7687Lite/py/objcell.o
                0x0000000010083258                mp_obj_cell_get
 .text.mp_obj_cell_set
                0x000000001008325c        0x4 build-MT7687Lite/py/objcell.o
                0x000000001008325c                mp_obj_cell_set
 .text.mp_obj_new_cell
                0x0000000010083260       0x18 build-MT7687Lite/py/objcell.o
                0x0000000010083260                mp_obj_new_cell
 .text.closure_call
                0x0000000010083278       0x8a build-MT7687Lite/py/objclosure.o
 *fill*         0x0000000010083302        0x2 
 .text.mp_obj_new_closure
                0x0000000010083304       0x34 build-MT7687Lite/py/objclosure.o
                0x0000000010083304                mp_obj_new_closure
 .text.dict_view_getiter
                0x0000000010083338       0x18 build-MT7687Lite/py/objdict.o
 .text.dict_getiter
                0x0000000010083350       0x18 build-MT7687Lite/py/objdict.o
 .text.dict_values
                0x0000000010083368       0x1c build-MT7687Lite/py/objdict.o
 .text.mp_ensure_not_fixed
                0x0000000010083384       0x10 build-MT7687Lite/py/objdict.o
 .text.dict_clear
                0x0000000010083394       0x18 build-MT7687Lite/py/objdict.o
 .text.dict_unary_op
                0x00000000100833ac       0x34 build-MT7687Lite/py/objdict.o
 .text.dict_get_helper
                0x00000000100833e0       0x58 build-MT7687Lite/py/objdict.o
 .text.dict_setdefault
                0x0000000010083438        0x6 build-MT7687Lite/py/objdict.o
 .text.dict_pop
                0x000000001008343e        0x6 build-MT7687Lite/py/objdict.o
 .text.dict_get
                0x0000000010083444        0x6 build-MT7687Lite/py/objdict.o
 .text.dict_iter_next
                0x000000001008344a       0x28 build-MT7687Lite/py/objdict.o
 .text.dict_view_it_iternext
                0x0000000010083472       0x3a build-MT7687Lite/py/objdict.o
 .text.dict_view_print
                0x00000000100834ac       0x78 build-MT7687Lite/py/objdict.o
 .text.dict_update
                0x0000000010083524       0xf8 build-MT7687Lite/py/objdict.o
 .text.dict_popitem
                0x000000001008361c       0x4c build-MT7687Lite/py/objdict.o
 .text.dict_binary_op
                0x0000000010083668       0xdc build-MT7687Lite/py/objdict.o
 .text.dict_view_binary_op
                0x0000000010083744       0x1a build-MT7687Lite/py/objdict.o
 *fill*         0x000000001008375e        0x2 
 .text.dict_print
                0x0000000010083760       0xb8 build-MT7687Lite/py/objdict.o
 .text.dict_items
                0x0000000010083818       0x1c build-MT7687Lite/py/objdict.o
 .text.dict_keys
                0x0000000010083834       0x1c build-MT7687Lite/py/objdict.o
 .text.mp_obj_dict_get
                0x0000000010083850       0x24 build-MT7687Lite/py/objdict.o
                0x0000000010083850                mp_obj_dict_get
 .text.mp_obj_dict_init
                0x0000000010083874       0x10 build-MT7687Lite/py/objdict.o
                0x0000000010083874                mp_obj_dict_init
 .text.mp_obj_new_dict
                0x0000000010083884       0x16 build-MT7687Lite/py/objdict.o
                0x0000000010083884                mp_obj_new_dict
 *fill*         0x000000001008389a        0x2 
 .text.dict_fromkeys
                0x000000001008389c       0x4c build-MT7687Lite/py/objdict.o
 .text.dict_copy
                0x00000000100838e8       0x4a build-MT7687Lite/py/objdict.o
 *fill*         0x0000000010083932        0x2 
 .text.dict_make_new
                0x0000000010083934       0x54 build-MT7687Lite/py/objdict.o
 .text.mp_obj_dict_len
                0x0000000010083988        0x6 build-MT7687Lite/py/objdict.o
                0x0000000010083988                mp_obj_dict_len
 .text.mp_obj_dict_store
                0x000000001008398e       0x1c build-MT7687Lite/py/objdict.o
                0x000000001008398e                mp_obj_dict_store
 .text.mp_obj_dict_delete
                0x00000000100839aa       0x18 build-MT7687Lite/py/objdict.o
                0x00000000100839aa                mp_obj_dict_delete
 *fill*         0x00000000100839c2        0x2 
 .text.dict_subscr
                0x00000000100839c4       0x3c build-MT7687Lite/py/objdict.o
 .text.enumerate_make_new
                0x0000000010083a00       0x3c build-MT7687Lite/py/objenumerate.o
 .text.enumerate_iternext
                0x0000000010083a3c       0x54 build-MT7687Lite/py/objenumerate.o
 .text.mp_obj_exception_print
                0x0000000010083a90       0xa8 build-MT7687Lite/py/objexcept.o
                0x0000000010083a90                mp_obj_exception_print
 .text.mp_obj_exception_make_new
                0x0000000010083b38       0x8c build-MT7687Lite/py/objexcept.o
                0x0000000010083b38                mp_obj_exception_make_new
 .text.exc_add_strn
                0x0000000010083bc4       0x54 build-MT7687Lite/py/objexcept.o
 .text.mp_init_emergency_exception_buf
                0x0000000010083c18       0x10 build-MT7687Lite/py/objexcept.o
                0x0000000010083c18                mp_init_emergency_exception_buf
 .text.mp_alloc_emergency_exception_buf
                0x0000000010083c28       0x3c build-MT7687Lite/py/objexcept.o
                0x0000000010083c28                mp_alloc_emergency_exception_buf
 .text.mp_obj_exception_get_value
                0x0000000010083c64       0x14 build-MT7687Lite/py/objexcept.o
                0x0000000010083c64                mp_obj_exception_get_value
 .text.mp_obj_exception_attr
                0x0000000010083c78       0x44 build-MT7687Lite/py/objexcept.o
                0x0000000010083c78                mp_obj_exception_attr
 .text.mp_obj_new_exception_args
                0x0000000010083cbc       0x34 build-MT7687Lite/py/objexcept.o
                0x0000000010083cbc                mp_obj_new_exception_args
 .text.mp_obj_new_exception
                0x0000000010083cf0        0x8 build-MT7687Lite/py/objexcept.o
                0x0000000010083cf0                mp_obj_new_exception
 .text.mp_obj_new_exception_arg1
                0x0000000010083cf8       0x14 build-MT7687Lite/py/objexcept.o
                0x0000000010083cf8                mp_obj_new_exception_arg1
 .text.mp_obj_new_exception_msg_varg
                0x0000000010083d0c       0xf4 build-MT7687Lite/py/objexcept.o
                0x0000000010083d0c                mp_obj_new_exception_msg_varg
 .text.mp_obj_new_exception_msg
                0x0000000010083e00        0x4 build-MT7687Lite/py/objexcept.o
                0x0000000010083e00                mp_obj_new_exception_msg
 .text.mp_obj_is_exception_type
                0x0000000010083e04       0x2c build-MT7687Lite/py/objexcept.o
                0x0000000010083e04                mp_obj_is_exception_type
 .text.mp_obj_is_exception_instance
                0x0000000010083e30        0xe build-MT7687Lite/py/objexcept.o
                0x0000000010083e30                mp_obj_is_exception_instance
 .text.mp_obj_exception_match
                0x0000000010083e3e       0x20 build-MT7687Lite/py/objexcept.o
                0x0000000010083e3e                mp_obj_exception_match
 *fill*         0x0000000010083e5e        0x2 
 .text.mp_obj_exception_clear_traceback
                0x0000000010083e60       0x40 build-MT7687Lite/py/objexcept.o
                0x0000000010083e60                mp_obj_exception_clear_traceback
 .text.mp_obj_exception_add_traceback
                0x0000000010083ea0       0xac build-MT7687Lite/py/objexcept.o
                0x0000000010083ea0                mp_obj_exception_add_traceback
 .text.mp_obj_exception_get_traceback
                0x0000000010083f4c       0x4c build-MT7687Lite/py/objexcept.o
                0x0000000010083f4c                mp_obj_exception_get_traceback
 .text.filter_iternext
                0x0000000010083f98       0x38 build-MT7687Lite/py/objfilter.o
 .text.filter_make_new
                0x0000000010083fd0       0x34 build-MT7687Lite/py/objfilter.o
 .text.fun_builtin_0_call
                0x0000000010084004       0x44 build-MT7687Lite/py/objfun.o
 .text.fun_builtin_1_call
                0x0000000010084048       0x4c build-MT7687Lite/py/objfun.o
 .text.fun_builtin_2_call
                0x0000000010084094       0x4c build-MT7687Lite/py/objfun.o
 .text.fun_builtin_3_call
                0x00000000100840e0       0x4c build-MT7687Lite/py/objfun.o
 .text.fun_builtin_var_call
                0x000000001008412c       0x78 build-MT7687Lite/py/objfun.o
 .text.fun_bc_call
                0x00000000100841a4       0xe4 build-MT7687Lite/py/objfun.o
 .text.mp_obj_code_get_name
                0x0000000010084288       0x10 build-MT7687Lite/py/objfun.o
                0x0000000010084288                mp_obj_code_get_name
 .text.mp_obj_fun_get_name
                0x0000000010084298       0x16 build-MT7687Lite/py/objfun.o
                0x0000000010084298                mp_obj_fun_get_name
 *fill*         0x00000000100842ae        0x2 
 .text.fun_bc_print
                0x00000000100842b0       0x20 build-MT7687Lite/py/objfun.o
 .text.mp_obj_new_fun_bc
                0x00000000100842d0       0xc4 build-MT7687Lite/py/objfun.o
                0x00000000100842d0                mp_obj_new_fun_bc
 .text.gen_wrap_call
                0x0000000010084394       0x54 build-MT7687Lite/py/objgenerator.o
 .text.gen_instance_pend_throw
                0x00000000100843e8       0x1c build-MT7687Lite/py/objgenerator.o
 .text.gen_instance_print
                0x0000000010084404       0x20 build-MT7687Lite/py/objgenerator.o
 .text.unlikely.gen_instance_send.part.1
                0x0000000010084424       0x10 build-MT7687Lite/py/objgenerator.o
 .text.mp_obj_gen_resume
                0x0000000010084434       0xb8 build-MT7687Lite/py/objgenerator.o
                0x0000000010084434                mp_obj_gen_resume
 .text.gen_resume_and_raise
                0x00000000100844ec       0x58 build-MT7687Lite/py/objgenerator.o
 .text.gen_instance_throw
                0x0000000010084544       0x24 build-MT7687Lite/py/objgenerator.o
 .text.gen_instance_send
                0x0000000010084568       0x12 build-MT7687Lite/py/objgenerator.o
 *fill*         0x000000001008457a        0x2 
 .text.gen_instance_iternext
                0x000000001008457c        0xc build-MT7687Lite/py/objgenerator.o
 .text.gen_instance_close
                0x0000000010084588       0x64 build-MT7687Lite/py/objgenerator.o
 .text.it_iternext
                0x00000000100845ec       0x54 build-MT7687Lite/py/objgetitemiter.o
 .text.mp_obj_new_getitem_iter
                0x0000000010084640       0x18 build-MT7687Lite/py/objgetitemiter.o
                0x0000000010084640                mp_obj_new_getitem_iter
 .text.int_to_bytes
                0x0000000010084658       0x7c build-MT7687Lite/py/objint.o
 .text.int_from_bytes
                0x00000000100846d4       0x6c build-MT7687Lite/py/objint.o
 .text.mp_obj_int_make_new
                0x0000000010084740       0x88 build-MT7687Lite/py/objint.o
 .text.mp_int_format_size
                0x00000000100847c8       0x50 build-MT7687Lite/py/objint.o
                0x00000000100847c8                mp_int_format_size
 .text.mp_obj_int_formatted
                0x0000000010084818      0x154 build-MT7687Lite/py/objint.o
                0x0000000010084818                mp_obj_int_formatted
 .text.mp_obj_int_print
                0x000000001008496c       0x3c build-MT7687Lite/py/objint.o
                0x000000001008496c                mp_obj_int_print
 .text.mp_obj_int_binary_op_extra_cases
                0x00000000100849a8       0x64 build-MT7687Lite/py/objint.o
                0x00000000100849a8                mp_obj_int_binary_op_extra_cases
 .text.mp_obj_int_new_mpz
                0x0000000010084a0c       0x1c build-MT7687Lite/py/objint_mpz.o
                0x0000000010084a0c                mp_obj_int_new_mpz
 .text.mp_obj_int_formatted_impl
                0x0000000010084a28       0x78 build-MT7687Lite/py/objint_mpz.o
                0x0000000010084a28                mp_obj_int_formatted_impl
 .text.mp_obj_int_from_bytes_impl
                0x0000000010084aa0       0x1e build-MT7687Lite/py/objint_mpz.o
                0x0000000010084aa0                mp_obj_int_from_bytes_impl
 *fill*         0x0000000010084abe        0x2 
 .text.mp_obj_int_to_bytes_impl
                0x0000000010084ac0       0x4c build-MT7687Lite/py/objint_mpz.o
                0x0000000010084ac0                mp_obj_int_to_bytes_impl
 .text.mp_obj_int_sign
                0x0000000010084b0c       0x30 build-MT7687Lite/py/objint_mpz.o
                0x0000000010084b0c                mp_obj_int_sign
 .text.mp_obj_int_unary_op
                0x0000000010084b3c       0x78 build-MT7687Lite/py/objint_mpz.o
                0x0000000010084b3c                mp_obj_int_unary_op
 .text.mp_obj_new_int_from_ll
                0x0000000010084bb4       0x20 build-MT7687Lite/py/objint_mpz.o
                0x0000000010084bb4                mp_obj_new_int_from_ll
 .text.mp_obj_new_int
                0x0000000010084bd4       0x14 build-MT7687Lite/py/objint_mpz.o
                0x0000000010084bd4                mp_obj_new_int
 .text.mp_obj_new_int_from_ull
                0x0000000010084be8       0x20 build-MT7687Lite/py/objint_mpz.o
                0x0000000010084be8                mp_obj_new_int_from_ull
 .text.mp_obj_new_int_from_uint
                0x0000000010084c08       0x14 build-MT7687Lite/py/objint_mpz.o
                0x0000000010084c08                mp_obj_new_int_from_uint
 .text.mp_obj_new_int_from_str_len
                0x0000000010084c1c       0x30 build-MT7687Lite/py/objint_mpz.o
                0x0000000010084c1c                mp_obj_new_int_from_str_len
 .text.mp_obj_int_get_truncated
                0x0000000010084c4c        0xe build-MT7687Lite/py/objint_mpz.o
                0x0000000010084c4c                mp_obj_int_get_truncated
 *fill*         0x0000000010084c5a        0x2 
 .text.mp_obj_int_get_checked
                0x0000000010084c5c       0x2c build-MT7687Lite/py/objint_mpz.o
                0x0000000010084c5c                mp_obj_int_get_checked
 .text.mp_obj_int_binary_op
                0x0000000010084c88      0x240 build-MT7687Lite/py/objint_mpz.o
                0x0000000010084c88                mp_obj_int_binary_op
 .text.list_unary_op
                0x0000000010084ec8       0x2c build-MT7687Lite/py/objlist.o
 .text.list_getiter
                0x0000000010084ef4       0x1c build-MT7687Lite/py/objlist.o
 .text.list_reverse
                0x0000000010084f10       0x38 build-MT7687Lite/py/objlist.o
 .text.list_it_iternext
                0x0000000010084f48       0x1c build-MT7687Lite/py/objlist.o
 .text.mp_obj_list_append
                0x0000000010084f64       0x4c build-MT7687Lite/py/objlist.o
                0x0000000010084f64                mp_obj_list_append
 .text.list_insert
                0x0000000010084fb0       0x4c build-MT7687Lite/py/objlist.o
 .text.list_clear
                0x0000000010084ffc       0x28 build-MT7687Lite/py/objlist.o
 .text.mp_quicksort
                0x0000000010085024       0xba build-MT7687Lite/py/objlist.o
 *fill*         0x00000000100850de        0x2 
 .text.mp_obj_list_sort
                0x00000000100850e0       0x60 build-MT7687Lite/py/objlist.o
                0x00000000100850e0                mp_obj_list_sort
 .text.list_index
                0x0000000010085140       0x12 build-MT7687Lite/py/objlist.o
 *fill*         0x0000000010085152        0x2 
 .text.list_pop
                0x0000000010085154       0x78 build-MT7687Lite/py/objlist.o
 .text.mp_obj_list_remove
                0x00000000100851cc       0x24 build-MT7687Lite/py/objlist.o
                0x00000000100851cc                mp_obj_list_remove
 .text.list_extend_from_iter
                0x00000000100851f0       0x24 build-MT7687Lite/py/objlist.o
 .text.list_count
                0x0000000010085214        0xa build-MT7687Lite/py/objlist.o
 *fill*         0x000000001008521e        0x2 
 .text.list_print
                0x0000000010085220       0x58 build-MT7687Lite/py/objlist.o
 .text.list_extend
                0x0000000010085278       0x74 build-MT7687Lite/py/objlist.o
 .text.mp_obj_list_init
                0x00000000100852ec       0x38 build-MT7687Lite/py/objlist.o
                0x00000000100852ec                mp_obj_list_init
 .text.list_new
                0x0000000010085324       0x16 build-MT7687Lite/py/objlist.o
 *fill*         0x000000001008533a        0x2 
 .text.list_binary_op
                0x000000001008533c       0xd4 build-MT7687Lite/py/objlist.o
 .text.list_make_new
                0x0000000010085410       0x36 build-MT7687Lite/py/objlist.o
 .text.mp_obj_new_list
                0x0000000010085446       0x24 build-MT7687Lite/py/objlist.o
                0x0000000010085446                mp_obj_new_list
 .text.list_copy
                0x000000001008546a        0x8 build-MT7687Lite/py/objlist.o
 .text.mp_obj_list_get
                0x0000000010085472        0xa build-MT7687Lite/py/objlist.o
                0x0000000010085472                mp_obj_list_get
 .text.mp_obj_list_set_len
                0x000000001008547c        0x4 build-MT7687Lite/py/objlist.o
                0x000000001008547c                mp_obj_list_set_len
 .text.mp_obj_list_store
                0x0000000010085480       0x1a build-MT7687Lite/py/objlist.o
                0x0000000010085480                mp_obj_list_store
 *fill*         0x000000001008549a        0x2 
 .text.list_subscr
                0x000000001008549c      0x1a4 build-MT7687Lite/py/objlist.o
 .text.map_iternext
                0x0000000010085640       0x4c build-MT7687Lite/py/objmap.o
 .text.map_make_new
                0x000000001008568c       0x56 build-MT7687Lite/py/objmap.o
 *fill*         0x00000000100856e2        0x2 
 .text.module_print
                0x00000000100856e4       0x60 build-MT7687Lite/py/objmodule.o
 .text.module_attr
                0x0000000010085744       0x60 build-MT7687Lite/py/objmodule.o
 .text.mp_obj_new_module
                0x00000000100857a4       0x44 build-MT7687Lite/py/objmodule.o
                0x00000000100857a4                mp_obj_new_module
 .text.mp_module_get
                0x00000000100857e8       0x2c build-MT7687Lite/py/objmodule.o
                0x00000000100857e8                mp_module_get
 .text.object___init__
                0x0000000010085814        0x8 build-MT7687Lite/py/objobject.o
 .text.object___new__
                0x000000001008581c       0x34 build-MT7687Lite/py/objobject.o
 .text.object_make_new
                0x0000000010085850       0x1e build-MT7687Lite/py/objobject.o
 .text.polymorph_it_iternext
                0x000000001008586e        0x4 build-MT7687Lite/py/objpolyiter.o
 .text.property_deleter
                0x0000000010085872       0x1c build-MT7687Lite/py/objproperty.o
 .text.property_setter
                0x000000001008588e       0x1c build-MT7687Lite/py/objproperty.o
 .text.property_getter
                0x00000000100858aa       0x1c build-MT7687Lite/py/objproperty.o
 *fill*         0x00000000100858c6        0x2 
 .text.property_make_new
                0x00000000100858c8       0x38 build-MT7687Lite/py/objproperty.o
 .text.mp_obj_property_get
                0x0000000010085900        0x4 build-MT7687Lite/py/objproperty.o
                0x0000000010085900                mp_obj_property_get
 .text.none_print
                0x0000000010085904       0x14 build-MT7687Lite/py/objnone.o
 .text.namedtuple_print
                0x0000000010085918       0x24 build-MT7687Lite/py/objnamedtuple.o
 .text.mp_obj_namedtuple_find_field
                0x000000001008593c       0x20 build-MT7687Lite/py/objnamedtuple.o
                0x000000001008593c                mp_obj_namedtuple_find_field
 .text.namedtuple_attr
                0x000000001008595c       0x30 build-MT7687Lite/py/objnamedtuple.o
 .text.namedtuple_make_new
                0x000000001008598c       0x7a build-MT7687Lite/py/objnamedtuple.o
 .text.mp_obj_new_namedtuple_base
                0x0000000010085a06       0x3c build-MT7687Lite/py/objnamedtuple.o
                0x0000000010085a06                mp_obj_new_namedtuple_base
 *fill*         0x0000000010085a42        0x2 
 .text.new_namedtuple_type
                0x0000000010085a44       0x8c build-MT7687Lite/py/objnamedtuple.o
 .text.range_it_iternext
                0x0000000010085ad0       0x2c build-MT7687Lite/py/objrange.o
 .text.range_len
                0x0000000010085afc       0x1e build-MT7687Lite/py/objrange.o
 *fill*         0x0000000010085b1a        0x2 
 .text.range_unary_op
                0x0000000010085b1c       0x34 build-MT7687Lite/py/objrange.o
 .text.range_getiter
                0x0000000010085b50       0x1c build-MT7687Lite/py/objrange.o
 .text.range_make_new
                0x0000000010085b6c       0x68 build-MT7687Lite/py/objrange.o
 .text.range_print
                0x0000000010085bd4       0x3c build-MT7687Lite/py/objrange.o
 .text.range_subscr
                0x0000000010085c10       0x80 build-MT7687Lite/py/objrange.o
 .text.range_attr
                0x0000000010085c90       0x2e build-MT7687Lite/py/objrange.o
 .text.reversed_iternext
                0x0000000010085cbe       0x1a build-MT7687Lite/py/objreversed.o
 .text.reversed_make_new
                0x0000000010085cd8       0x50 build-MT7687Lite/py/objreversed.o
 .text.is_set_or_frozenset
                0x0000000010085d28       0x28 build-MT7687Lite/py/objset.o
 .text.set_getiter
                0x0000000010085d50       0x1c build-MT7687Lite/py/objset.o
 .text.set_add  0x0000000010085d6c       0x14 build-MT7687Lite/py/objset.o
 .text.set_discard
                0x0000000010085d80       0x14 build-MT7687Lite/py/objset.o
 .text.set_update_int
                0x0000000010085d94       0x28 build-MT7687Lite/py/objset.o
 .text.set_update
                0x0000000010085dbc       0x24 build-MT7687Lite/py/objset.o
 .text.set_symmetric_difference_update
                0x0000000010085de0       0x30 build-MT7687Lite/py/objset.o
 .text.set_isdisjoint
                0x0000000010085e10       0x3c build-MT7687Lite/py/objset.o
 .text.set_copy
                0x0000000010085e4c       0x2c build-MT7687Lite/py/objset.o
 .text.set_union
                0x0000000010085e78       0x14 build-MT7687Lite/py/objset.o
 .text.set_symmetric_difference
                0x0000000010085e8c       0x14 build-MT7687Lite/py/objset.o
 .text.set_clear
                0x0000000010085ea0       0x10 build-MT7687Lite/py/objset.o
 .text.set_diff_int
                0x0000000010085eb0       0x54 build-MT7687Lite/py/objset.o